<html>
<body>
<pre>
<h1>µVision Build Log</h1>
<h2>Tool Versions:</h2>
IDE-Version: µVision V5.17.0.0
Copyright (C) 2015 ARM Ltd and ARM Germany GmbH. All rights reserved.
License Information: Patryk Chaber, Warsaw University of Science, LIC=AK1CX-HTME0-PHK89-4K29Z-2WWZF-UB2IF
 
Tool Versions:
Toolchain:       MDK-ARM Professional  Version: 5.17
Toolchain Path:  C:\Keil_v5\ARM\ARMCC\Bin
C Compiler:      Armcc.exe V5.06 update 1 (build 61)
Assembler:       Armasm.exe V5.06 update 1 (build 61)
Linker/Locator:  ArmLink.exe V5.06 update 1 (build 61)
Library Manager: ArmAr.exe V5.06 update 1 (build 61)
Hex Converter:   FromElf.exe V5.06 update 1 (build 61)
CPU DLL:         SARMCM3.DLL V5.17
Dialog DLL:      DCM.DLL V1.13.4.0
Target DLL:      Segger\JL2CM3.dll V2.99.16.0
Dialog DLL:      TCM.DLL V1.14.6.0
 
<h2>Project:</h2>
C:\Users\Admin\Documents\GitHub\Cpp\Kompilator_skrosny\ExampleForDoktorat_Simulation_ACADO\Autogenerated_Controller\MDK-ARM\Autogenerated_Controller.uvprojx
Project File Date:  06/02/2018

<h2>Output:</h2>
*** Using Compiler 'V5.06 update 1 (build 61)', folder: 'C:\Keil_v5\ARM\ARMCC\Bin'
Build target 'Autogenerated_Controller'
compiling Utils.cpp...
compiling SubjectTo.cpp...
compiling acado_integrator.c...
..\acado\acado_common.h(283): warning:  #1295-D: Deprecated declaration acado_preparationStep - give arg types
  int acado_preparationStep(  );
..\acado\acado_common.h(289): warning:  #1295-D: Deprecated declaration acado_feedbackStep - give arg types
  int acado_feedbackStep(  );
..\acado\acado_common.h(295): warning:  #1295-D: Deprecated declaration acado_initializeSolver - give arg types
  int acado_initializeSolver(  );
..\acado\acado_common.h(299): warning:  #1295-D: Deprecated declaration acado_initializeNodesByForwardSimulation - give arg types
  void acado_initializeNodesByForwardSimulation(  );
..\acado\acado_common.h(319): warning:  #1295-D: Deprecated declaration acado_getKKT - give arg types
  real_t acado_getKKT(  );
..\acado\acado_common.h(325): warning:  #1295-D: Deprecated declaration acado_getObjective - give arg types
  real_t acado_getObjective(  );
..\acado\acado_integrator.c(37): warning:  #177-D: variable "xd" was declared but never referenced
  const real_t* xd = in;
..\acado\acado_integrator.c(72): warning:  #177-D: variable "j" was declared but never referenced
  int j;
..\acado\acado_integrator.c(73): warning:  #177-D: variable "k" was declared but never referenced
  int k;
..\acado\acado_integrator.c(75): warning:  #177-D: variable "indexMax" was declared but never referenced
  int indexMax;
..\acado\acado_integrator.c(79): warning:  #177-D: variable "valueMax" was declared but never referenced
  real_t valueMax;
..\acado\acado_integrator.c(81): warning:  #177-D: variable "temp" was declared but never referenced
  real_t temp;
..\acado\acado_integrator.c(295): warning:  #177-D: variable "k" was declared but never referenced
  int k;
..\acado\acado_integrator.c: 13 warnings, 0 errors
compiling MessageHandling.cpp...
compiling Indexlist.cpp...
compiling QProblemB.cpp...
compiling CyclingManager.cpp...
compiling Constraints.cpp...
compiling Bounds.cpp...
compiling acado_solver.c...
..\acado\acado_common.h(283): warning:  #1295-D: Deprecated declaration acado_preparationStep - give arg types
  int acado_preparationStep(  );
..\acado\acado_common.h(289): warning:  #1295-D: Deprecated declaration acado_feedbackStep - give arg types
  int acado_feedbackStep(  );
..\acado\acado_common.h(295): warning:  #1295-D: Deprecated declaration acado_initializeSolver - give arg types
  int acado_initializeSolver(  );
..\acado\acado_common.h(299): warning:  #1295-D: Deprecated declaration acado_initializeNodesByForwardSimulation - give arg types
  void acado_initializeNodesByForwardSimulation(  );
..\acado\acado_common.h(319): warning:  #1295-D: Deprecated declaration acado_getKKT - give arg types
  real_t acado_getKKT(  );
..\acado\acado_common.h(325): warning:  #1295-D: Deprecated declaration acado_getObjective - give arg types
  real_t acado_getObjective(  );
..\acado\acado_solver.c: 6 warnings, 0 errors
compiling acado_qpoases_interface.cpp...
compiling main_mpc.c...
..\acado\acado_common.h(283): warning:  #1295-D: Deprecated declaration acado_preparationStep - give arg types
  int acado_preparationStep(  );
..\acado\acado_common.h(289): warning:  #1295-D: Deprecated declaration acado_feedbackStep - give arg types
  int acado_feedbackStep(  );
..\acado\acado_common.h(295): warning:  #1295-D: Deprecated declaration acado_initializeSolver - give arg types
  int acado_initializeSolver(  );
..\acado\acado_common.h(299): warning:  #1295-D: Deprecated declaration acado_initializeNodesByForwardSimulation - give arg types
  void acado_initializeNodesByForwardSimulation(  );
..\acado\acado_common.h(319): warning:  #1295-D: Deprecated declaration acado_getKKT - give arg types
  real_t acado_getKKT(  );
..\acado\acado_common.h(325): warning:  #1295-D: Deprecated declaration acado_getObjective - give arg types
  real_t acado_getObjective(  );
..\Src\main_mpc.c(86): warning:  #177-D: variable "i" was declared but never referenced
  	int i;
..\Src\main_mpc.c(210): warning:  #111-D: statement is unreachable
  	return 0;
..\Src\main_mpc.c(160): warning:  #177-D: variable "j" was declared but never referenced
  	int i,j;
..\Src\main_mpc.c: 9 warnings, 0 errors
compiling QProblem.cpp...
linking...
Program Size: Code=76512 RO-data=592 RW-data=112 ZI-data=179424  
"Open746I-Regulator\Autogenerated_Controller.axf" - 0 Error(s), 28 Warning(s).

<h2>Software Packages used:</h2>

Package Vendor: ARM
                http://www.keil.com/pack/ARM.CMSIS.5.3.0.pack
                ARM::CMSIS:CORE:5.1.1
                CMSIS (Cortex Microcontroller Software Interface Standard)
   * Component: CORE Version: 5.1.1

<h2>Collection of Component include folders:</h2>
  C:\Users\Admin\Documents\GitHub\Cpp\Kompilator_skrosny\ExampleForDoktorat_Simulation_ACADO\Autogenerated_Controller\MDK-ARM\RTE
  C:\Keil_v5\ARM\PACK\ARM\CMSIS\5.3.0\CMSIS\Include
  C:\Keil_v5\ARM\PACK\Keil\STM32F7xx_DFP\2.9.0\Drivers\CMSIS\Device\ST\STM32F7xx\Include

<h2>Collection of Component Files used:</h2>

   * Component: ARM::CMSIS:CORE:5.1.1
Build Time Elapsed:  00:00:02
</pre>
</body>
</html>
