Component: ARM Compiler 5.06 update 1 (build 61) Tool: armlink [4d35a8]

==============================================================================

Section Cross References

    stm32f7xx_hal_flash_ex.o(i.FLASH_OB_BootAddressConfig) refers to stm32f7xx_hal_flash.o(i.FLASH_WaitForLastOperation) for FLASH_WaitForLastOperation
    stm32f7xx_hal_flash_ex.o(i.FLASH_OB_DisableWRP) refers to stm32f7xx_hal_flash.o(i.FLASH_WaitForLastOperation) for FLASH_WaitForLastOperation
    stm32f7xx_hal_flash_ex.o(i.FLASH_OB_EnableWRP) refers to stm32f7xx_hal_flash.o(i.FLASH_WaitForLastOperation) for FLASH_WaitForLastOperation
    stm32f7xx_hal_flash_ex.o(i.FLASH_OB_RDP_LevelConfig) refers to stm32f7xx_hal_flash.o(i.FLASH_WaitForLastOperation) for FLASH_WaitForLastOperation
    stm32f7xx_hal_flash_ex.o(i.FLASH_OB_UserConfig) refers to stm32f7xx_hal_flash.o(i.FLASH_WaitForLastOperation) for FLASH_WaitForLastOperation
    stm32f7xx_hal_flash_ex.o(i.HAL_FLASHEx_Erase) refers to stm32f7xx_hal_flash.o(i.FLASH_WaitForLastOperation) for FLASH_WaitForLastOperation
    stm32f7xx_hal_flash_ex.o(i.HAL_FLASHEx_Erase) refers to stm32f7xx_hal_flash_ex.o(i.FLASH_MassErase) for FLASH_MassErase
    stm32f7xx_hal_flash_ex.o(i.HAL_FLASHEx_Erase) refers to stm32f7xx_hal_flash_ex.o(i.FLASH_Erase_Sector) for FLASH_Erase_Sector
    stm32f7xx_hal_flash_ex.o(i.HAL_FLASHEx_Erase) refers to stm32f7xx_hal_flash.o(.bss) for pFlash
    stm32f7xx_hal_flash_ex.o(i.HAL_FLASHEx_Erase_IT) refers to stm32f7xx_hal_flash_ex.o(i.FLASH_MassErase) for FLASH_MassErase
    stm32f7xx_hal_flash_ex.o(i.HAL_FLASHEx_Erase_IT) refers to stm32f7xx_hal_flash_ex.o(i.FLASH_Erase_Sector) for FLASH_Erase_Sector
    stm32f7xx_hal_flash_ex.o(i.HAL_FLASHEx_Erase_IT) refers to stm32f7xx_hal_flash.o(.bss) for pFlash
    stm32f7xx_hal_flash_ex.o(i.HAL_FLASHEx_OBGetConfig) refers to stm32f7xx_hal_flash_ex.o(i.FLASH_OB_GetWRP) for FLASH_OB_GetWRP
    stm32f7xx_hal_flash_ex.o(i.HAL_FLASHEx_OBGetConfig) refers to stm32f7xx_hal_flash_ex.o(i.FLASH_OB_GetRDP) for FLASH_OB_GetRDP
    stm32f7xx_hal_flash_ex.o(i.HAL_FLASHEx_OBGetConfig) refers to stm32f7xx_hal_flash_ex.o(i.FLASH_OB_GetUser) for FLASH_OB_GetUser
    stm32f7xx_hal_flash_ex.o(i.HAL_FLASHEx_OBGetConfig) refers to stm32f7xx_hal_flash_ex.o(i.FLASH_OB_GetBOR) for FLASH_OB_GetBOR
    stm32f7xx_hal_flash_ex.o(i.HAL_FLASHEx_OBGetConfig) refers to stm32f7xx_hal_flash_ex.o(i.FLASH_OB_GetBootAddress) for FLASH_OB_GetBootAddress
    stm32f7xx_hal_flash_ex.o(i.HAL_FLASHEx_OBProgram) refers to stm32f7xx_hal_flash_ex.o(i.FLASH_OB_EnableWRP) for FLASH_OB_EnableWRP
    stm32f7xx_hal_flash_ex.o(i.HAL_FLASHEx_OBProgram) refers to stm32f7xx_hal_flash_ex.o(i.FLASH_OB_DisableWRP) for FLASH_OB_DisableWRP
    stm32f7xx_hal_flash_ex.o(i.HAL_FLASHEx_OBProgram) refers to stm32f7xx_hal_flash_ex.o(i.FLASH_OB_RDP_LevelConfig) for FLASH_OB_RDP_LevelConfig
    stm32f7xx_hal_flash_ex.o(i.HAL_FLASHEx_OBProgram) refers to stm32f7xx_hal_flash_ex.o(i.FLASH_OB_UserConfig) for FLASH_OB_UserConfig
    stm32f7xx_hal_flash_ex.o(i.HAL_FLASHEx_OBProgram) refers to stm32f7xx_hal_flash_ex.o(i.FLASH_OB_BOR_LevelConfig) for FLASH_OB_BOR_LevelConfig
    stm32f7xx_hal_flash_ex.o(i.HAL_FLASHEx_OBProgram) refers to stm32f7xx_hal_flash_ex.o(i.FLASH_OB_BootAddressConfig) for FLASH_OB_BootAddressConfig
    stm32f7xx_hal_flash_ex.o(i.HAL_FLASHEx_OBProgram) refers to stm32f7xx_hal_flash.o(.bss) for pFlash
    stm32f7xx_hal_dma_ex.o(i.HAL_DMAEx_MultiBufferStart) refers to stm32f7xx_hal_dma_ex.o(i.DMA_MultiBufferSetConfig) for DMA_MultiBufferSetConfig
    stm32f7xx_hal_dma_ex.o(i.HAL_DMAEx_MultiBufferStart_IT) refers to stm32f7xx_hal_dma_ex.o(i.DMA_MultiBufferSetConfig) for DMA_MultiBufferSetConfig
    stm32f7xx_hal_tim_ex.o(i.HAL_TIMEx_ConfigCommutationEvent_DMA) refers to stm32f7xx_hal_tim_ex.o(i.TIMEx_DMACommutationCplt) for TIMEx_DMACommutationCplt
    stm32f7xx_hal_tim_ex.o(i.HAL_TIMEx_ConfigCommutationEvent_DMA) refers to stm32f7xx_hal_tim.o(i.TIM_DMAError) for TIM_DMAError
    stm32f7xx_hal_tim_ex.o(i.HAL_TIMEx_HallSensor_DeInit) refers to stm32f7xx_hal_tim_ex.o(i.HAL_TIMEx_HallSensor_MspDeInit) for HAL_TIMEx_HallSensor_MspDeInit
    stm32f7xx_hal_tim_ex.o(i.HAL_TIMEx_HallSensor_Init) refers to stm32f7xx_hal_tim_ex.o(i.HAL_TIMEx_HallSensor_MspInit) for HAL_TIMEx_HallSensor_MspInit
    stm32f7xx_hal_tim_ex.o(i.HAL_TIMEx_HallSensor_Init) refers to stm32f7xx_hal_tim.o(i.TIM_Base_SetConfig) for TIM_Base_SetConfig
    stm32f7xx_hal_tim_ex.o(i.HAL_TIMEx_HallSensor_Init) refers to stm32f7xx_hal_tim.o(i.TIM_TI1_SetConfig) for TIM_TI1_SetConfig
    stm32f7xx_hal_tim_ex.o(i.HAL_TIMEx_HallSensor_Init) refers to stm32f7xx_hal_tim.o(i.TIM_OC2_SetConfig) for TIM_OC2_SetConfig
    stm32f7xx_hal_tim_ex.o(i.HAL_TIMEx_HallSensor_Start) refers to stm32f7xx_hal_tim.o(i.TIM_CCxChannelCmd) for TIM_CCxChannelCmd
    stm32f7xx_hal_tim_ex.o(i.HAL_TIMEx_HallSensor_Start_DMA) refers to stm32f7xx_hal_tim.o(i.TIM_CCxChannelCmd) for TIM_CCxChannelCmd
[...]
    i.MX_USART6_UART_Init                    0x08004df4   Section        0  low_lvl_main.o(i.MX_USART6_UART_Init)
    MX_USART6_UART_Init                      0x08004df5   Thumb Code    62  low_lvl_main.o(i.MX_USART6_UART_Init)
    i.NVIC_GetPriorityGrouping               0x08004e54   Section        0  stm32f7xx_hal_cortex.o(i.NVIC_GetPriorityGrouping)
    NVIC_GetPriorityGrouping                 0x08004e55   Thumb Code    10  stm32f7xx_hal_cortex.o(i.NVIC_GetPriorityGrouping)
    i.NVIC_SetPriority                       0x08004e64   Section        0  stm32f7xx_hal_cortex.o(i.NVIC_SetPriority)
    NVIC_SetPriority                         0x08004e65   Thumb Code    32  stm32f7xx_hal_cortex.o(i.NVIC_SetPriority)
    i.PendSV_Handler                         0x08004e8c   Section        0  stm32f7xx_it.o(i.PendSV_Handler)
    i.SVC_Handler                            0x08004e8e   Section        0  stm32f7xx_it.o(i.SVC_Handler)
    i.SysTick_Handler                        0x08004e90   Section        0  stm32f7xx_it.o(i.SysTick_Handler)
    i.SystemClock_Config                     0x08004e9c   Section        0  low_lvl_main.o(i.SystemClock_Config)
    i.SystemInit                             0x08004fa4   Section        0  system_stm32f7xx.o(i.SystemInit)
    i.TIM2_IRQHandler                        0x08005008   Section        0  stm32f7xx_it.o(i.TIM2_IRQHandler)
    i.TIM_Base_SetConfig                     0x08005018   Section        0  stm32f7xx_hal_tim.o(i.TIM_Base_SetConfig)
    i.TIM_ETR_SetConfig                      0x08005108   Section        0  stm32f7xx_hal_tim.o(i.TIM_ETR_SetConfig)
    i.TIM_ITRx_SetConfig                     0x08005120   Section        0  stm32f7xx_hal_tim.o(i.TIM_ITRx_SetConfig)
    TIM_ITRx_SetConfig                       0x08005121   Thumb Code    20  stm32f7xx_hal_tim.o(i.TIM_ITRx_SetConfig)
    i.TIM_TI1_ConfigInputStage               0x08005134   Section        0  stm32f7xx_hal_tim.o(i.TIM_TI1_ConfigInputStage)
    TIM_TI1_ConfigInputStage                 0x08005135   Thumb Code    42  stm32f7xx_hal_tim.o(i.TIM_TI1_ConfigInputStage)
    i.TIM_TI2_ConfigInputStage               0x0800515e   Section        0  stm32f7xx_hal_tim.o(i.TIM_TI2_ConfigInputStage)
    TIM_TI2_ConfigInputStage                 0x0800515f   Thumb Code    44  stm32f7xx_hal_tim.o(i.TIM_TI2_ConfigInputStage)
    i.UART_AdvFeatureConfig                  0x0800518a   Section        0  stm32f7xx_hal_uart.o(i.UART_AdvFeatureConfig)
    i.UART_CheckIdleState                    0x08005274   Section        0  stm32f7xx_hal_uart.o(i.UART_CheckIdleState)
    i.UART_DMAAbortOnError                   0x080052c2   Section        0  stm32f7xx_hal_uart.o(i.UART_DMAAbortOnError)
    UART_DMAAbortOnError                     0x080052c3   Thumb Code    24  stm32f7xx_hal_uart.o(i.UART_DMAAbortOnError)
    i.UART_DMAError                          0x080052da   Section        0  stm32f7xx_hal_uart.o(i.UART_DMAError)
    UART_DMAError                            0x080052db   Thumb Code    78  stm32f7xx_hal_uart.o(i.UART_DMAError)
    i.UART_DMAReceiveCplt                    0x08005328   Section        0  stm32f7xx_hal_uart.o(i.UART_DMAReceiveCplt)
    UART_DMAReceiveCplt                      0x08005329   Thumb Code    72  stm32f7xx_hal_uart.o(i.UART_DMAReceiveCplt)
    i.UART_DMARxHalfCplt                     0x08005370   Section        0  stm32f7xx_hal_uart.o(i.UART_DMARxHalfCplt)
    UART_DMARxHalfCplt                       0x08005371   Thumb Code    14  stm32f7xx_hal_uart.o(i.UART_DMARxHalfCplt)
    i.UART_DMATransmitCplt                   0x0800537e   Section        0  stm32f7xx_hal_uart.o(i.UART_DMATransmitCplt)
    UART_DMATransmitCplt                     0x0800537f   Thumb Code    56  stm32f7xx_hal_uart.o(i.UART_DMATransmitCplt)
    i.UART_DMATxHalfCplt                     0x080053b6   Section        0  stm32f7xx_hal_uart.o(i.UART_DMATxHalfCplt)
    UART_DMATxHalfCplt                       0x080053b7   Thumb Code    14  stm32f7xx_hal_uart.o(i.UART_DMATxHalfCplt)
    i.UART_EndRxTransfer                     0x080053c4   Section        0  stm32f7xx_hal_uart.o(i.UART_EndRxTransfer)
    UART_EndRxTransfer                       0x080053c5   Thumb Code    32  stm32f7xx_hal_uart.o(i.UART_EndRxTransfer)
    i.UART_EndTransmit_IT                    0x080053e4   Section        0  stm32f7xx_hal_uart.o(i.UART_EndTransmit_IT)
    UART_EndTransmit_IT                      0x080053e5   Thumb Code    32  stm32f7xx_hal_uart.o(i.UART_EndTransmit_IT)
    i.UART_EndTxTransfer                     0x08005404   Section        0  stm32f7xx_hal_uart.o(i.UART_EndTxTransfer)
    UART_EndTxTransfer                       0x08005405   Thumb Code    20  stm32f7xx_hal_uart.o(i.UART_EndTxTransfer)
    i.UART_Receive_IT                        0x08005418   Section        0  stm32f7xx_hal_uart.o(i.UART_Receive_IT)
    UART_Receive_IT                          0x08005419   Thumb Code   136  stm32f7xx_hal_uart.o(i.UART_Receive_IT)
    i.UART_SetConfig                         0x080054a0   Section        0  stm32f7xx_hal_uart.o(i.UART_SetConfig)
    i.UART_Transmit_IT                       0x0800582c   Section        0  stm32f7xx_hal_uart.o(i.UART_Transmit_IT)
    UART_Transmit_IT                         0x0800582d   Thumb Code   106  stm32f7xx_hal_uart.o(i.UART_Transmit_IT)
    i.UART_WaitOnFlagUntilTimeout            0x08005896   Section        0  stm32f7xx_hal_uart.o(i.UART_WaitOnFlagUntilTimeout)
    i.USART1_IRQHandler                      0x08005904   Section        0  stm32f7xx_it.o(i.USART1_IRQHandler)
    i.USART6_IRQHandler                      0x08005914   Section        0  stm32f7xx_it.o(i.USART6_IRQHandler)
    i._Error_Handler                         0x08005924   Section        0  low_lvl_main.o(i._Error_Handler)
    i.__0printf                              0x08005928   Section        0  printfa.o(i.__0printf)
    i.__0sprintf                             0x08005948   Section        0  printfa.o(i.__0sprintf)
    i.__getMasterControlValue                0x08005970   Section        0  low_lvl_main.o(i.__getMasterControlValue)
    i.__hardfp_fabs                          0x080059c0   Section        0  fabs.o(i.__hardfp_fabs)
    i.__hardfp_fmin                          0x080059d4   Section        0  fmin.o(i.__hardfp_fmin)
    i.__hardfp_sqrt                          0x08005a48   Section        0  sqrt.o(i.__hardfp_sqrt)
    i.__measureOutput                        0x08005ac4   Section        0  low_lvl_main.o(i.__measureOutput)
    i.__scatterload_copy                     0x08005acc   Section       14  handlers.o(i.__scatterload_copy)
    i.__scatterload_null                     0x08005ada   Section        2  handlers.o(i.__scatterload_null)
    i.__scatterload_zeroinit                 0x08005adc   Section       14  handlers.o(i.__scatterload_zeroinit)
    i.__setControlValue                      0x08005aec   Section        0  low_lvl_main.o(i.__setControlValue)
    i.__set_errno                            0x08005b44   Section        0  errno.o(i.__set_errno)
    i._fp_digits                             0x08005b50   Section        0  printfa.o(i._fp_digits)
    _fp_digits                               0x08005b51   Thumb Code   334  printfa.o(i._fp_digits)
    i._printf_core                           0x08005cb4   Section        0  printfa.o(i._printf_core)
    _printf_core                             0x08005cb5   Thumb Code  1744  printfa.o(i._printf_core)
    i._printf_post_padding                   0x08006390   Section        0  printfa.o(i._printf_post_padding)
    _printf_post_padding                     0x08006391   Thumb Code    36  printfa.o(i._printf_post_padding)
    i._printf_pre_padding                    0x080063b4   Section        0  printfa.o(i._printf_pre_padding)
    _printf_pre_padding                      0x080063b5   Thumb Code    46  printfa.o(i._printf_pre_padding)
    i._sputc                                 0x080063e2   Section        0  printfa.o(i._sputc)
    _sputc                                   0x080063e3   Thumb Code    10  printfa.o(i._sputc)
    i.controller_setup                       0x080063ec   Section        0  main_mpc.o(i.controller_setup)
    i.controls                               0x08006438   Section        0  main_mpc.o(i.controls)
    i.create_matrix                          0x0800647c   Section        0  mpctools.o(i.create_matrix)
    create_matrix                            0x0800647d   Thumb Code    44  mpctools.o(i.create_matrix)
    i.create_vector                          0x080064a8   Section        0  mpctools.o(i.create_vector)
    create_vector                            0x080064a9   Thumb Code    12  mpctools.o(i.create_vector)
    i.dtablica                               0x080064b4   Section        0  alokacja_nr.o(i.dtablica)
    i.dtablica3                              0x0800654c   Section        0  alokacja_nr.o(i.dtablica3)
    i.dwektor                                0x080066b0   Section        0  alokacja_nr.o(i.dwektor)
    i.fputc                                  0x080066e4   Section        0  fputc.o(i.fputc)
    i.get_time                               0x080066f6   Section        0  main_mpc.o(i.get_time)
    i.hardware_setup                         0x08006700   Section        0  main_mpc.o(i.hardware_setup)
    i.idle                                   0x08006728   Section        0  main_mpc.o(i.idle)
    i.iloczynaat                             0x080067c0   Section        0  obl_macierzowe.o(i.iloczynaat)
    i.iloczynab                              0x08006824   Section        0  obl_macierzowe.o(i.iloczynab)
    i.iloczynabt                             0x08006894   Section        0  obl_macierzowe.o(i.iloczynabt)
    i.iloczynatb                             0x08006904   Section        0  obl_macierzowe.o(i.iloczynatb)
    i.iloczynatw                             0x08006974   Section        0  obl_macierzowe.o(i.iloczynatw)
    i.iloczynaw                              0x080069c8   Section        0  obl_macierzowe.o(i.iloczynaw)
    i.iloczynwwt                             0x08006a1c   Section        0  obl_macierzowe.o(i.iloczynwwt)
    i.inicjalizacjapk                        0x08006a5c   Section        0  pk.o(i.inicjalizacjapk)
    i.init_archive_data                      0x08006d20   Section        0  mpctools.o(i.init_archive_data)
    i.init_current_control                   0x08006e18   Section        0  mpctools.o(i.init_current_control)
    i.liczwyzn                               0x08006e78   Section        0  pk.o(i.liczwyzn)
    i.liczwyznmacodwr                        0x08006e9c   Section        0  pk.o(i.liczwyznmacodwr)
    i.loop                                   0x08007240   Section        0  main_mpc.o(i.loop)
    i.low_lvl_main                           0x08007278   Section        0  low_lvl_main.o(i.low_lvl_main)
    i.lwektor                                0x080072c8   Section        0  alokacja_nr.o(i.lwektor)
    i.main                                   0x080072fc   Section        0  main.o(i.main)
    i.main_interrupt                         0x08007300   Section        0  main.o(i.main_interrupt)
    i.malloc                                 0x08007338   Section        0  malloc.o(i.malloc)
    i.measureOutput                          0x080073a4   Section        0  main_mpc.o(i.measureOutput)
    i.measurements                           0x080073ac   Section        0  main_mpc.o(i.measurements)
    i.new_control                            0x080073c4   Section        0  mpctools.o(i.new_control)
    i.new_control_increment                  0x08007466   Section        0  mpctools.o(i.new_control_increment)
    i.new_output                             0x08007506   Section        0  mpctools.o(i.new_output)
    i.piszkomunikat                          0x0800755c   Section        0  alokacja_nr.o(i.piszkomunikat)
    i.pk                                     0x08007578   Section        0  pk.o(i.pk)
    i.pkr                                    0x080078a8   Section        0  pk.o(i.pkr)
    i.pobierzA                               0x08008124   Section        0  pk.o(i.pobierzA)
    i.pobierzG                               0x08008130   Section        0  pk.o(i.pobierzG)
    i.pobierzb                               0x0800813c   Section        0  pk.o(i.pobierzb)
    i.pobierzt                               0x08008148   Section        0  pk.o(i.pobierzt)
    i.pobierzx                               0x08008154   Section        0  pk.o(i.pobierzx)
    i.pomocniczezadpkr                       0x08008160   Section        0  pk.o(i.pomocniczezadpkr)
    i.proposeControlValue                    0x080082c0   Section        0  main_mpc.o(i.proposeControlValue)
    i.pushCurrentControlsToArchiveData       0x080082e0   Section        0  mpctools.o(i.pushCurrentControlsToArchiveData)
    i.rozklu                                 0x08008300   Section        0  pk.o(i.rozklu)
    i.rozkqr                                 0x080085b0   Section        0  pk.o(i.rozkqr)
    i.setCurrentControl                      0x08008b4c   Section        0  mpctools.o(i.setCurrentControl)
    i.setCurrentControlIncrement             0x08008b54   Section        0  mpctools.o(i.setCurrentControlIncrement)
    i.sumaww                                 0x08008b5c   Section        0  obl_macierzowe.o(i.sumaww)
    i.testogr                                0x08008bb8   Section        0  pk.o(i.testogr)
    i.timeout                                0x08008cf8   Section        0  main_mpc.o(i.timeout)
    i.timer_loop                             0x08008cfc   Section        0  main.o(i.timer_loop)
    i.ustawilogr                             0x08008d24   Section        0  pk.o(i.ustawilogr)
    i.ustawilzm                              0x08008d30   Section        0  pk.o(i.ustawilzm)
    i.write_string                           0x08008d3c   Section        0  low_lvl_main.o(i.write_string)
    i.znak                                   0x08008d88   Section        0  pk.o(i.znak)
    .constdata                               0x08008da2   Section        8  stm32f7xx_hal_dma.o(.constdata)
    flagBitshiftOffset                       0x08008da2   Data           8  stm32f7xx_hal_dma.o(.constdata)
    .constdata                               0x08008daa   Section       24  system_stm32f7xx.o(.constdata)
    .data                                    0x20000000   Section        4  stm32f7xx_hal.o(.data)
    .data                                    0x20000004   Section        4  system_stm32f7xx.o(.data)
    .data                                    0x20000008   Section       24  low_lvl_main.o(.data)
    sum                                      0x20000018   Data           4  low_lvl_main.o(.data)
    i                                        0x2000001c   Data           4  low_lvl_main.o(.data)
    .data                                    0x20000020   Section        4  main.o(.data)
    .data                                    0x20000024   Section      156  pk.o(.data)
    pk_ilzm                                  0x20000024   Data           4  pk.o(.data)
    pk_ilogr                                 0x20000028   Data           4  pk.o(.data)
    pk_ilor                                  0x2000002c   Data           4  pk.o(.data)
    pk_nrnzal                                0x20000030   Data           4  pk.o(.data)
    pkr_xr                                   0x20000034   Data           4  pk.o(.data)
    pkr_lambdar                              0x20000038   Data           4  pk.o(.data)
    pkr_Gr                                   0x2000003c   Data           4  pk.o(.data)
    pkr_tr                                   0x20000040   Data           4  pk.o(.data)
    pkr_S                                    0x20000044   Data           4  pk.o(.data)
    pkr_Z                                    0x20000048   Data           4  pk.o(.data)
    pkr_Ar                                   0x2000004c   Data           4  pk.o(.data)
    pkr_br                                   0x20000050   Data           4  pk.o(.data)
    qr_a                                     0x20000054   Data           4  pk.o(.data)
    qr_q                                     0x20000058   Data           4  pk.o(.data)
    qr_r                                     0x2000005c   Data           4  pk.o(.data)
    pk_A                                     0x20000060   Data           4  pk.o(.data)
    pk_b                                     0x20000064   Data           4  pk.o(.data)
    pk_x                                     0x20000068   Data           4  pk.o(.data)
    pk_lambda                                0x2000006c   Data           4  pk.o(.data)
    pk_G                                     0x20000070   Data           4  pk.o(.data)
    pk_t                                     0x20000074   Data           4  pk.o(.data)
    pk_epsogr                                0x20000078   Data           4  pk.o(.data)
    pk_zero                                  0x2000007c   Data           4  pk.o(.data)
    pk_ilograkt                              0x20000080   Data           4  pk.o(.data)
    pk_akt                                   0x20000084   Data           4  pk.o(.data)
    pk_nrakt                                 0x20000088   Data           4  pk.o(.data)
    lu_kopiama                               0x2000008c   Data           4  pk.o(.data)
    lu_ml                                    0x20000090   Data           4  pk.o(.data)
    lu_iloczyn                               0x20000094   Data           4  pk.o(.data)
    lu_wy                                    0x20000098   Data           4  pk.o(.data)
    lu_wx                                    0x2000009c   Data           4  pk.o(.data)
    lu_pusta                                 0x200000a0   Data           4  pk.o(.data)
    lu_ind                                   0x200000a4   Data           4  pk.o(.data)
    pk_wp1                                   0x200000a8   Data           4  pk.o(.data)
    pk_wp2                                   0x200000ac   Data           4  pk.o(.data)
    pk_wp3                                   0x200000b0   Data           4  pk.o(.data)
    pk_mp1                                   0x200000b4   Data           4  pk.o(.data)
    pk_mp2                                   0x200000b8   Data           4  pk.o(.data)
    pk_mp3                                   0x200000bc   Data           4  pk.o(.data)
    .data                                    0x200000c0   Section      164  main_mpc.o(.data)
    control_values                           0x200000c4   Data           4  main_mpc.o(.data)
    ind                                      0x200000c8   Data           4  main_mpc.o(.data)
    txt                                      0x200000cc   Data           3  main_mpc.o(.data)
    stages                                   0x200000cf   Data           5  main_mpc.o(.data)
    Kyzad                                    0x200000d4   Data           4  main_mpc.o(.data)
    Ku                                       0x200000d8   Data           8  main_mpc.o(.data)
    Ky                                       0x200000e0   Data          12  main_mpc.o(.data)
    r                                        0x200000ec   Data           4  main_mpc.o(.data)
    m                                        0x200000f0   Data           4  main_mpc.o(.data)
    n                                        0x200000f4   Data           4  main_mpc.o(.data)
    j                                        0x200000f8   Data           4  main_mpc.o(.data)
    du                                       0x200000fc   Data           4  main_mpc.o(.data)
    m                                        0x20000100   Data           4  main_mpc.o(.data)
    i                                        0x20000104   Data           4  main_mpc.o(.data)
    j                                        0x20000108   Data           4  main_mpc.o(.data)
    p                                        0x2000010c   Data           4  main_mpc.o(.data)
    n                                        0x20000110   Data           4  main_mpc.o(.data)
    l                                        0x20000114   Data           4  main_mpc.o(.data)
    ymod                                     0x20000118   Data           4  main_mpc.o(.data)
    ddmc                                     0x2000011c   Data           4  main_mpc.o(.data)
    liczba                                   0x20000120   Data           4  main_mpc.o(.data)
    du                                       0x20000124   Data           4  main_mpc.o(.data)
    reg_M                                    0x20000128   Data           4  main_mpc.o(.data)
    reg_PSI                                  0x2000012c   Data           4  main_mpc.o(.data)
    reg_LAMBDA                               0x20000130   Data           4  main_mpc.o(.data)
    mod_wspa                                 0x20000134   Data           4  main_mpc.o(.data)
    mod_wspb                                 0x20000138   Data           4  main_mpc.o(.data)
    reg_Yzad                                 0x2000013c   Data           4  main_mpc.o(.data)
    reg_Y0                                   0x20000140   Data           4  main_mpc.o(.data)
    pk_A                                     0x20000144   Data           4  main_mpc.o(.data)
    pk_G                                     0x20000148   Data           4  main_mpc.o(.data)
    pk_b                                     0x2000014c   Data           4  main_mpc.o(.data)
    pk_t                                     0x20000150   Data           4  main_mpc.o(.data)
    pk_x                                     0x20000154   Data           4  main_mpc.o(.data)
    reg_wp1                                  0x20000158   Data           4  main_mpc.o(.data)
    reg_mp1                                  0x2000015c   Data           4  main_mpc.o(.data)
    reg_gpc_y0                               0x20000160   Data           4  main_mpc.o(.data)
    .data                                    0x20000164   Section        4  stdout.o(.data)
    .data                                    0x20000168   Section        4  mvars.o(.data)
    .data                                    0x2000016c   Section        4  mvars.o(.data)
    .data                                    0x20000170   Section        4  errno.o(.data)
    _errno                                   0x20000170   Data           4  errno.o(.data)
    .bss                                     0x20000174   Section     1304  low_lvl_main.o(.bss)
    .bss                                     0x2000068c   Section      164  main_mpc.o(.bss)
    HEAP                                     0x20000730   Section    131072  startup_stm32f746xx.o(HEAP)
    STACK                                    0x20020730   Section    16384  startup_stm32f746xx.o(STACK)

    Global Symbols

    Symbol Name                              Value     Ov Type        Size  Object(Section)

    BuildAttributes$$THM_ISAv4$E$P$D$K$B$S$7EM$VFPi5$EXTD16$VFPS$VFMA$PE$PLD8$A:L22UL41UL21$X:L11$S22US41US21$IEEE1$IW$USESV6$~STKCKD$USESV7$~SHL$OTIME$ROPI$IEEEJ$EBA8$MICROLIB$REQ8$PRES8$EABIv2 0x00000000   Number         0  anon$$obj.o ABSOLUTE
    __ARM_use_no_argv                        0x00000000   Number         0  main.o ABSOLUTE
    _printf_a                                0x00000000   Number         0  stubs.o ABSOLUTE
    _printf_c                                0x00000000   Number         0  stubs.o ABSOLUTE
    _printf_charcount                        0x00000000   Number         0  stubs.o ABSOLUTE
    _printf_d                                0x00000000   Number         0  stubs.o ABSOLUTE
    _printf_e                                0x00000000   Number         0  stubs.o ABSOLUTE
    _printf_f                                0x00000000   Number         0  stubs.o ABSOLUTE
    _printf_flags                            0x00000000   Number         0  stubs.o ABSOLUTE
    _printf_fp_dec                           0x00000000   Number         0  stubs.o ABSOLUTE
    _printf_fp_hex                           0x00000000   Number         0  stubs.o ABSOLUTE
    _printf_g                                0x00000000   Number         0  stubs.o ABSOLUTE
    _printf_i                                0x00000000   Number         0  stubs.o ABSOLUTE
    _printf_int_dec                          0x00000000   Number         0  stubs.o ABSOLUTE
    _printf_l                                0x00000000   Number         0  stubs.o ABSOLUTE
    _printf_lc                               0x00000000   Number         0  stubs.o ABSOLUTE
    _printf_ll                               0x00000000   Number         0  stubs.o ABSOLUTE
    _printf_lld                              0x00000000   Number         0  stubs.o ABSOLUTE
    _printf_lli                              0x00000000   Number         0  stubs.o ABSOLUTE
    _printf_llo                              0x00000000   Number         0  stubs.o ABSOLUTE
    _printf_llu                              0x00000000   Number         0  stubs.o ABSOLUTE
    _printf_llx                              0x00000000   Number         0  stubs.o ABSOLUTE
    _printf_longlong_dec                     0x00000000   Number         0  stubs.o ABSOLUTE
    _printf_longlong_hex                     0x00000000   Number         0  stubs.o ABSOLUTE
    _printf_longlong_oct                     0x00000000   Number         0  stubs.o ABSOLUTE
    _printf_ls                               0x00000000   Number         0  stubs.o ABSOLUTE
    _printf_mbtowc                           0x00000000   Number         0  stubs.o ABSOLUTE
    _printf_n                                0x00000000   Number         0  stubs.o ABSOLUTE
    _printf_o                                0x00000000   Number         0  stubs.o ABSOLUTE
    _printf_p                                0x00000000   Number         0  stubs.o ABSOLUTE
    _printf_percent                          0x00000000   Number         0  stubs.o ABSOLUTE
    _printf_pre_padding                      0x00000000   Number         0  stubs.o ABSOLUTE
    _printf_return_value                     0x00000000   Number         0  stubs.o ABSOLUTE
    _printf_s                                0x00000000   Number         0  stubs.o ABSOLUTE
    _printf_sizespec                         0x00000000   Number         0  stubs.o ABSOLUTE
    _printf_str                              0x00000000   Number         0  stubs.o ABSOLUTE
    _printf_truncate_signed                  0x00000000   Number         0  stubs.o ABSOLUTE
    _printf_truncate_unsigned                0x00000000   Number         0  stubs.o ABSOLUTE
    _printf_u                                0x00000000   Number         0  stubs.o ABSOLUTE
    _printf_wc                               0x00000000   Number         0  stubs.o ABSOLUTE
    _printf_wctomb                           0x00000000   Number         0  stubs.o ABSOLUTE
    _printf_widthprec                        0x00000000   Number         0  stubs.o ABSOLUTE
    _printf_x                                0x00000000   Number         0  stubs.o ABSOLUTE
    __cpp_initialize__aeabi_                  - Undefined Weak Reference
    __cxa_finalize                            - Undefined Weak Reference
    _clock_init                               - Undefined Weak Reference
    _microlib_exit                            - Undefined Weak Reference
    __Vectors_Size                           0x000001c8   Number         0  startup_stm32f746xx.o ABSOLUTE
    __Vectors                                0x08000000   Data           4  startup_stm32f746xx.o(RESET)
    __Vectors_End                            0x080001c8   Data           0  startup_stm32f746xx.o(RESET)
    __main                                   0x080001c9   Thumb Code     0  entry.o(.ARM.Collect$$$$00000000)
    _main_stk                                0x080001c9   Thumb Code     0  entry2.o(.ARM.Collect$$$$00000001)
    _main_scatterload                        0x080001cd   Thumb Code     0  entry5.o(.ARM.Collect$$$$00000004)
    __main_after_scatterload                 0x080001d1   Thumb Code     0  entry5.o(.ARM.Collect$$$$00000004)
    _main_clock                              0x080001d1   Thumb Code     0  entry7b.o(.ARM.Collect$$$$00000008)
    _main_cpp_init                           0x080001d1   Thumb Code     0  entry8b.o(.ARM.Collect$$$$0000000A)
    _main_init                               0x080001d1   Thumb Code     0  entry9a.o(.ARM.Collect$$$$0000000B)
    __rt_final_cpp                           0x080001d9   Thumb Code     0  entry10a.o(.ARM.Collect$$$$0000000D)
    __rt_final_exit                          0x080001d9   Thumb Code     0  entry11a.o(.ARM.Collect$$$$0000000F)
    Reset_Handler                            0x080001dd   Thumb Code     8  startup_stm32f746xx.o(.text)
    NMI_Handler                              0x080001e5   Thumb Code     2  startup_stm32f746xx.o(.text)
    HardFault_Handler                        0x080001e7   Thumb Code     2  startup_stm32f746xx.o(.text)
    MemManage_Handler                        0x080001e9   Thumb Code     2  startup_stm32f746xx.o(.text)
    BusFault_Handler                         0x080001eb   Thumb Code     2  startup_stm32f746xx.o(.text)
    UsageFault_Handler                       0x080001ed   Thumb Code     2  startup_stm32f746xx.o(.text)
    DebugMon_Handler                         0x080001f1   Thumb Code     2  startup_stm32f746xx.o(.text)
    CAN1_RX0_IRQHandler                      0x080001f7   Thumb Code     0  startup_stm32f746xx.o(.text)
    CAN1_RX1_IRQHandler                      0x080001f7   Thumb Code     0  startup_stm32f746xx.o(.text)
    CAN1_SCE_IRQHandler                      0x080001f7   Thumb Code     0  startup_stm32f746xx.o(.text)
    CAN1_TX_IRQHandler                       0x080001f7   Thumb Code     0  startup_stm32f746xx.o(.text)
    CAN2_RX0_IRQHandler                      0x080001f7   Thumb Code     0  startup_stm32f746xx.o(.text)
    CAN2_RX1_IRQHandler                      0x080001f7   Thumb Code     0  startup_stm32f746xx.o(.text)
    CAN2_SCE_IRQHandler                      0x080001f7   Thumb Code     0  startup_stm32f746xx.o(.text)
    CAN2_TX_IRQHandler                       0x080001f7   Thumb Code     0  startup_stm32f746xx.o(.text)
    CEC_IRQHandler                           0x080001f7   Thumb Code     0  startup_stm32f746xx.o(.text)
    DCMI_IRQHandler                          0x080001f7   Thumb Code     0  startup_stm32f746xx.o(.text)
    DMA1_Stream0_IRQHandler                  0x080001f7   Thumb Code     0  startup_stm32f746xx.o(.text)
    DMA1_Stream1_IRQHandler                  0x080001f7   Thumb Code     0  startup_stm32f746xx.o(.text)
    DMA1_Stream2_IRQHandler                  0x080001f7   Thumb Code     0  startup_stm32f746xx.o(.text)
    DMA1_Stream3_IRQHandler                  0x080001f7   Thumb Code     0  startup_stm32f746xx.o(.text)
    DMA1_Stream4_IRQHandler                  0x080001f7   Thumb Code     0  startup_stm32f746xx.o(.text)
    DMA1_Stream5_IRQHandler                  0x080001f7   Thumb Code     0  startup_stm32f746xx.o(.text)
    DMA1_Stream6_IRQHandler                  0x080001f7   Thumb Code     0  startup_stm32f746xx.o(.text)
    DMA1_Stream7_IRQHandler                  0x080001f7   Thumb Code     0  startup_stm32f746xx.o(.text)
    DMA2D_IRQHandler                         0x080001f7   Thumb Code     0  startup_stm32f746xx.o(.text)
    DMA2_Stream3_IRQHandler                  0x080001f7   Thumb Code     0  startup_stm32f746xx.o(.text)
    DMA2_Stream4_IRQHandler                  0x080001f7   Thumb Code     0  startup_stm32f746xx.o(.text)
    DMA2_Stream5_IRQHandler                  0x080001f7   Thumb Code     0  startup_stm32f746xx.o(.text)
    ETH_IRQHandler                           0x080001f7   Thumb Code     0  startup_stm32f746xx.o(.text)
    ETH_WKUP_IRQHandler                      0x080001f7   Thumb Code     0  startup_stm32f746xx.o(.text)
    EXTI0_IRQHandler                         0x080001f7   Thumb Code     0  startup_stm32f746xx.o(.text)
    EXTI1_IRQHandler                         0x080001f7   Thumb Code     0  startup_stm32f746xx.o(.text)
    EXTI2_IRQHandler                         0x080001f7   Thumb Code     0  startup_stm32f746xx.o(.text)
    EXTI3_IRQHandler                         0x080001f7   Thumb Code     0  startup_stm32f746xx.o(.text)
    EXTI4_IRQHandler                         0x080001f7   Thumb Code     0  startup_stm32f746xx.o(.text)
    FLASH_IRQHandler                         0x080001f7   Thumb Code     0  startup_stm32f746xx.o(.text)
    FMC_IRQHandler                           0x080001f7   Thumb Code     0  startup_stm32f746xx.o(.text)
    FPU_IRQHandler                           0x080001f7   Thumb Code     0  startup_stm32f746xx.o(.text)
    I2C1_ER_IRQHandler                       0x080001f7   Thumb Code     0  startup_stm32f746xx.o(.text)
    I2C1_EV_IRQHandler                       0x080001f7   Thumb Code     0  startup_stm32f746xx.o(.text)
    I2C2_ER_IRQHandler                       0x080001f7   Thumb Code     0  startup_stm32f746xx.o(.text)
    I2C2_EV_IRQHandler                       0x080001f7   Thumb Code     0  startup_stm32f746xx.o(.text)
    I2C3_ER_IRQHandler                       0x080001f7   Thumb Code     0  startup_stm32f746xx.o(.text)
    I2C3_EV_IRQHandler                       0x080001f7   Thumb Code     0  startup_stm32f746xx.o(.text)
    I2C4_ER_IRQHandler                       0x080001f7   Thumb Code     0  startup_stm32f746xx.o(.text)
    I2C4_EV_IRQHandler                       0x080001f7   Thumb Code     0  startup_stm32f746xx.o(.text)
    LPTIM1_IRQHandler                        0x080001f7   Thumb Code     0  startup_stm32f746xx.o(.text)
    LTDC_ER_IRQHandler                       0x080001f7   Thumb Code     0  startup_stm32f746xx.o(.text)
    LTDC_IRQHandler                          0x080001f7   Thumb Code     0  startup_stm32f746xx.o(.text)
    OTG_FS_IRQHandler                        0x080001f7   Thumb Code     0  startup_stm32f746xx.o(.text)
    OTG_FS_WKUP_IRQHandler                   0x080001f7   Thumb Code     0  startup_stm32f746xx.o(.text)
    OTG_HS_EP1_IN_IRQHandler                 0x080001f7   Thumb Code     0  startup_stm32f746xx.o(.text)
    OTG_HS_EP1_OUT_IRQHandler                0x080001f7   Thumb Code     0  startup_stm32f746xx.o(.text)
    OTG_HS_IRQHandler                        0x080001f7   Thumb Code     0  startup_stm32f746xx.o(.text)
    OTG_HS_WKUP_IRQHandler                   0x080001f7   Thumb Code     0  startup_stm32f746xx.o(.text)
    PVD_IRQHandler                           0x080001f7   Thumb Code     0  startup_stm32f746xx.o(.text)
    QUADSPI_IRQHandler                       0x080001f7   Thumb Code     0  startup_stm32f746xx.o(.text)
    RCC_IRQHandler                           0x080001f7   Thumb Code     0  startup_stm32f746xx.o(.text)
    RNG_IRQHandler                           0x080001f7   Thumb Code     0  startup_stm32f746xx.o(.text)
    RTC_Alarm_IRQHandler                     0x080001f7   Thumb Code     0  startup_stm32f746xx.o(.text)
    RTC_WKUP_IRQHandler                      0x080001f7   Thumb Code     0  startup_stm32f746xx.o(.text)
    SAI1_IRQHandler                          0x080001f7   Thumb Code     0  startup_stm32f746xx.o(.text)
    SAI2_IRQHandler                          0x080001f7   Thumb Code     0  startup_stm32f746xx.o(.text)
    SDMMC1_IRQHandler                        0x080001f7   Thumb Code     0  startup_stm32f746xx.o(.text)
    SPDIF_RX_IRQHandler                      0x080001f7   Thumb Code     0  startup_stm32f746xx.o(.text)
    SPI1_IRQHandler                          0x080001f7   Thumb Code     0  startup_stm32f746xx.o(.text)
    SPI2_IRQHandler                          0x080001f7   Thumb Code     0  startup_stm32f746xx.o(.text)
    SPI3_IRQHandler                          0x080001f7   Thumb Code     0  startup_stm32f746xx.o(.text)
    SPI4_IRQHandler                          0x080001f7   Thumb Code     0  startup_stm32f746xx.o(.text)
    SPI5_IRQHandler                          0x080001f7   Thumb Code     0  startup_stm32f746xx.o(.text)
    SPI6_IRQHandler                          0x080001f7   Thumb Code     0  startup_stm32f746xx.o(.text)
    TAMP_STAMP_IRQHandler                    0x080001f7   Thumb Code     0  startup_stm32f746xx.o(.text)
    TIM1_BRK_TIM9_IRQHandler                 0x080001f7   Thumb Code     0  startup_stm32f746xx.o(.text)
    TIM1_CC_IRQHandler                       0x080001f7   Thumb Code     0  startup_stm32f746xx.o(.text)
    TIM1_TRG_COM_TIM11_IRQHandler            0x080001f7   Thumb Code     0  startup_stm32f746xx.o(.text)
    TIM1_UP_TIM10_IRQHandler                 0x080001f7   Thumb Code     0  startup_stm32f746xx.o(.text)
    TIM3_IRQHandler                          0x080001f7   Thumb Code     0  startup_stm32f746xx.o(.text)
    TIM4_IRQHandler                          0x080001f7   Thumb Code     0  startup_stm32f746xx.o(.text)
    TIM5_IRQHandler                          0x080001f7   Thumb Code     0  startup_stm32f746xx.o(.text)
    TIM6_DAC_IRQHandler                      0x080001f7   Thumb Code     0  startup_stm32f746xx.o(.text)
    TIM7_IRQHandler                          0x080001f7   Thumb Code     0  startup_stm32f746xx.o(.text)
    TIM8_BRK_TIM12_IRQHandler                0x080001f7   Thumb Code     0  startup_stm32f746xx.o(.text)
    TIM8_CC_IRQHandler                       0x080001f7   Thumb Code     0  startup_stm32f746xx.o(.text)
    TIM8_TRG_COM_TIM14_IRQHandler            0x080001f7   Thumb Code     0  startup_stm32f746xx.o(.text)
    TIM8_UP_TIM13_IRQHandler                 0x080001f7   Thumb Code     0  startup_stm32f746xx.o(.text)
    UART4_IRQHandler                         0x080001f7   Thumb Code     0  startup_stm32f746xx.o(.text)
    UART5_IRQHandler                         0x080001f7   Thumb Code     0  startup_stm32f746xx.o(.text)
    UART7_IRQHandler                         0x080001f7   Thumb Code     0  startup_stm32f746xx.o(.text)
    UART8_IRQHandler                         0x080001f7   Thumb Code     0  startup_stm32f746xx.o(.text)
    USART2_IRQHandler                        0x080001f7   Thumb Code     0  startup_stm32f746xx.o(.text)
    USART3_IRQHandler                        0x080001f7   Thumb Code     0  startup_stm32f746xx.o(.text)
    WWDG_IRQHandler                          0x080001f7   Thumb Code     0  startup_stm32f746xx.o(.text)
    strlen                                   0x08000201   Thumb Code    14  strlen.o(.text)
    __aeabi_f2d                              0x0800020f   Thumb Code    38  f2d.o(.text)
    __aeabi_cdcmpeq                          0x08000235   Thumb Code     0  cdcmple.o(.text)
    __aeabi_cdcmple                          0x08000235   Thumb Code    48  cdcmple.o(.text)
    __aeabi_cdrcmple                         0x08000265   Thumb Code    48  cdrcmple.o(.text)
    __aeabi_d2f                              0x08000295   Thumb Code    56  d2f.o(.text)
    __aeabi_uidiv                            0x080002cd   Thumb Code     0  uidiv.o(.text)
    __aeabi_uidivmod                         0x080002cd   Thumb Code    44  uidiv.o(.text)
    __aeabi_uldivmod                         0x080002f9   Thumb Code    98  uldiv.o(.text)
    __I$use$fp                               0x0800035b   Thumb Code     0  iusefp.o(.text)
    _float_round                             0x0800035b   Thumb Code    18  fepilogue.o(.text)
    _float_epilogue                          0x0800036d   Thumb Code    92  fepilogue.o(.text)
    __aeabi_dadd                             0x080003c9   Thumb Code   322  dadd.o(.text)
    __aeabi_dsub                             0x0800050b   Thumb Code     6  dadd.o(.text)
    __aeabi_drsub                            0x08000511   Thumb Code     6  dadd.o(.text)
    __aeabi_dmul                             0x08000517   Thumb Code   228  dmul.o(.text)
    __aeabi_ddiv                             0x080005fb   Thumb Code   222  ddiv.o(.text)
    _dsqrt                                   0x080006d9   Thumb Code   162  dsqrt.o(.text)
    __aeabi_d2ulz                            0x0800077b   Thumb Code    48  dfixul.o(.text)
    __ARM_dcmp4                              0x080007ab   Thumb Code    96  dcmp4.o(.text)
    _dcmp4                                   0x080007ab   Thumb Code     0  dcmp4.o(.text)
    __scatterload                            0x0800080d   Thumb Code    28  init.o(.text)
    __scatterload_rt2                        0x0800080d   Thumb Code     0  init.o(.text)
    __aeabi_llsl                             0x08000831   Thumb Code    30  llshl.o(.text)
    __semihosting_library_function           0x08000831   Thumb Code     0  semi.o(.text)
    _ll_shift_l                              0x08000831   Thumb Code     0  llshl.o(.text)
    __aeabi_llsr                             0x0800084f   Thumb Code    32  llushr.o(.text)
    _ll_ushift_r                             0x0800084f   Thumb Code     0  llushr.o(.text)
    __aeabi_lasr                             0x0800086f   Thumb Code    36  llsshr.o(.text)
    _ll_sshift_r                             0x0800086f   Thumb Code     0  llsshr.o(.text)
    __I$use$semihosting$fputc                0x08000893   Thumb Code     0  iusesemip.o(.text)
    _double_round                            0x08000893   Thumb Code    30  depilogue.o(.text)
    _double_epilogue                         0x080008b1   Thumb Code   156  depilogue.o(.text)
    __decompress                             0x0800094d   Thumb Code     0  __dczerorl.o(.text)
    __decompress0                            0x0800094d   Thumb Code    58  __dczerorl.o(.text)
    ADC_IRQHandler                           0x08000a1d   Thumb Code    10  stm32f7xx_it.o(i.ADC_IRQHandler)
    CONTROLLER                               0x08000b99   Thumb Code   656  main_mpc.o(i.CONTROLLER)
    CONTROLLER_N                             0x08000e4d   Thumb Code  4796  main_mpc.o(i.CONTROLLER_N)
    DMA2_Stream0_IRQHandler                  0x08002141   Thumb Code    10  stm32f7xx_it.o(i.DMA2_Stream0_IRQHandler)
    DMA2_Stream1_IRQHandler                  0x08002151   Thumb Code    10  stm32f7xx_it.o(i.DMA2_Stream1_IRQHandler)
    DMA2_Stream2_IRQHandler                  0x08002161   Thumb Code    10  stm32f7xx_it.o(i.DMA2_Stream2_IRQHandler)
    DMA2_Stream6_IRQHandler                  0x08002171   Thumb Code    10  stm32f7xx_it.o(i.DMA2_Stream6_IRQHandler)
    DMA2_Stream7_IRQHandler                  0x08002181   Thumb Code    10  stm32f7xx_it.o(i.DMA2_Stream7_IRQHandler)
    EXTI15_10_IRQHandler                     0x0800229b   Thumb Code    20  stm32f7xx_it.o(i.EXTI15_10_IRQHandler)
    EXTI9_5_IRQHandler                       0x080022af   Thumb Code    10  stm32f7xx_it.o(i.EXTI9_5_IRQHandler)
    HAL_ADCEx_InjectedConvCpltCallback       0x080022b9   Thumb Code     2  stm32f7xx_hal_adc_ex.o(i.HAL_ADCEx_InjectedConvCpltCallback)
    HAL_ADC_ConfigChannel                    0x080022bd   Thumb Code   414  stm32f7xx_hal_adc.o(i.HAL_ADC_ConfigChannel)
    HAL_ADC_ConvCpltCallback                 0x08002471   Thumb Code   106  low_lvl_main.o(i.HAL_ADC_ConvCpltCallback)
    HAL_ADC_ConvHalfCpltCallback             0x080024f9   Thumb Code     2  stm32f7xx_hal_adc.o(i.HAL_ADC_ConvHalfCpltCallback)
    HAL_ADC_ErrorCallback                    0x080024fb   Thumb Code     2  stm32f7xx_hal_adc.o(i.HAL_ADC_ErrorCallback)
    HAL_ADC_IRQHandler                       0x080024fd   Thumb Code   372  stm32f7xx_hal_adc.o(i.HAL_ADC_IRQHandler)
    HAL_ADC_Init                             0x08002671   Thumb Code   100  stm32f7xx_hal_adc.o(i.HAL_ADC_Init)
    HAL_ADC_LevelOutOfWindowCallback         0x080026d9   Thumb Code     2  stm32f7xx_hal_adc.o(i.HAL_ADC_LevelOutOfWindowCallback)
    HAL_ADC_MspInit                          0x080026dd   Thumb Code   148  stm32f7xx_hal_msp.o(i.HAL_ADC_MspInit)
    HAL_ADC_Start                            0x080027a1   Thumb Code   238  stm32f7xx_hal_adc.o(i.HAL_ADC_Start)
    HAL_ADC_Start_DMA                        0x080028a1   Thumb Code   300  stm32f7xx_hal_adc.o(i.HAL_ADC_Start_DMA)
    HAL_DMA_Abort_IT                         0x080029e9   Thumb Code    40  stm32f7xx_hal_dma.o(i.HAL_DMA_Abort_IT)
    HAL_DMA_IRQHandler                       0x08002a11   Thumb Code   574  stm32f7xx_hal_dma.o(i.HAL_DMA_IRQHandler)
    HAL_DMA_Init                             0x08002c59   Thumb Code   232  stm32f7xx_hal_dma.o(i.HAL_DMA_Init)
    HAL_DMA_Start_IT                         0x08002d45   Thumb Code   158  stm32f7xx_hal_dma.o(i.HAL_DMA_Start_IT)
    HAL_GPIO_EXTI_Callback                   0x08002de5   Thumb Code    60  main_mpc.o(i.HAL_GPIO_EXTI_Callback)
    HAL_GPIO_EXTI_IRQHandler                 0x08002e2d   Thumb Code    24  stm32f7xx_hal_gpio.o(i.HAL_GPIO_EXTI_IRQHandler)
    HAL_GPIO_Init                            0x08002e49   Thumb Code   484  stm32f7xx_hal_gpio.o(i.HAL_GPIO_Init)
    HAL_GPIO_ReadPin                         0x08003061   Thumb Code    16  stm32f7xx_hal_gpio.o(i.HAL_GPIO_ReadPin)
    HAL_GPIO_TogglePin                       0x08003071   Thumb Code     8  stm32f7xx_hal_gpio.o(i.HAL_GPIO_TogglePin)
    HAL_GPIO_WritePin                        0x08003079   Thumb Code    12  stm32f7xx_hal_gpio.o(i.HAL_GPIO_WritePin)
    HAL_GetTick                              0x08003085   Thumb Code     6  stm32f7xx_hal.o(i.HAL_GetTick)
    HAL_IncTick                              0x08003091   Thumb Code    12  stm32f7xx_hal.o(i.HAL_IncTick)
    HAL_Init                                 0x080030a1   Thumb Code    22  stm32f7xx_hal.o(i.HAL_Init)
    HAL_InitTick                             0x080030b9   Thumb Code    36  stm32f7xx_hal.o(i.HAL_InitTick)
    HAL_MspInit                              0x080030e1   Thumb Code    86  stm32f7xx_hal_msp.o(i.HAL_MspInit)
    HAL_NVIC_EnableIRQ                       0x08003137   Thumb Code    26  stm32f7xx_hal_cortex.o(i.HAL_NVIC_EnableIRQ)
    HAL_NVIC_SetPriority                     0x08003151   Thumb Code   124  stm32f7xx_hal_cortex.o(i.HAL_NVIC_SetPriority)
    HAL_NVIC_SetPriorityGrouping             0x080031cd   Thumb Code    32  stm32f7xx_hal_cortex.o(i.HAL_NVIC_SetPriorityGrouping)
    HAL_PWREx_EnableOverDrive                0x080031f5   Thumb Code   136  stm32f7xx_hal_pwr_ex.o(i.HAL_PWREx_EnableOverDrive)
    HAL_RCCEx_PeriphCLKConfig                0x08003285   Thumb Code  1756  stm32f7xx_hal_rcc_ex.o(i.HAL_RCCEx_PeriphCLKConfig)
    HAL_RCC_ClockConfig                      0x08003965   Thumb Code   338  stm32f7xx_hal_rcc.o(i.HAL_RCC_ClockConfig)
    HAL_RCC_GetHCLKFreq                      0x08003ac9   Thumb Code     6  stm32f7xx_hal_rcc.o(i.HAL_RCC_GetHCLKFreq)
    HAL_RCC_GetPCLK1Freq                     0x08003ad5   Thumb Code    22  stm32f7xx_hal_rcc.o(i.HAL_RCC_GetPCLK1Freq)
    HAL_RCC_GetPCLK2Freq                     0x08003af5   Thumb Code    22  stm32f7xx_hal_rcc.o(i.HAL_RCC_GetPCLK2Freq)
    HAL_RCC_GetSysClockFreq                  0x08003b15   Thumb Code   130  stm32f7xx_hal_rcc.o(i.HAL_RCC_GetSysClockFreq)
    HAL_RCC_OscConfig                        0x08003ba5   Thumb Code  1200  stm32f7xx_hal_rcc.o(i.HAL_RCC_OscConfig)
    HAL_SYSTICK_CLKSourceConfig              0x08004059   Thumb Code    40  stm32f7xx_hal_cortex.o(i.HAL_SYSTICK_CLKSourceConfig)
    HAL_SYSTICK_Callback                     0x08004081   Thumb Code     2  stm32f7xx_hal_cortex.o(i.HAL_SYSTICK_Callback)
    HAL_SYSTICK_Config                       0x08004083   Thumb Code    52  stm32f7xx_hal_cortex.o(i.HAL_SYSTICK_Config)
    HAL_SYSTICK_IRQHandler                   0x080040b7   Thumb Code     8  stm32f7xx_hal_cortex.o(i.HAL_SYSTICK_IRQHandler)
    HAL_TIMEx_BreakCallback                  0x080040bf   Thumb Code     2  stm32f7xx_hal_tim_ex.o(i.HAL_TIMEx_BreakCallback)
    HAL_TIMEx_CommutationCallback            0x080040c1   Thumb Code     2  stm32f7xx_hal_tim_ex.o(i.HAL_TIMEx_CommutationCallback)
    HAL_TIMEx_MasterConfigSynchronization    0x080040c5   Thumb Code    98  stm32f7xx_hal_tim_ex.o(i.HAL_TIMEx_MasterConfigSynchronization)
    HAL_TIM_Base_Init                        0x08004131   Thumb Code    52  stm32f7xx_hal_tim.o(i.HAL_TIM_Base_Init)
    HAL_TIM_Base_MspInit                     0x08004165   Thumb Code    96  stm32f7xx_hal_msp.o(i.HAL_TIM_Base_MspInit)
    HAL_TIM_Base_Start_IT                    0x080041cd   Thumb Code    30  stm32f7xx_hal_tim.o(i.HAL_TIM_Base_Start_IT)
    HAL_TIM_ConfigClockSource                0x080041ed   Thumb Code   308  stm32f7xx_hal_tim.o(i.HAL_TIM_ConfigClockSource)
    HAL_TIM_IC_CaptureCallback               0x08004325   Thumb Code     2  stm32f7xx_hal_tim.o(i.HAL_TIM_IC_CaptureCallback)
    HAL_TIM_IRQHandler                       0x08004327   Thumb Code   440  stm32f7xx_hal_tim.o(i.HAL_TIM_IRQHandler)
    HAL_TIM_OC_DelayElapsedCallback          0x080044df   Thumb Code     2  stm32f7xx_hal_tim.o(i.HAL_TIM_OC_DelayElapsedCallback)
    HAL_TIM_PWM_PulseFinishedCallback        0x080044e1   Thumb Code     2  stm32f7xx_hal_tim.o(i.HAL_TIM_PWM_PulseFinishedCallback)
    HAL_TIM_PeriodElapsedCallback            0x080044e3   Thumb Code     2  stm32f7xx_hal_tim.o(i.HAL_TIM_PeriodElapsedCallback)
    HAL_TIM_TriggerCallback                  0x080044e5   Thumb Code     2  stm32f7xx_hal_tim.o(i.HAL_TIM_TriggerCallback)
    HAL_UART_ErrorCallback                   0x080044e7   Thumb Code     2  stm32f7xx_hal_uart.o(i.HAL_UART_ErrorCallback)
    HAL_UART_IRQHandler                      0x080044e9   Thumb Code   348  stm32f7xx_hal_uart.o(i.HAL_UART_IRQHandler)
    HAL_UART_Init                            0x08004649   Thumb Code   120  stm32f7xx_hal_uart.o(i.HAL_UART_Init)
    HAL_UART_MspInit                         0x080046c1   Thumb Code   438  stm32f7xx_hal_msp.o(i.HAL_UART_MspInit)
    HAL_UART_Receive_DMA                     0x080048bd   Thumb Code   160  stm32f7xx_hal_uart.o(i.HAL_UART_Receive_DMA)
    HAL_UART_RxCpltCallback                  0x08004969   Thumb Code    24  low_lvl_main.o(i.HAL_UART_RxCpltCallback)
    HAL_UART_RxHalfCpltCallback              0x0800498d   Thumb Code     2  stm32f7xx_hal_uart.o(i.HAL_UART_RxHalfCpltCallback)
    HAL_UART_Transmit_DMA                    0x08004991   Thumb Code   146  stm32f7xx_hal_uart.o(i.HAL_UART_Transmit_DMA)
    HAL_UART_TxCpltCallback                  0x08004a31   Thumb Code    32  low_lvl_main.o(i.HAL_UART_TxCpltCallback)
    HAL_UART_TxHalfCpltCallback              0x08004a5d   Thumb Code     2  stm32f7xx_hal_uart.o(i.HAL_UART_TxHalfCpltCallback)
    PendSV_Handler                           0x08004e8d   Thumb Code     2  stm32f7xx_it.o(i.PendSV_Handler)
    SVC_Handler                              0x08004e8f   Thumb Code     2  stm32f7xx_it.o(i.SVC_Handler)
    SysTick_Handler                          0x08004e91   Thumb Code    12  stm32f7xx_it.o(i.SysTick_Handler)
    SystemClock_Config                       0x08004e9d   Thumb Code   230  low_lvl_main.o(i.SystemClock_Config)
    SystemInit                               0x08004fa5   Thumb Code    82  system_stm32f7xx.o(i.SystemInit)
    TIM2_IRQHandler                          0x08005009   Thumb Code    10  stm32f7xx_it.o(i.TIM2_IRQHandler)
    TIM_Base_SetConfig                       0x08005019   Thumb Code   196  stm32f7xx_hal_tim.o(i.TIM_Base_SetConfig)
    TIM_ETR_SetConfig                        0x08005109   Thumb Code    24  stm32f7xx_hal_tim.o(i.TIM_ETR_SetConfig)
    UART_AdvFeatureConfig                    0x0800518b   Thumb Code   234  stm32f7xx_hal_uart.o(i.UART_AdvFeatureConfig)
    UART_CheckIdleState                      0x08005275   Thumb Code    78  stm32f7xx_hal_uart.o(i.UART_CheckIdleState)
    UART_SetConfig                           0x080054a1   Thumb Code   858  stm32f7xx_hal_uart.o(i.UART_SetConfig)
    UART_WaitOnFlagUntilTimeout              0x08005897   Thumb Code   108  stm32f7xx_hal_uart.o(i.UART_WaitOnFlagUntilTimeout)
    USART1_IRQHandler                        0x08005905   Thumb Code    10  stm32f7xx_it.o(i.USART1_IRQHandler)
    USART6_IRQHandler                        0x08005915   Thumb Code    10  stm32f7xx_it.o(i.USART6_IRQHandler)
    _Error_Handler                           0x08005925   Thumb Code     4  low_lvl_main.o(i._Error_Handler)
    __0printf                                0x08005929   Thumb Code    22  printfa.o(i.__0printf)
    __1printf                                0x08005929   Thumb Code     0  printfa.o(i.__0printf)
    __2printf                                0x08005929   Thumb Code     0  printfa.o(i.__0printf)
    __c89printf                              0x08005929   Thumb Code     0  printfa.o(i.__0printf)
    printf                                   0x08005929   Thumb Code     0  printfa.o(i.__0printf)
    __0sprintf                               0x08005949   Thumb Code    34  printfa.o(i.__0sprintf)
    __1sprintf                               0x08005949   Thumb Code     0  printfa.o(i.__0sprintf)
    __2sprintf                               0x08005949   Thumb Code     0  printfa.o(i.__0sprintf)
    __c89sprintf                             0x08005949   Thumb Code     0  printfa.o(i.__0sprintf)
    sprintf                                  0x08005949   Thumb Code     0  printfa.o(i.__0sprintf)
    __getMasterControlValue                  0x08005971   Thumb Code    42  low_lvl_main.o(i.__getMasterControlValue)
    __hardfp_fabs                            0x080059c1   Thumb Code    20  fabs.o(i.__hardfp_fabs)
    __hardfp_fmin                            0x080059d5   Thumb Code   116  fmin.o(i.__hardfp_fmin)
    __hardfp_sqrt                            0x08005a49   Thumb Code   122  sqrt.o(i.__hardfp_sqrt)
    __measureOutput                          0x08005ac5   Thumb Code     4  low_lvl_main.o(i.__measureOutput)
    __scatterload_copy                       0x08005acd   Thumb Code    14  handlers.o(i.__scatterload_copy)
    __scatterload_null                       0x08005adb   Thumb Code     2  handlers.o(i.__scatterload_null)
    __scatterload_zeroinit                   0x08005add   Thumb Code    14  handlers.o(i.__scatterload_zeroinit)
    __setControlValue                        0x08005aed   Thumb Code    52  low_lvl_main.o(i.__setControlValue)
    __set_errno                              0x08005b45   Thumb Code     6  errno.o(i.__set_errno)
    controller_setup                         0x080063ed   Thumb Code    60  main_mpc.o(i.controller_setup)
    controls                                 0x08006439   Thumb Code    60  main_mpc.o(i.controls)
    dtablica                                 0x080064b5   Thumb Code   136  alokacja_nr.o(i.dtablica)
    dtablica3                                0x0800654d   Thumb Code   340  alokacja_nr.o(i.dtablica3)
    dwektor                                  0x080066b1   Thumb Code    36  alokacja_nr.o(i.dwektor)
    fputc                                    0x080066e5   Thumb Code    18  fputc.o(i.fputc)
    get_time                                 0x080066f7   Thumb Code     8  main_mpc.o(i.get_time)
    hardware_setup                           0x08006701   Thumb Code    32  main_mpc.o(i.hardware_setup)
    idle                                     0x08006729   Thumb Code   116  main_mpc.o(i.idle)
    iloczynaat                               0x080067c1   Thumb Code    96  obl_macierzowe.o(i.iloczynaat)
    iloczynab                                0x08006825   Thumb Code   108  obl_macierzowe.o(i.iloczynab)
    iloczynabt                               0x08006895   Thumb Code   106  obl_macierzowe.o(i.iloczynabt)
    iloczynatb                               0x08006905   Thumb Code   106  obl_macierzowe.o(i.iloczynatb)
    iloczynatw                               0x08006975   Thumb Code    80  obl_macierzowe.o(i.iloczynatw)
    iloczynaw                                0x080069c9   Thumb Code    80  obl_macierzowe.o(i.iloczynaw)
    iloczynwwt                               0x08006a1d   Thumb Code    62  obl_macierzowe.o(i.iloczynwwt)
    inicjalizacjapk                          0x08006a5d   Thumb Code   550  pk.o(i.inicjalizacjapk)
    init_archive_data                        0x08006d21   Thumb Code   244  mpctools.o(i.init_archive_data)
    init_current_control                     0x08006e19   Thumb Code    92  mpctools.o(i.init_current_control)
    liczwyzn                                 0x08006e79   Thumb Code    30  pk.o(i.liczwyzn)
    liczwyznmacodwr                          0x08006e9d   Thumb Code   898  pk.o(i.liczwyznmacodwr)
    loop                                     0x08007241   Thumb Code    44  main_mpc.o(i.loop)
    low_lvl_main                             0x08007279   Thumb Code    68  low_lvl_main.o(i.low_lvl_main)
    lwektor                                  0x080072c9   Thumb Code    36  alokacja_nr.o(i.lwektor)
    main                                     0x080072fd   Thumb Code     4  main.o(i.main)
    main_interrupt                           0x08007301   Thumb Code    52  main.o(i.main_interrupt)
    malloc                                   0x08007339   Thumb Code    92  malloc.o(i.malloc)
    measureOutput                            0x080073a5   Thumb Code     8  main_mpc.o(i.measureOutput)
    measurements                             0x080073ad   Thumb Code    18  main_mpc.o(i.measurements)
    new_control                              0x080073c5   Thumb Code   162  mpctools.o(i.new_control)
    new_control_increment                    0x08007467   Thumb Code   160  mpctools.o(i.new_control_increment)
    new_output                               0x08007507   Thumb Code    86  mpctools.o(i.new_output)
    piszkomunikat                            0x0800755d   Thumb Code    24  alokacja_nr.o(i.piszkomunikat)
    pk                                       0x08007579   Thumb Code   750  pk.o(i.pk)
    pkr                                      0x080078a9   Thumb Code  2170  pk.o(i.pkr)
    pobierzA                                 0x08008125   Thumb Code     6  pk.o(i.pobierzA)
    pobierzG                                 0x08008131   Thumb Code     6  pk.o(i.pobierzG)
    pobierzb                                 0x0800813d   Thumb Code     6  pk.o(i.pobierzb)
    pobierzt                                 0x08008149   Thumb Code     6  pk.o(i.pobierzt)
    pobierzx                                 0x08008155   Thumb Code     6  pk.o(i.pobierzx)
    pomocniczezadpkr                         0x08008161   Thumb Code   300  pk.o(i.pomocniczezadpkr)
    proposeControlValue                      0x080082c1   Thumb Code    26  main_mpc.o(i.proposeControlValue)
    pushCurrentControlsToArchiveData         0x080082e1   Thumb Code    30  mpctools.o(i.pushCurrentControlsToArchiveData)
    rozklu                                   0x08008301   Thumb Code   678  pk.o(i.rozklu)
    rozkqr                                   0x080085b1   Thumb Code  1412  pk.o(i.rozkqr)
    setCurrentControl                        0x08008b4d   Thumb Code     8  mpctools.o(i.setCurrentControl)
    setCurrentControlIncrement               0x08008b55   Thumb Code     8  mpctools.o(i.setCurrentControlIncrement)
    sumaww                                   0x08008b5d   Thumb Code    92  obl_macierzowe.o(i.sumaww)
    testogr                                  0x08008bb9   Thumb Code   276  pk.o(i.testogr)
    timeout                                  0x08008cf9   Thumb Code     2  main_mpc.o(i.timeout)
    timer_loop                               0x08008cfd   Thumb Code    34  main.o(i.timer_loop)
    ustawilogr                               0x08008d25   Thumb Code     6  pk.o(i.ustawilogr)
    ustawilzm                                0x08008d31   Thumb Code     6  pk.o(i.ustawilzm)
    write_string                             0x08008d3d   Thumb Code    44  low_lvl_main.o(i.write_string)
    znak                                     0x08008d89   Thumb Code    26  pk.o(i.znak)
    AHBPrescTable                            0x08008daa   Data          16  system_stm32f7xx.o(.constdata)
    APBPrescTable                            0x08008dba   Data           8  system_stm32f7xx.o(.constdata)
    Region$$Table$$Base                      0x08008dc4   Number         0  anon$$obj.o(Region$$Table)
    Region$$Table$$Limit                     0x08008de4   Number         0  anon$$obj.o(Region$$Table)
    uwTick                                   0x20000000   Data           4  stm32f7xx_hal.o(.data)
    SystemCoreClock                          0x20000004   Data           4  system_stm32f7xx.o(.data)
    uart_buf                                 0x20000008   Data           4  low_lvl_main.o(.data)
    uart_rdy                                 0x2000000c   Data           2  low_lvl_main.o(.data)
    adc_val                                  0x20000010   Data           4  low_lvl_main.o(.data)
    control                                  0x20000014   Data           4  low_lvl_main.o(.data)
    ready                                    0x20000020   Data           4  main.o(.data)
    setpoint                                 0x200000c0   Data           4  main_mpc.o(.data)
    __stdout                                 0x20000164   Data           4  stdout.o(.data)
    __microlib_freelist                      0x20000168   Data           4  mvars.o(.data)
    __microlib_freelist_initialised          0x2000016c   Data           4  mvars.o(.data)
    hadc1                                    0x20000174   Data          72  low_lvl_main.o(.bss)
    hdma_adc1                                0x200001bc   Data          96  low_lvl_main.o(.bss)
    htim2                                    0x2000021c   Data          64  low_lvl_main.o(.bss)
    htim5                                    0x2000025c   Data          64  low_lvl_main.o(.bss)
    huart1                                   0x2000029c   Data         112  low_lvl_main.o(.bss)
    huart6                                   0x2000030c   Data         112  low_lvl_main.o(.bss)
    hdma_usart1_rx                           0x2000037c   Data          96  low_lvl_main.o(.bss)
    hdma_usart1_tx                           0x200003dc   Data          96  low_lvl_main.o(.bss)
    hdma_usart6_rx                           0x2000043c   Data          96  low_lvl_main.o(.bss)
    hdma_usart6_tx                           0x2000049c   Data          96  low_lvl_main.o(.bss)
    adc_buf                                  0x200004fc   Data         400  low_lvl_main.o(.bss)
    str                                      0x2000068c   Data         100  main_mpc.o(.bss)
    ad                                       0x200006f0   Data          48  main_mpc.o(.bss)
    cc                                       0x20000720   Data          16  main_mpc.o(.bss)
    __heap_base                              0x20000730   Data           0  startup_stm32f746xx.o(HEAP)
    __heap_limit                             0x20020730   Data           0  startup_stm32f746xx.o(HEAP)
    __initial_sp                             0x20024730   Data           0  startup_stm32f746xx.o(STACK)



==============================================================================

Memory Map of the image

  Image Entry point : 0x080001c9

  Load Region LR_IROM1 (Base: 0x08000000, Size: 0x00008f58, Max: 0x00100000, ABSOLUTE, COMPRESSED[0x00008e14])

    Execution Region ER_IROM1 (Base: 0x08000000, Size: 0x00008de4, Max: 0x00100000, ABSOLUTE)

    Base Addr    Size         Type   Attr      Idx    E Section Name        Object

    0x08000000   0x000001c8   Data   RO         3162    RESET               startup_stm32f746xx.o
    0x080001c8   0x00000000   Code   RO         4432  * .ARM.Collect$$$$00000000  mc_w.l(entry.o)
    0x080001c8   0x00000004   Code   RO         4734    .ARM.Collect$$$$00000001  mc_w.l(entry2.o)
    0x080001cc   0x00000004   Code   RO         4737    .ARM.Collect$$$$00000004  mc_w.l(entry5.o)
    0x080001d0   0x00000000   Code   RO         4739    .ARM.Collect$$$$00000008  mc_w.l(entry7b.o)
    0x080001d0   0x00000000   Code   RO         4741    .ARM.Collect$$$$0000000A  mc_w.l(entry8b.o)
    0x080001d0   0x00000008   Code   RO         4742    .ARM.Collect$$$$0000000B  mc_w.l(entry9a.o)
    0x080001d8   0x00000000   Code   RO         4744    .ARM.Collect$$$$0000000D  mc_w.l(entry10a.o)
    0x080001d8   0x00000000   Code   RO         4746    .ARM.Collect$$$$0000000F  mc_w.l(entry11a.o)
    0x080001d8   0x00000004   Code   RO         4735    .ARM.Collect$$$$00002712  mc_w.l(entry2.o)
    0x080001dc   0x00000024   Code   RO         3163    .text               startup_stm32f746xx.o
    0x08000200   0x0000000e   Code   RO         4435    .text               mc_w.l(strlen.o)
    0x0800020e   0x00000026   Code   RO         4726    .text               mf_w.l(f2d.o)
    0x08000234   0x00000030   Code   RO         4728    .text               mf_w.l(cdcmple.o)
    0x08000264   0x00000030   Code   RO         4730    .text               mf_w.l(cdrcmple.o)
    0x08000294   0x00000038   Code   RO         4732    .text               mf_w.l(d2f.o)
    0x080002cc   0x0000002c   Code   RO         4751    .text               mc_w.l(uidiv.o)
    0x080002f8   0x00000062   Code   RO         4753    .text               mc_w.l(uldiv.o)
    0x0800035a   0x00000000   Code   RO         4768    .text               mc_w.l(iusefp.o)
    0x0800035a   0x0000006e   Code   RO         4769    .text               mf_w.l(fepilogue.o)
    0x080003c8   0x0000014e   Code   RO         4771    .text               mf_w.l(dadd.o)
    0x08000516   0x000000e4   Code   RO         4773    .text               mf_w.l(dmul.o)
    0x080005fa   0x000000de   Code   RO         4775    .text               mf_w.l(ddiv.o)
    0x080006d8   0x000000a2   Code   RO         4777    .text               mf_w.l(dsqrt.o)
    0x0800077a   0x00000030   Code   RO         4779    .text               mf_w.l(dfixul.o)
    0x080007aa   0x00000060   Code   RO         4781    .text               mf_w.l(dcmp4.o)
    0x0800080a   0x00000002   PAD
    0x0800080c   0x00000024   Code   RO         4783    .text               mc_w.l(init.o)
    0x08000830   0x00000000   Code   RO         4785    .text               mc_w.l(semi.o)
    0x08000830   0x0000001e   Code   RO         4786    .text               mc_w.l(llshl.o)
    0x0800084e   0x00000020   Code   RO         4788    .text               mc_w.l(llushr.o)
    0x0800086e   0x00000024   Code   RO         4790    .text               mc_w.l(llsshr.o)
    0x08000892   0x00000000   Code   RO         4792    .text               mc_w.l(iusesemip.o)
    0x08000892   0x000000ba   Code   RO         4793    .text               mf_w.l(depilogue.o)
    0x0800094c   0x0000003a   Code   RO         4803    .text               mc_w.l(__dczerorl.o)
    0x08000986   0x0000006e   Code   RO         1231    i.ADC_DMAConvCplt   stm32f7xx_hal_adc.o
    0x080009f4   0x0000001a   Code   RO         1232    i.ADC_DMAError      stm32f7xx_hal_adc.o
    0x08000a0e   0x0000000e   Code   RO         1233    i.ADC_DMAHalfConvCplt  stm32f7xx_hal_adc.o
    0x08000a1c   0x00000010   Code   RO         3268    i.ADC_IRQHandler    stm32f7xx_it.o
    0x08000a2c   0x0000016c   Code   RO         1234    i.ADC_Init          stm32f7xx_hal_adc.o
    0x08000b98   0x000002b4   Code   RO         4282    i.CONTROLLER        main_mpc.o
    0x08000e4c   0x000012f4   Code   RO         4283    i.CONTROLLER_N      main_mpc.o
    0x08002140   0x00000010   Code   RO         3269    i.DMA2_Stream0_IRQHandler  stm32f7xx_it.o
    0x08002150   0x00000010   Code   RO         3270    i.DMA2_Stream1_IRQHandler  stm32f7xx_it.o
    0x08002160   0x00000010   Code   RO         3271    i.DMA2_Stream2_IRQHandler  stm32f7xx_it.o
    0x08002170   0x00000010   Code   RO         3272    i.DMA2_Stream6_IRQHandler  stm32f7xx_it.o
    0x08002180   0x00000010   Code   RO         3273    i.DMA2_Stream7_IRQHandler  stm32f7xx_it.o
    0x08002190   0x00000034   Code   RO         2919    i.DMA_CalcBaseAndBitshift  stm32f7xx_hal_dma.o
    0x080021c4   0x000000aa   Code   RO         2920    i.DMA_CheckFifoParam  stm32f7xx_hal_dma.o
    0x0800226e   0x0000002c   Code   RO         2921    i.DMA_SetConfig     stm32f7xx_hal_dma.o
    0x0800229a   0x00000014   Code   RO         3274    i.EXTI15_10_IRQHandler  stm32f7xx_it.o
    0x080022ae   0x0000000a   Code   RO         3275    i.EXTI9_5_IRQHandler  stm32f7xx_it.o
    0x080022b8   0x00000002   Code   RO         2173    i.HAL_ADCEx_InjectedConvCpltCallback  stm32f7xx_hal_adc_ex.o
    0x080022ba   0x00000002   PAD
    0x080022bc   0x000001b4   Code   RO         1236    i.HAL_ADC_ConfigChannel  stm32f7xx_hal_adc.o
    0x08002470   0x00000088   Code   RO         3374    i.HAL_ADC_ConvCpltCallback  low_lvl_main.o
    0x080024f8   0x00000002   Code   RO         1238    i.HAL_ADC_ConvHalfCpltCallback  stm32f7xx_hal_adc.o
    0x080024fa   0x00000002   Code   RO         1240    i.HAL_ADC_ErrorCallback  stm32f7xx_hal_adc.o
    0x080024fc   0x00000174   Code   RO         1244    i.HAL_ADC_IRQHandler  stm32f7xx_hal_adc.o
    0x08002670   0x00000068   Code   RO         1245    i.HAL_ADC_Init      stm32f7xx_hal_adc.o
    0x080026d8   0x00000002   Code   RO         1246    i.HAL_ADC_LevelOutOfWindowCallback  stm32f7xx_hal_adc.o
    0x080026da   0x00000002   PAD
    0x080026dc   0x000000c4   Code   RO         3208    i.HAL_ADC_MspInit   stm32f7xx_hal_msp.o
    0x080027a0   0x00000100   Code   RO         1251    i.HAL_ADC_Start     stm32f7xx_hal_adc.o
    0x080028a0   0x00000148   Code   RO         1252    i.HAL_ADC_Start_DMA  stm32f7xx_hal_adc.o
    0x080029e8   0x00000028   Code   RO         2923    i.HAL_DMA_Abort_IT  stm32f7xx_hal_dma.o
    0x08002a10   0x00000248   Code   RO         2927    i.HAL_DMA_IRQHandler  stm32f7xx_hal_dma.o
    0x08002c58   0x000000ec   Code   RO         2928    i.HAL_DMA_Init      stm32f7xx_hal_dma.o
    0x08002d44   0x0000009e   Code   RO         2932    i.HAL_DMA_Start_IT  stm32f7xx_hal_dma.o
    0x08002de2   0x00000002   PAD
    0x08002de4   0x00000048   Code   RO         4284    i.HAL_GPIO_EXTI_Callback  main_mpc.o
    0x08002e2c   0x0000001c   Code   RO         1403    i.HAL_GPIO_EXTI_IRQHandler  stm32f7xx_hal_gpio.o
    0x08002e48   0x00000218   Code   RO         1404    i.HAL_GPIO_Init     stm32f7xx_hal_gpio.o
    0x08003060   0x00000010   Code   RO         1406    i.HAL_GPIO_ReadPin  stm32f7xx_hal_gpio.o
    0x08003070   0x00000008   Code   RO         1407    i.HAL_GPIO_TogglePin  stm32f7xx_hal_gpio.o
    0x08003078   0x0000000c   Code   RO         1408    i.HAL_GPIO_WritePin  stm32f7xx_hal_gpio.o
    0x08003084   0x0000000c   Code   RO         2007    i.HAL_GetTick       stm32f7xx_hal.o
    0x08003090   0x00000010   Code   RO         2011    i.HAL_IncTick       stm32f7xx_hal.o
    0x080030a0   0x00000016   Code   RO         2012    i.HAL_Init          stm32f7xx_hal.o
    0x080030b6   0x00000002   PAD
    0x080030b8   0x00000028   Code   RO         2013    i.HAL_InitTick      stm32f7xx_hal.o
    0x080030e0   0x00000056   Code   RO         3209    i.HAL_MspInit       stm32f7xx_hal_msp.o
    0x08003136   0x0000001a   Code   RO         1472    i.HAL_NVIC_EnableIRQ  stm32f7xx_hal_cortex.o
    0x08003150   0x0000007c   Code   RO         1478    i.HAL_NVIC_SetPriority  stm32f7xx_hal_cortex.o
    0x080031cc   0x00000028   Code   RO         1479    i.HAL_NVIC_SetPriorityGrouping  stm32f7xx_hal_cortex.o
    0x080031f4   0x00000090   Code   RO         1617    i.HAL_PWREx_EnableOverDrive  stm32f7xx_hal_pwr_ex.o
    0x08003284   0x000006e0   Code   RO         3129    i.HAL_RCCEx_PeriphCLKConfig  stm32f7xx_hal_rcc_ex.o
    0x08003964   0x00000164   Code   RO         3026    i.HAL_RCC_ClockConfig  stm32f7xx_hal_rcc.o
    0x08003ac8   0x0000000c   Code   RO         3031    i.HAL_RCC_GetHCLKFreq  stm32f7xx_hal_rcc.o
    0x08003ad4   0x00000020   Code   RO         3033    i.HAL_RCC_GetPCLK1Freq  stm32f7xx_hal_rcc.o
    0x08003af4   0x00000020   Code   RO         3034    i.HAL_RCC_GetPCLK2Freq  stm32f7xx_hal_rcc.o
    0x08003b14   0x00000090   Code   RO         3035    i.HAL_RCC_GetSysClockFreq  stm32f7xx_hal_rcc.o
    0x08003ba4   0x000004b4   Code   RO         3038    i.HAL_RCC_OscConfig  stm32f7xx_hal_rcc.o
    0x08004058   0x00000028   Code   RO         1481    i.HAL_SYSTICK_CLKSourceConfig  stm32f7xx_hal_cortex.o
    0x08004080   0x00000002   Code   RO         1482    i.HAL_SYSTICK_Callback  stm32f7xx_hal_cortex.o
    0x08004082   0x00000034   Code   RO         1483    i.HAL_SYSTICK_Config  stm32f7xx_hal_cortex.o
    0x080040b6   0x00000008   Code   RO         1484    i.HAL_SYSTICK_IRQHandler  stm32f7xx_hal_cortex.o
    0x080040be   0x00000002   Code   RO          262    i.HAL_TIMEx_BreakCallback  stm32f7xx_hal_tim_ex.o
    0x080040c0   0x00000002   Code   RO          263    i.HAL_TIMEx_CommutationCallback  stm32f7xx_hal_tim_ex.o
    0x080040c2   0x00000002   PAD
    0x080040c4   0x0000006c   Code   RO          280    i.HAL_TIMEx_MasterConfigSynchronization  stm32f7xx_hal_tim_ex.o
    0x08004130   0x00000034   Code   RO         2276    i.HAL_TIM_Base_Init  stm32f7xx_hal_tim.o
    0x08004164   0x00000068   Code   RO         3211    i.HAL_TIM_Base_MspInit  stm32f7xx_hal_msp.o
    0x080041cc   0x0000001e   Code   RO         2281    i.HAL_TIM_Base_Start_IT  stm32f7xx_hal_tim.o
    0x080041ea   0x00000002   PAD
    0x080041ec   0x00000138   Code   RO         2285    i.HAL_TIM_ConfigClockSource  stm32f7xx_hal_tim.o
    0x08004324   0x00000002   Code   RO         2305    i.HAL_TIM_IC_CaptureCallback  stm32f7xx_hal_tim.o
    0x08004326   0x000001b8   Code   RO         2318    i.HAL_TIM_IRQHandler  stm32f7xx_hal_tim.o
    0x080044de   0x00000002   Code   RO         2321    i.HAL_TIM_OC_DelayElapsedCallback  stm32f7xx_hal_tim.o
    0x080044e0   0x00000002   Code   RO         2348    i.HAL_TIM_PWM_PulseFinishedCallback  stm32f7xx_hal_tim.o
    0x080044e2   0x00000002   Code   RO         2355    i.HAL_TIM_PeriodElapsedCallback  stm32f7xx_hal_tim.o
    0x080044e4   0x00000002   Code   RO         2359    i.HAL_TIM_TriggerCallback  stm32f7xx_hal_tim.o
    0x080044e6   0x00000002   Code   RO         1718    i.HAL_UART_ErrorCallback  stm32f7xx_hal_uart.o
    0x080044e8   0x00000160   Code   RO         1721    i.HAL_UART_IRQHandler  stm32f7xx_hal_uart.o
    0x08004648   0x00000078   Code   RO         1722    i.HAL_UART_Init     stm32f7xx_hal_uart.o
    0x080046c0   0x000001fc   Code   RO         3213    i.HAL_UART_MspInit  stm32f7xx_hal_msp.o
    0x080048bc   0x000000ac   Code   RO         1726    i.HAL_UART_Receive_DMA  stm32f7xx_hal_uart.o
    0x08004968   0x00000024   Code   RO         3375    i.HAL_UART_RxCpltCallback  low_lvl_main.o
    0x0800498c   0x00000002   Code   RO         1729    i.HAL_UART_RxHalfCpltCallback  stm32f7xx_hal_uart.o
    0x0800498e   0x00000002   PAD
    0x08004990   0x000000a0   Code   RO         1731    i.HAL_UART_Transmit_DMA  stm32f7xx_hal_uart.o
    0x08004a30   0x0000002c   Code   RO         3376    i.HAL_UART_TxCpltCallback  low_lvl_main.o
    0x08004a5c   0x00000002   Code   RO         1734    i.HAL_UART_TxHalfCpltCallback  stm32f7xx_hal_uart.o
    0x08004a5e   0x00000002   PAD
    0x08004a60   0x00000088   Code   RO         3377    i.MX_ADC1_Init      low_lvl_main.o
    0x08004ae8   0x00000074   Code   RO         3378    i.MX_DMA_Init       low_lvl_main.o
    0x08004b5c   0x00000128   Code   RO         3379    i.MX_GPIO_Init      low_lvl_main.o
    0x08004c84   0x00000088   Code   RO         3380    i.MX_TIM2_Init      low_lvl_main.o
    0x08004d0c   0x00000088   Code   RO         3381    i.MX_TIM5_Init      low_lvl_main.o
    0x08004d94   0x00000060   Code   RO         3382    i.MX_USART1_UART_Init  low_lvl_main.o
    0x08004df4   0x00000060   Code   RO         3383    i.MX_USART6_UART_Init  low_lvl_main.o
    0x08004e54   0x00000010   Code   RO         1485    i.NVIC_GetPriorityGrouping  stm32f7xx_hal_cortex.o
    0x08004e64   0x00000028   Code   RO         1486    i.NVIC_SetPriority  stm32f7xx_hal_cortex.o
    0x08004e8c   0x00000002   Code   RO         3276    i.PendSV_Handler    stm32f7xx_it.o
    0x08004e8e   0x00000002   Code   RO         3277    i.SVC_Handler       stm32f7xx_it.o
    0x08004e90   0x0000000c   Code   RO         3278    i.SysTick_Handler   stm32f7xx_it.o
    0x08004e9c   0x00000108   Code   RO         3384    i.SystemClock_Config  low_lvl_main.o
    0x08004fa4   0x00000064   Code   RO         3171    i.SystemInit        system_stm32f7xx.o
    0x08005008   0x00000010   Code   RO         3279    i.TIM2_IRQHandler   stm32f7xx_it.o
    0x08005018   0x000000f0   Code   RO         2360    i.TIM_Base_SetConfig  stm32f7xx_hal_tim.o
    0x08005108   0x00000018   Code   RO         2367    i.TIM_ETR_SetConfig  stm32f7xx_hal_tim.o
    0x08005120   0x00000014   Code   RO         2368    i.TIM_ITRx_SetConfig  stm32f7xx_hal_tim.o
    0x08005134   0x0000002a   Code   RO         2374    i.TIM_TI1_ConfigInputStage  stm32f7xx_hal_tim.o
    0x0800515e   0x0000002c   Code   RO         2376    i.TIM_TI2_ConfigInputStage  stm32f7xx_hal_tim.o
    0x0800518a   0x000000ea   Code   RO         1735    i.UART_AdvFeatureConfig  stm32f7xx_hal_uart.o
    0x08005274   0x0000004e   Code   RO         1736    i.UART_CheckIdleState  stm32f7xx_hal_uart.o
    0x080052c2   0x00000018   Code   RO         1737    i.UART_DMAAbortOnError  stm32f7xx_hal_uart.o
    0x080052da   0x0000004e   Code   RO         1738    i.UART_DMAError     stm32f7xx_hal_uart.o
    0x08005328   0x00000048   Code   RO         1739    i.UART_DMAReceiveCplt  stm32f7xx_hal_uart.o
    0x08005370   0x0000000e   Code   RO         1740    i.UART_DMARxHalfCplt  stm32f7xx_hal_uart.o
    0x0800537e   0x00000038   Code   RO         1741    i.UART_DMATransmitCplt  stm32f7xx_hal_uart.o
    0x080053b6   0x0000000e   Code   RO         1742    i.UART_DMATxHalfCplt  stm32f7xx_hal_uart.o
    0x080053c4   0x00000020   Code   RO         1743    i.UART_EndRxTransfer  stm32f7xx_hal_uart.o
    0x080053e4   0x00000020   Code   RO         1744    i.UART_EndTransmit_IT  stm32f7xx_hal_uart.o
    0x08005404   0x00000014   Code   RO         1745    i.UART_EndTxTransfer  stm32f7xx_hal_uart.o
    0x08005418   0x00000088   Code   RO         1746    i.UART_Receive_IT   stm32f7xx_hal_uart.o
    0x080054a0   0x0000038c   Code   RO         1747    i.UART_SetConfig    stm32f7xx_hal_uart.o
    0x0800582c   0x0000006a   Code   RO         1748    i.UART_Transmit_IT  stm32f7xx_hal_uart.o
    0x08005896   0x0000006c   Code   RO         1749    i.UART_WaitOnFlagUntilTimeout  stm32f7xx_hal_uart.o
    0x08005902   0x00000002   PAD
    0x08005904   0x00000010   Code   RO         3280    i.USART1_IRQHandler  stm32f7xx_it.o
    0x08005914   0x00000010   Code   RO         3281    i.USART6_IRQHandler  stm32f7xx_it.o
    0x08005924   0x00000004   Code   RO         3385    i._Error_Handler    low_lvl_main.o
    0x08005928   0x00000020   Code   RO         4670    i.__0printf         mc_w.l(printfa.o)
    0x08005948   0x00000028   Code   RO         4672    i.__0sprintf        mc_w.l(printfa.o)
    0x08005970   0x00000050   Code   RO         3386    i.__getMasterControlValue  low_lvl_main.o
    0x080059c0   0x00000014   Code   RO         4410    i.__hardfp_fabs     m_wm.l(fabs.o)
    0x080059d4   0x00000074   Code   RO         4428    i.__hardfp_fmin     m_wm.l(fmin.o)
    0x08005a48   0x0000007a   Code   RO         4416    i.__hardfp_sqrt     m_wm.l(sqrt.o)
    0x08005ac2   0x00000002   PAD
    0x08005ac4   0x00000008   Code   RO         3387    i.__measureOutput   low_lvl_main.o
    0x08005acc   0x0000000e   Code   RO         4797    i.__scatterload_copy  mc_w.l(handlers.o)
    0x08005ada   0x00000002   Code   RO         4798    i.__scatterload_null  mc_w.l(handlers.o)
    0x08005adc   0x0000000e   Code   RO         4799    i.__scatterload_zeroinit  mc_w.l(handlers.o)
    0x08005aea   0x00000002   PAD
    0x08005aec   0x00000058   Code   RO         3388    i.__setControlValue  low_lvl_main.o
    0x08005b44   0x0000000c   Code   RO         4763    i.__set_errno       mc_w.l(errno.o)
    0x08005b50   0x00000164   Code   RO         4677    i._fp_digits        mc_w.l(printfa.o)
    0x08005cb4   0x000006dc   Code   RO         4678    i._printf_core      mc_w.l(printfa.o)
    0x08006390   0x00000024   Code   RO         4679    i._printf_post_padding  mc_w.l(printfa.o)
    0x080063b4   0x0000002e   Code   RO         4680    i._printf_pre_padding  mc_w.l(printfa.o)
    0x080063e2   0x0000000a   Code   RO         4682    i._sputc            mc_w.l(printfa.o)
    0x080063ec   0x0000004c   Code   RO         4285    i.controller_setup  main_mpc.o
    0x08006438   0x00000044   Code   RO         4286    i.controls          main_mpc.o
    0x0800647c   0x0000002c   Code   RO         3641    i.create_matrix     mpctools.o
    0x080064a8   0x0000000c   Code   RO         3642    i.create_vector     mpctools.o
    0x080064b4   0x00000098   Code   RO         3871    i.dtablica          alokacja_nr.o
    0x0800654c   0x00000164   Code   RO         3872    i.dtablica3         alokacja_nr.o
    0x080066b0   0x00000034   Code   RO         3875    i.dwektor           alokacja_nr.o
    0x080066e4   0x00000012   Code   RO         4748    i.fputc             mc_w.l(fputc.o)
    0x080066f6   0x00000008   Code   RO         4287    i.get_time          main_mpc.o
    0x080066fe   0x00000002   PAD
    0x08006700   0x00000028   Code   RO         4288    i.hardware_setup    main_mpc.o
    0x08006728   0x00000098   Code   RO         4289    i.idle              main_mpc.o
    0x080067c0   0x00000064   Code   RO         3956    i.iloczynaat        obl_macierzowe.o
    0x08006824   0x00000070   Code   RO         3957    i.iloczynab         obl_macierzowe.o
    0x08006894   0x00000070   Code   RO         3958    i.iloczynabt        obl_macierzowe.o
    0x08006904   0x00000070   Code   RO         3960    i.iloczynatb        obl_macierzowe.o
    0x08006974   0x00000054   Code   RO         3961    i.iloczynatw        obl_macierzowe.o
    0x080069c8   0x00000054   Code   RO         3962    i.iloczynaw         obl_macierzowe.o
    0x08006a1c   0x0000003e   Code   RO         3965    i.iloczynwwt        obl_macierzowe.o
    0x08006a5a   0x00000002   PAD
    0x08006a5c   0x000002c4   Code   RO         4043    i.inicjalizacjapk   pk.o
    0x08006d20   0x000000f8   Code   RO         3643    i.init_archive_data  mpctools.o
    0x08006e18   0x00000060   Code   RO         3644    i.init_current_control  mpctools.o
    0x08006e78   0x00000024   Code   RO         4045    i.liczwyzn          pk.o
    0x08006e9c   0x000003a4   Code   RO         4046    i.liczwyznmacodwr   pk.o
    0x08007240   0x00000038   Code   RO         4290    i.loop              main_mpc.o
    0x08007278   0x00000050   Code   RO         3389    i.low_lvl_main      low_lvl_main.o
    0x080072c8   0x00000034   Code   RO         3879    i.lwektor           alokacja_nr.o
    0x080072fc   0x00000004   Code   RO         3593    i.main              main.o
    0x08007300   0x00000038   Code   RO         3595    i.main_interrupt    main.o
    0x08007338   0x0000006c   Code   RO         4699    i.malloc            mc_w.l(malloc.o)
    0x080073a4   0x00000008   Code   RO         4291    i.measureOutput     main_mpc.o
    0x080073ac   0x00000018   Code   RO         4292    i.measurements      main_mpc.o
    0x080073c4   0x000000a2   Code   RO         3647    i.new_control       mpctools.o
    0x08007466   0x000000a0   Code   RO         3648    i.new_control_increment  mpctools.o
    0x08007506   0x00000056   Code   RO         3649    i.new_output        mpctools.o
    0x0800755c   0x0000001c   Code   RO         3881    i.piszkomunikat     alokacja_nr.o
    0x08007578   0x00000330   Code   RO         4047    i.pk                pk.o
    0x080078a8   0x0000087a   Code   RO         4048    i.pkr               pk.o
    0x08008122   0x00000002   PAD
    0x08008124   0x0000000c   Code   RO         4049    i.pobierzA          pk.o
    0x08008130   0x0000000c   Code   RO         4050    i.pobierzG          pk.o
    0x0800813c   0x0000000c   Code   RO         4051    i.pobierzb          pk.o
    0x08008148   0x0000000c   Code   RO         4056    i.pobierzt          pk.o
    0x08008154   0x0000000c   Code   RO         4057    i.pobierzx          pk.o
    0x08008160   0x00000160   Code   RO         4059    i.pomocniczezadpkr  pk.o
    0x080082c0   0x00000020   Code   RO         4295    i.proposeControlValue  main_mpc.o
    0x080082e0   0x0000001e   Code   RO         3654    i.pushCurrentControlsToArchiveData  mpctools.o
    0x080082fe   0x00000002   PAD
    0x08008300   0x000002b0   Code   RO         4060    i.rozklu            pk.o
    0x080085b0   0x0000059c   Code   RO         4061    i.rozkqr            pk.o
    0x08008b4c   0x00000008   Code   RO         3655    i.setCurrentControl  mpctools.o
    0x08008b54   0x00000008   Code   RO         3656    i.setCurrentControlIncrement  mpctools.o
    0x08008b5c   0x0000005c   Code   RO         3968    i.sumaww            obl_macierzowe.o
    0x08008bb8   0x00000140   Code   RO         4062    i.testogr           pk.o
    0x08008cf8   0x00000002   Code   RO         4297    i.timeout           main_mpc.o
    0x08008cfa   0x00000002   PAD
    0x08008cfc   0x00000028   Code   RO         3596    i.timer_loop        main.o
    0x08008d24   0x0000000c   Code   RO         4063    i.ustawilogr        pk.o
    0x08008d30   0x0000000c   Code   RO         4064    i.ustawilzm         pk.o
    0x08008d3c   0x0000004c   Code   RO         3390    i.write_string      low_lvl_main.o
    0x08008d88   0x0000001a   Code   RO         4065    i.znak              pk.o
    0x08008da2   0x00000008   Data   RO         2934    .constdata          stm32f7xx_hal_dma.o
    0x08008daa   0x00000018   Data   RO         3172    .constdata          system_stm32f7xx.o
    0x08008dc2   0x00000002   PAD
    0x08008dc4   0x00000020   Data   RO         4795    Region$$Table       anon$$obj.o


    Execution Region RW_IRAM1 (Base: 0x20000000, Size: 0x00024730, Max: 0x00050000, ABSOLUTE, COMPRESSED[0x00000030])

    Base Addr    Size         Type   Attr      Idx    E Section Name        Object

    0x20000000   0x00000004   Data   RW         2018    .data               stm32f7xx_hal.o
    0x20000004   0x00000004   Data   RW         3173    .data               system_stm32f7xx.o
    0x20000008   0x00000018   Data   RW         3392    .data               low_lvl_main.o
    0x20000020   0x00000004   Data   RW         3597    .data               main.o
    0x20000024   0x0000009c   Data   RW         4066    .data               pk.o
    0x200000c0   0x000000a4   Data   RW         4299    .data               main_mpc.o
    0x20000164   0x00000004   Data   RW         4750    .data               mc_w.l(stdout.o)
    0x20000168   0x00000004   Data   RW         4759    .data               mc_w.l(mvars.o)
    0x2000016c   0x00000004   Data   RW         4760    .data               mc_w.l(mvars.o)
    0x20000170   0x00000004   Data   RW         4764    .data               mc_w.l(errno.o)
    0x20000174   0x00000518   Zero   RW         3391    .bss                low_lvl_main.o
    0x2000068c   0x000000a4   Zero   RW         4298    .bss                main_mpc.o
    0x20000730   0x00020000   Zero   RW         3161    HEAP                startup_stm32f746xx.o
    0x20020730   0x00004000   Zero   RW         3160    STACK               startup_stm32f746xx.o


==============================================================================

Image component sizes


      Code (inc. data)   RO Data    RW Data    ZI Data      Debug   Object Name

       640         68          0          0          0       4043   alokacja_nr.o
      1828        410          0         24       1304      11801   low_lvl_main.o
       100         10          0          4          0       1933   main.o
      6082        500          0        164        164      13087   main_mpc.o
       854          8          0          0          0       8026   mpctools.o
       758         28          0          0          0       7046   obl_macierzowe.o
      7568        606          0        156          0      15588   pk.o
        36          8        456          0     147456        856   startup_stm32f746xx.o
        90         14          0          4          0       3507   stm32f7xx_hal.o
      2016         86          0          0          0       9586   stm32f7xx_hal_adc.o
         2          0          0          0          0       1105   stm32f7xx_hal_adc_ex.o
       348         22          0          0          0      38153   stm32f7xx_hal_cortex.o
      1284         20          8          0          0       6630   stm32f7xx_hal_dma.o
         0          0          0          0          0     824980   stm32f7xx_hal_flash_ex.o
       600         56          0          0          0       4655   stm32f7xx_hal_gpio.o
       894        126          0          0          0       3622   stm32f7xx_hal_msp.o
       144          8          0          0          0       1376   stm32f7xx_hal_pwr_ex.o
      1780         70          0          0          0       5832   stm32f7xx_hal_rcc.o
      1760         18          0          0          0       2340   stm32f7xx_hal_rcc_ex.o
      1214         48          0          0          0      10903   stm32f7xx_hal_tim.o
       112         10          0          0          0       2746   stm32f7xx_hal_tim_ex.o
      2722         80          0          0          0      17003   stm32f7xx_hal_uart.o
       190         54          0          0          0       7526   stm32f7xx_it.o
       100         18         24          4          0       1311   system_stm32f7xx.o

    ----------------------------------------------------------------------
     31150       2268        522        356     148924    1003655   Object Totals
         0          0         32          0          0          0   (incl. Generated)
        28          0          2          0          0          0   (incl. Padding)

    ----------------------------------------------------------------------

      Code (inc. data)   RO Data    RW Data    ZI Data      Debug   Library Member Name

        20          0          0          0          0        124   fabs.o
       116          0          0          0          0        164   fmin.o
       122          0          0          0          0        148   sqrt.o
        58          0          0          0          0          0   __dczerorl.o
         0          0          0          0          0          0   entry.o
         0          0          0          0          0          0   entry10a.o
         0          0          0          0          0          0   entry11a.o
         8          4          0          0          0          0   entry2.o
         4          0          0          0          0          0   entry5.o
         0          0          0          0          0          0   entry7b.o
         0          0          0          0          0          0   entry8b.o
         8          4          0          0          0          0   entry9a.o
        12          6          0          4          0         68   errno.o
        18          0          0          0          0         80   fputc.o
        30          0          0          0          0          0   handlers.o
        36          8          0          0          0         68   init.o
         0          0          0          0          0          0   iusefp.o
         0          0          0          0          0          0   iusesemip.o
        30          0          0          0          0         68   llshl.o
        36          0          0          0          0         68   llsshr.o
        32          0          0          0          0         68   llushr.o
       108         16          0          0          0         84   malloc.o
         0          0          0          8          0          0   mvars.o
      2276         96          0          0          0        596   printfa.o
         0          0          0          0          0          0   semi.o
         0          0          0          4          0          0   stdout.o
        14          0          0          0          0         68   strlen.o
        44          0          0          0          0         80   uidiv.o
        98          0          0          0          0         92   uldiv.o
        48          0          0          0          0         68   cdcmple.o
        48          0          0          0          0         68   cdrcmple.o
        56          0          0          0          0         88   d2f.o
       334          0          0          0          0        148   dadd.o
        96          0          0          0          0         80   dcmp4.o
       222          0          0          0          0        100   ddiv.o
       186          0          0          0          0        176   depilogue.o
        48          0          0          0          0         68   dfixul.o
       228          0          0          0          0         96   dmul.o
       162          0          0          0          0        100   dsqrt.o
        38          0          0          0          0         68   f2d.o
       110          0          0          0          0        168   fepilogue.o

    ----------------------------------------------------------------------
      4652        134          0         16          0       3004   Library Totals
         6          0          0          0          0          0   (incl. Padding)

    ----------------------------------------------------------------------

      Code (inc. data)   RO Data    RW Data    ZI Data      Debug   Library Name

       258          0          0          0          0        436   m_wm.l
      2812        134          0         16          0       1340   mc_w.l
      1576          0          0          0          0       1228   mf_w.l

    ----------------------------------------------------------------------
      4652        134          0         16          0       3004   Library Totals

    ----------------------------------------------------------------------

==============================================================================


      Code (inc. data)   RO Data    RW Data    ZI Data      Debug   

     35802       2402        522        372     148924     988591   Grand Totals
     35802       2402        522         48     148924     988591   ELF Image Totals (compressed)
     35802       2402        522         48          0          0   ROM Totals

==============================================================================

    Total RO  Size (Code + RO Data)                36324 (  35.47kB)
    Total RW  Size (RW Data + ZI Data)            149296 ( 145.80kB)
    Total ROM Size (Code + RO Data + RW Data)      36372 (  35.52kB)

==============================================================================

