<html>
<body>
<pre>
<h1>µVision Build Log</h1>
<h2>Tool Versions:</h2>
IDE-Version: µVision V5.17.0.0
Copyright (C) 2015 ARM Ltd and ARM Germany GmbH. All rights reserved.
License Information: Patryk Chaber, Warsaw University of Science, LIC=AK1CX-HTME0-PHK89-4K29Z-2WWZF-UB2IF
 
Tool Versions:
Toolchain:       MDK-ARM Professional  Version: 5.17
Toolchain Path:  C:\Keil_v5\ARM\ARMCC\Bin
C Compiler:      Armcc.exe V5.06 update 1 (build 61)
Assembler:       Armasm.exe V5.06 update 1 (build 61)
Linker/Locator:  ArmLink.exe V5.06 update 1 (build 61)
Library Manager: ArmAr.exe V5.06 update 1 (build 61)
Hex Converter:   FromElf.exe V5.06 update 1 (build 61)
CPU DLL:         SARMCM3.DLL V5.17
Dialog DLL:      DCM.DLL V1.13.4.0
Target DLL:      STLink\ST-LINKIII-KEIL_SWO.dll V2.0.18.0
Dialog DLL:      TCM.DLL V1.14.6.0
 
<h2>Project:</h2>
C:\Users\Admin\Documents\GitHub\Cpp\Kompilator_skrosny\ExampleForGrant\Slave_CubeMX\Slave\MDK-ARM\Slave.uvprojx
Project File Date:  12/13/2017

<h2>Output:</h2>
*** Using Compiler 'V5.06 update 1 (build 61)', folder: 'C:\Keil_v5\ARM\ARMCC\Bin'
Build target 'Slave'
Before Build - User command #1: C:\Users\Admin\Documents\GitHub\Cpp\Kompilator_skrosny\main.exe -I -i ../Src/main.mpc -o ../Src/main_mpc.c -l ../../../../Libs/MATLAB/ -L ../../../../Libs/C/
[II] Input file: ../Src/main.mpc
[II] Output file: ../Src/main_mpc.c
[II] MATLAB libraries path set to C:\Users\Admin\Documents\GitHub\Cpp\Kompilator_skrosny\Libs\MATLAB\
[II] C libraries path set to C:\Users\Admin\Documents\GitHub\Cpp\Kompilator_skrosny\Libs\C\
[II] Creating set of defines...OK
[II] Temporary input file: ../Src/main_mpc_tmp.m
[II] Opening input and output files...OK
[II] MATLAB engine initialisation...OK
[II] Current working directory (SHELL) : C:\Users\Admin\Documents\GitHub\Cpp\Kompilator_skrosny\ExampleForGrant\Slave_CubeMX\Slave\MDK-ARM
[II] Current working directory (MATLAB): C:\Users\Admin\Documents\GitHub\Cpp\Kompilator_skrosny\ExampleForGrant\Slave_CubeMX\Slave\MDK-ARM
[II] Adding MATLAB library paths...OK
[II] Setting global flag MPC_CROSSCOMPILER...OK
[II] Opening temporary file: ../Src/main_mpc_tmp.m...OK
[II] Closing temporary file: ../Src/main_mpc_tmp.m...OK
[II] Running temporary file: ../Src/main_mpc_tmp.m...OK
[II] End of cross compilation.
compiling main.c...
compiling simulated_signals.c...
compiling default_functions.c...
compiling mpctools.c...
compiling low_lvl_main.c...
compiling main_mpc.c...
linking...
Program Size: Code=35802 RO-data=522 RW-data=372 ZI-data=148924  
"Slave\Slave.axf" - 0 Error(s), 0 Warning(s).

<h2>Software Packages used:</h2>

Package Vendor: ARM
                http://www.keil.com/pack/ARM.CMSIS.4.5.0.pack
                ARM::CMSIS:CORE:4.3.0
                CMSIS (Cortex Microcontroller Software Interface Standard)
   * Component: CORE Version: 4.3.0

<h2>Collection of Component include folders:</h2>
  C:\Users\Admin\Documents\GitHub\Cpp\Kompilator_skrosny\ExampleForGrant\Slave_CubeMX\Slave\MDK-ARM\RTE
  C:\Keil_v5\ARM\PACK\ARM\CMSIS\4.5.0\CMSIS\Include
  C:\Keil_v5\ARM\PACK\Keil\STM32F7xx_DFP\2.3.0\Drivers\CMSIS\Device\ST\STM32F7xx\Include

<h2>Collection of Component Files used:</h2>

   * Component: ARM::CMSIS:CORE:4.3.0
Build Time Elapsed:  00:00:05
</pre>
</body>
</html>
