Component: ARM Compiler 5.06 update 1 (build 61) Tool: armlink [4d35a8]

==============================================================================

Section Cross References

    startup_stm32f746xx.o(RESET) refers to startup_stm32f746xx.o(STACK) for __initial_sp
    startup_stm32f746xx.o(RESET) refers to startup_stm32f746xx.o(.text) for Reset_Handler
    startup_stm32f746xx.o(RESET) refers to stm32f7xx_it.o(i.NMI_Handler) for NMI_Handler
    startup_stm32f746xx.o(RESET) refers to stm32f7xx_it.o(i.HardFault_Handler) for HardFault_Handler
    startup_stm32f746xx.o(RESET) refers to stm32f7xx_it.o(i.MemManage_Handler) for MemManage_Handler
    startup_stm32f746xx.o(RESET) refers to stm32f7xx_it.o(i.BusFault_Handler) for BusFault_Handler
    startup_stm32f746xx.o(RESET) refers to stm32f7xx_it.o(i.UsageFault_Handler) for UsageFault_Handler
    startup_stm32f746xx.o(RESET) refers to stm32f7xx_it.o(i.SVC_Handler) for SVC_Handler
    startup_stm32f746xx.o(RESET) refers to stm32f7xx_it.o(i.DebugMon_Handler) for DebugMon_Handler
    startup_stm32f746xx.o(RESET) refers to stm32f7xx_it.o(i.PendSV_Handler) for PendSV_Handler
    startup_stm32f746xx.o(RESET) refers to stm32f7xx_it.o(i.SysTick_Handler) for SysTick_Handler
    startup_stm32f746xx.o(RESET) refers to stm32f7xx_it.o(i.ADC_IRQHandler) for ADC_IRQHandler
    startup_stm32f746xx.o(RESET) refers to stm32f7xx_it.o(i.TIM2_IRQHandler) for TIM2_IRQHandler
    startup_stm32f746xx.o(RESET) refers to stm32f7xx_it.o(i.USART1_IRQHandler) for USART1_IRQHandler
    startup_stm32f746xx.o(RESET) refers to stm32f7xx_it.o(i.DMA2_Stream0_IRQHandler) for DMA2_Stream0_IRQHandler
    startup_stm32f746xx.o(.text) refers to system_stm32f7xx.o(i.SystemInit) for SystemInit
    startup_stm32f746xx.o(.text) refers to entry.o(.ARM.Collect$$$$00000000) for __main
    default_functions.o(i.__controller_setup) refers to main_mpc.o(i.controller_setup) for controller_setup
    default_functions.o(i.__controls) refers to main_mpc.o(i.controls) for controls
    default_functions.o(i.__get_time) refers to main_mpc.o(i.get_time) for get_time
    default_functions.o(i.__hardware_setup) refers to main_mpc.o(i.hardware_setup) for hardware_setup
    default_functions.o(i.__idle) refers to main_mpc.o(i.idle) for idle
    default_functions.o(i.__loop) refers to main_mpc.o(i.loop) for loop
    default_functions.o(i.__measurements) refers to main_mpc.o(i.measurements) for measurements
    default_functions.o(i.__sim_controls) refers to default_functions.o(i.sim_controls) for sim_controls
    default_functions.o(i.__sim_measurements) refers to default_functions.o(i.sim_measurements) for sim_measurements
    default_functions.o(i.__sim_setup) refers to default_functions.o(i.sim_setup) for sim_setup
    default_functions.o(i.__timeout) refers to main_mpc.o(i.timeout) for timeout
    default_functions.o(i.__write_string) refers to main_1.o(i.write_string) for write_string
    default_functions.o(i.write_string) refers to printfa.o(i.__0printf) for __2printf
    main.o(i.main) refers to main.o(i.main_interrupt) for main_interrupt
    main.o(i.main_counter) refers to default_functions.o(i.__hardware_setup) for __hardware_setup
    main.o(i.main_counter) refers to default_functions.o(i.__controller_setup) for __controller_setup
    main.o(i.main_counter) refers to default_functions.o(i.__get_time) for __get_time
    main.o(i.main_counter) refers to default_functions.o(i.__controls) for __controls
    main.o(i.main_counter) refers to default_functions.o(i.__measurements) for __measurements
    main.o(i.main_counter) refers to default_functions.o(i.__loop) for __loop
    main.o(i.main_counter) refers to default_functions.o(i.__idle) for __idle
    main.o(i.main_interrupt) refers to default_functions.o(i.__hardware_setup) for __hardware_setup
    main.o(i.main_interrupt) refers to default_functions.o(i.__controller_setup) for __controller_setup
    main.o(i.main_interrupt) refers to default_functions.o(i.__controls) for __controls
    main.o(i.main_interrupt) refers to default_functions.o(i.__measurements) for __measurements
    main.o(i.main_interrupt) refers to default_functions.o(i.__loop) for __loop
    main.o(i.main_interrupt) refers to default_functions.o(i.__idle) for __idle
    main.o(i.main_interrupt) refers to main.o(.data) for ready
    main.o(i.timer_loop) refers to main.o(.data) for ready
    mat_lib.o(i.mat_add) refers to mat_lib.o(i.mat_get) for mat_get
    mat_lib.o(i.mat_add) refers to mat_lib.o(i.mat_set) for mat_set
    mat_lib.o(i.mat_add_s) refers to mat_lib.o(i.mat_get) for mat_get
    mat_lib.o(i.mat_add_s) refers to mat_lib.o(i.mat_set) for mat_set
    mat_lib.o(i.mat_get) refers to mat_lib.o(i.error) for error
    mat_lib.o(i.mat_move_down) refers to mat_lib.o(i.mat_get) for mat_get
    mat_lib.o(i.mat_move_down) refers to mat_lib.o(i.mat_set) for mat_set
    mat_lib.o(i.mat_move_left) refers to mat_lib.o(i.mat_get) for mat_get
[...]
    osqp_lb                                  0x20000958   Data         160  main_mpc.o(.bss)
    osqp_ub                                  0x200009f8   Data         160  main_mpc.o(.bss)
    ftmp                                     0x20000a98   Data          44  main_mpc.o(.bss)
    btmp                                     0x20000ac4   Data         164  main_mpc.o(.bss)
    qpx                                      0x20000b68   Data          44  main_mpc.o(.bss)
    str                                      0x20000b94   Data        1000  main_mpc.o(.bss)
    .bss                                     0x20000f7c   Section     1260  main_1.o(.bss)
    HEAP                                     0x20001468   Section    262144  startup_stm32f746xx.o(HEAP)
    STACK                                    0x20041468   Section    16384  startup_stm32f746xx.o(STACK)

    Global Symbols

    Symbol Name                              Value     Ov Type        Size  Object(Section)

    BuildAttributes$$THM_ISAv4$E$P$D$K$B$S$7EM$VFPi5$EXTD16$VFPS$VFMA$PE$PLD8$A:L22UL41UL21$X:L11$S22US41US21$IEEE1$IW$USESV6$~STKCKD$USESV7$~SHL$OTIME$ROPI$IEEEJ$EBA8$MICROLIB$REQ8$PRES8$EABIv2 0x00000000   Number         0  anon$$obj.o ABSOLUTE
    __ARM_use_no_argv                        0x00000000   Number         0  main.o ABSOLUTE
    _printf_a                                0x00000000   Number         0  stubs.o ABSOLUTE
    _printf_c                                0x00000000   Number         0  stubs.o ABSOLUTE
    _printf_charcount                        0x00000000   Number         0  stubs.o ABSOLUTE
    _printf_d                                0x00000000   Number         0  stubs.o ABSOLUTE
    _printf_e                                0x00000000   Number         0  stubs.o ABSOLUTE
    _printf_f                                0x00000000   Number         0  stubs.o ABSOLUTE
    _printf_flags                            0x00000000   Number         0  stubs.o ABSOLUTE
    _printf_fp_dec                           0x00000000   Number         0  stubs.o ABSOLUTE
    _printf_fp_hex                           0x00000000   Number         0  stubs.o ABSOLUTE
    _printf_g                                0x00000000   Number         0  stubs.o ABSOLUTE
    _printf_i                                0x00000000   Number         0  stubs.o ABSOLUTE
    _printf_int_dec                          0x00000000   Number         0  stubs.o ABSOLUTE
    _printf_l                                0x00000000   Number         0  stubs.o ABSOLUTE
    _printf_lc                               0x00000000   Number         0  stubs.o ABSOLUTE
    _printf_ll                               0x00000000   Number         0  stubs.o ABSOLUTE
    _printf_lld                              0x00000000   Number         0  stubs.o ABSOLUTE
    _printf_lli                              0x00000000   Number         0  stubs.o ABSOLUTE
    _printf_llo                              0x00000000   Number         0  stubs.o ABSOLUTE
    _printf_llu                              0x00000000   Number         0  stubs.o ABSOLUTE
    _printf_llx                              0x00000000   Number         0  stubs.o ABSOLUTE
    _printf_longlong_dec                     0x00000000   Number         0  stubs.o ABSOLUTE
    _printf_longlong_hex                     0x00000000   Number         0  stubs.o ABSOLUTE
    _printf_longlong_oct                     0x00000000   Number         0  stubs.o ABSOLUTE
    _printf_ls                               0x00000000   Number         0  stubs.o ABSOLUTE
    _printf_mbtowc                           0x00000000   Number         0  stubs.o ABSOLUTE
    _printf_n                                0x00000000   Number         0  stubs.o ABSOLUTE
    _printf_o                                0x00000000   Number         0  stubs.o ABSOLUTE
    _printf_p                                0x00000000   Number         0  stubs.o ABSOLUTE
    _printf_percent                          0x00000000   Number         0  stubs.o ABSOLUTE
    _printf_pre_padding                      0x00000000   Number         0  stubs.o ABSOLUTE
    _printf_return_value                     0x00000000   Number         0  stubs.o ABSOLUTE
    _printf_s                                0x00000000   Number         0  stubs.o ABSOLUTE
    _printf_sizespec                         0x00000000   Number         0  stubs.o ABSOLUTE
    _printf_str                              0x00000000   Number         0  stubs.o ABSOLUTE
    _printf_truncate_signed                  0x00000000   Number         0  stubs.o ABSOLUTE
    _printf_truncate_unsigned                0x00000000   Number         0  stubs.o ABSOLUTE
    _printf_u                                0x00000000   Number         0  stubs.o ABSOLUTE
    _printf_wc                               0x00000000   Number         0  stubs.o ABSOLUTE
    _printf_wctomb                           0x00000000   Number         0  stubs.o ABSOLUTE
    _printf_widthprec                        0x00000000   Number         0  stubs.o ABSOLUTE
    _printf_x                                0x00000000   Number         0  stubs.o ABSOLUTE
    __cpp_initialize__aeabi_                  - Undefined Weak Reference
    __cxa_finalize                            - Undefined Weak Reference
    __decompress                              - Undefined Weak Reference
    _clock_init                               - Undefined Weak Reference
    _microlib_exit                            - Undefined Weak Reference
    __Vectors_Size                           0x000001c8   Number         0  startup_stm32f746xx.o ABSOLUTE
    __Vectors                                0x08000000   Data           4  startup_stm32f746xx.o(RESET)
    __Vectors_End                            0x080001c8   Data           0  startup_stm32f746xx.o(RESET)
    __main                                   0x080001c9   Thumb Code     0  entry.o(.ARM.Collect$$$$00000000)
    _main_stk                                0x080001c9   Thumb Code     0  entry2.o(.ARM.Collect$$$$00000001)
    _main_scatterload                        0x080001cd   Thumb Code     0  entry5.o(.ARM.Collect$$$$00000004)
    __main_after_scatterload                 0x080001d1   Thumb Code     0  entry5.o(.ARM.Collect$$$$00000004)
    _main_clock                              0x080001d1   Thumb Code     0  entry7b.o(.ARM.Collect$$$$00000008)
    _main_cpp_init                           0x080001d1   Thumb Code     0  entry8b.o(.ARM.Collect$$$$0000000A)
    _main_init                               0x080001d1   Thumb Code     0  entry9a.o(.ARM.Collect$$$$0000000B)
    __rt_final_cpp                           0x080001d9   Thumb Code     0  entry10a.o(.ARM.Collect$$$$0000000D)
    __rt_final_exit                          0x080001d9   Thumb Code     0  entry11a.o(.ARM.Collect$$$$0000000F)
    Reset_Handler                            0x080001dd   Thumb Code     8  startup_stm32f746xx.o(.text)
    CAN1_RX0_IRQHandler                      0x080001f7   Thumb Code     0  startup_stm32f746xx.o(.text)
    CAN1_RX1_IRQHandler                      0x080001f7   Thumb Code     0  startup_stm32f746xx.o(.text)
    CAN1_SCE_IRQHandler                      0x080001f7   Thumb Code     0  startup_stm32f746xx.o(.text)
    CAN1_TX_IRQHandler                       0x080001f7   Thumb Code     0  startup_stm32f746xx.o(.text)
    CAN2_RX0_IRQHandler                      0x080001f7   Thumb Code     0  startup_stm32f746xx.o(.text)
    CAN2_RX1_IRQHandler                      0x080001f7   Thumb Code     0  startup_stm32f746xx.o(.text)
    CAN2_SCE_IRQHandler                      0x080001f7   Thumb Code     0  startup_stm32f746xx.o(.text)
    CAN2_TX_IRQHandler                       0x080001f7   Thumb Code     0  startup_stm32f746xx.o(.text)
    CEC_IRQHandler                           0x080001f7   Thumb Code     0  startup_stm32f746xx.o(.text)
    DCMI_IRQHandler                          0x080001f7   Thumb Code     0  startup_stm32f746xx.o(.text)
    DMA1_Stream0_IRQHandler                  0x080001f7   Thumb Code     0  startup_stm32f746xx.o(.text)
    DMA1_Stream1_IRQHandler                  0x080001f7   Thumb Code     0  startup_stm32f746xx.o(.text)
    DMA1_Stream2_IRQHandler                  0x080001f7   Thumb Code     0  startup_stm32f746xx.o(.text)
    DMA1_Stream3_IRQHandler                  0x080001f7   Thumb Code     0  startup_stm32f746xx.o(.text)
    DMA1_Stream4_IRQHandler                  0x080001f7   Thumb Code     0  startup_stm32f746xx.o(.text)
    DMA1_Stream5_IRQHandler                  0x080001f7   Thumb Code     0  startup_stm32f746xx.o(.text)
    DMA1_Stream6_IRQHandler                  0x080001f7   Thumb Code     0  startup_stm32f746xx.o(.text)
    DMA1_Stream7_IRQHandler                  0x080001f7   Thumb Code     0  startup_stm32f746xx.o(.text)
    DMA2D_IRQHandler                         0x080001f7   Thumb Code     0  startup_stm32f746xx.o(.text)
    DMA2_Stream1_IRQHandler                  0x080001f7   Thumb Code     0  startup_stm32f746xx.o(.text)
    DMA2_Stream2_IRQHandler                  0x080001f7   Thumb Code     0  startup_stm32f746xx.o(.text)
    DMA2_Stream3_IRQHandler                  0x080001f7   Thumb Code     0  startup_stm32f746xx.o(.text)
    DMA2_Stream4_IRQHandler                  0x080001f7   Thumb Code     0  startup_stm32f746xx.o(.text)
    DMA2_Stream5_IRQHandler                  0x080001f7   Thumb Code     0  startup_stm32f746xx.o(.text)
    DMA2_Stream6_IRQHandler                  0x080001f7   Thumb Code     0  startup_stm32f746xx.o(.text)
    DMA2_Stream7_IRQHandler                  0x080001f7   Thumb Code     0  startup_stm32f746xx.o(.text)
    ETH_IRQHandler                           0x080001f7   Thumb Code     0  startup_stm32f746xx.o(.text)
    ETH_WKUP_IRQHandler                      0x080001f7   Thumb Code     0  startup_stm32f746xx.o(.text)
    EXTI0_IRQHandler                         0x080001f7   Thumb Code     0  startup_stm32f746xx.o(.text)
    EXTI15_10_IRQHandler                     0x080001f7   Thumb Code     0  startup_stm32f746xx.o(.text)
    EXTI1_IRQHandler                         0x080001f7   Thumb Code     0  startup_stm32f746xx.o(.text)
    EXTI2_IRQHandler                         0x080001f7   Thumb Code     0  startup_stm32f746xx.o(.text)
    EXTI3_IRQHandler                         0x080001f7   Thumb Code     0  startup_stm32f746xx.o(.text)
    EXTI4_IRQHandler                         0x080001f7   Thumb Code     0  startup_stm32f746xx.o(.text)
    EXTI9_5_IRQHandler                       0x080001f7   Thumb Code     0  startup_stm32f746xx.o(.text)
    FLASH_IRQHandler                         0x080001f7   Thumb Code     0  startup_stm32f746xx.o(.text)
    FMC_IRQHandler                           0x080001f7   Thumb Code     0  startup_stm32f746xx.o(.text)
    FPU_IRQHandler                           0x080001f7   Thumb Code     0  startup_stm32f746xx.o(.text)
    I2C1_ER_IRQHandler                       0x080001f7   Thumb Code     0  startup_stm32f746xx.o(.text)
    I2C1_EV_IRQHandler                       0x080001f7   Thumb Code     0  startup_stm32f746xx.o(.text)
    I2C2_ER_IRQHandler                       0x080001f7   Thumb Code     0  startup_stm32f746xx.o(.text)
    I2C2_EV_IRQHandler                       0x080001f7   Thumb Code     0  startup_stm32f746xx.o(.text)
    I2C3_ER_IRQHandler                       0x080001f7   Thumb Code     0  startup_stm32f746xx.o(.text)
    I2C3_EV_IRQHandler                       0x080001f7   Thumb Code     0  startup_stm32f746xx.o(.text)
    I2C4_ER_IRQHandler                       0x080001f7   Thumb Code     0  startup_stm32f746xx.o(.text)
    I2C4_EV_IRQHandler                       0x080001f7   Thumb Code     0  startup_stm32f746xx.o(.text)
    LPTIM1_IRQHandler                        0x080001f7   Thumb Code     0  startup_stm32f746xx.o(.text)
    LTDC_ER_IRQHandler                       0x080001f7   Thumb Code     0  startup_stm32f746xx.o(.text)
    LTDC_IRQHandler                          0x080001f7   Thumb Code     0  startup_stm32f746xx.o(.text)
    OTG_FS_IRQHandler                        0x080001f7   Thumb Code     0  startup_stm32f746xx.o(.text)
    OTG_FS_WKUP_IRQHandler                   0x080001f7   Thumb Code     0  startup_stm32f746xx.o(.text)
    OTG_HS_EP1_IN_IRQHandler                 0x080001f7   Thumb Code     0  startup_stm32f746xx.o(.text)
    OTG_HS_EP1_OUT_IRQHandler                0x080001f7   Thumb Code     0  startup_stm32f746xx.o(.text)
    OTG_HS_IRQHandler                        0x080001f7   Thumb Code     0  startup_stm32f746xx.o(.text)
    OTG_HS_WKUP_IRQHandler                   0x080001f7   Thumb Code     0  startup_stm32f746xx.o(.text)
    PVD_IRQHandler                           0x080001f7   Thumb Code     0  startup_stm32f746xx.o(.text)
    QUADSPI_IRQHandler                       0x080001f7   Thumb Code     0  startup_stm32f746xx.o(.text)
    RCC_IRQHandler                           0x080001f7   Thumb Code     0  startup_stm32f746xx.o(.text)
    RNG_IRQHandler                           0x080001f7   Thumb Code     0  startup_stm32f746xx.o(.text)
    RTC_Alarm_IRQHandler                     0x080001f7   Thumb Code     0  startup_stm32f746xx.o(.text)
    RTC_WKUP_IRQHandler                      0x080001f7   Thumb Code     0  startup_stm32f746xx.o(.text)
    SAI1_IRQHandler                          0x080001f7   Thumb Code     0  startup_stm32f746xx.o(.text)
    SAI2_IRQHandler                          0x080001f7   Thumb Code     0  startup_stm32f746xx.o(.text)
    SDMMC1_IRQHandler                        0x080001f7   Thumb Code     0  startup_stm32f746xx.o(.text)
    SPDIF_RX_IRQHandler                      0x080001f7   Thumb Code     0  startup_stm32f746xx.o(.text)
    SPI1_IRQHandler                          0x080001f7   Thumb Code     0  startup_stm32f746xx.o(.text)
    SPI2_IRQHandler                          0x080001f7   Thumb Code     0  startup_stm32f746xx.o(.text)
    SPI3_IRQHandler                          0x080001f7   Thumb Code     0  startup_stm32f746xx.o(.text)
    SPI4_IRQHandler                          0x080001f7   Thumb Code     0  startup_stm32f746xx.o(.text)
    SPI5_IRQHandler                          0x080001f7   Thumb Code     0  startup_stm32f746xx.o(.text)
    SPI6_IRQHandler                          0x080001f7   Thumb Code     0  startup_stm32f746xx.o(.text)
    TAMP_STAMP_IRQHandler                    0x080001f7   Thumb Code     0  startup_stm32f746xx.o(.text)
    TIM1_BRK_TIM9_IRQHandler                 0x080001f7   Thumb Code     0  startup_stm32f746xx.o(.text)
    TIM1_CC_IRQHandler                       0x080001f7   Thumb Code     0  startup_stm32f746xx.o(.text)
    TIM1_TRG_COM_TIM11_IRQHandler            0x080001f7   Thumb Code     0  startup_stm32f746xx.o(.text)
    TIM1_UP_TIM10_IRQHandler                 0x080001f7   Thumb Code     0  startup_stm32f746xx.o(.text)
    TIM3_IRQHandler                          0x080001f7   Thumb Code     0  startup_stm32f746xx.o(.text)
    TIM4_IRQHandler                          0x080001f7   Thumb Code     0  startup_stm32f746xx.o(.text)
    TIM5_IRQHandler                          0x080001f7   Thumb Code     0  startup_stm32f746xx.o(.text)
    TIM6_DAC_IRQHandler                      0x080001f7   Thumb Code     0  startup_stm32f746xx.o(.text)
    TIM7_IRQHandler                          0x080001f7   Thumb Code     0  startup_stm32f746xx.o(.text)
    TIM8_BRK_TIM12_IRQHandler                0x080001f7   Thumb Code     0  startup_stm32f746xx.o(.text)
    TIM8_CC_IRQHandler                       0x080001f7   Thumb Code     0  startup_stm32f746xx.o(.text)
    TIM8_TRG_COM_TIM14_IRQHandler            0x080001f7   Thumb Code     0  startup_stm32f746xx.o(.text)
    TIM8_UP_TIM13_IRQHandler                 0x080001f7   Thumb Code     0  startup_stm32f746xx.o(.text)
    UART4_IRQHandler                         0x080001f7   Thumb Code     0  startup_stm32f746xx.o(.text)
    UART5_IRQHandler                         0x080001f7   Thumb Code     0  startup_stm32f746xx.o(.text)
    UART7_IRQHandler                         0x080001f7   Thumb Code     0  startup_stm32f746xx.o(.text)
    UART8_IRQHandler                         0x080001f7   Thumb Code     0  startup_stm32f746xx.o(.text)
    USART2_IRQHandler                        0x080001f7   Thumb Code     0  startup_stm32f746xx.o(.text)
    USART3_IRQHandler                        0x080001f7   Thumb Code     0  startup_stm32f746xx.o(.text)
    USART6_IRQHandler                        0x080001f7   Thumb Code     0  startup_stm32f746xx.o(.text)
    WWDG_IRQHandler                          0x080001f7   Thumb Code     0  startup_stm32f746xx.o(.text)
    __aeabi_uldivmod                         0x08000201   Thumb Code    98  uldiv.o(.text)
    __aeabi_ldivmod                          0x08000263   Thumb Code    98  ldiv.o(.text)
    __aeabi_memcpy                           0x080002c5   Thumb Code    36  memcpya.o(.text)
    __aeabi_memcpy4                          0x080002c5   Thumb Code     0  memcpya.o(.text)
    __aeabi_memcpy8                          0x080002c5   Thumb Code     0  memcpya.o(.text)
    __aeabi_memset                           0x080002e9   Thumb Code    14  memseta.o(.text)
    __aeabi_memset4                          0x080002e9   Thumb Code     0  memseta.o(.text)
    __aeabi_memset8                          0x080002e9   Thumb Code     0  memseta.o(.text)
    __aeabi_memclr                           0x080002f7   Thumb Code     4  memseta.o(.text)
    __aeabi_memclr4                          0x080002f7   Thumb Code     0  memseta.o(.text)
    __aeabi_memclr8                          0x080002f7   Thumb Code     0  memseta.o(.text)
    _memset$wrapper                          0x080002fb   Thumb Code    18  memseta.o(.text)
    strlen                                   0x0800030d   Thumb Code    14  strlen.o(.text)
    calloc                                   0x0800031b   Thumb Code    28  calloc.o(.text)
    __aeabi_dadd                             0x08000337   Thumb Code   322  dadd.o(.text)
    __aeabi_dsub                             0x08000479   Thumb Code     6  dadd.o(.text)
    __aeabi_drsub                            0x0800047f   Thumb Code     6  dadd.o(.text)
    __aeabi_dmul                             0x08000485   Thumb Code   228  dmul.o(.text)
    __aeabi_ddiv                             0x08000569   Thumb Code   222  ddiv.o(.text)
    __aeabi_l2f                              0x08000647   Thumb Code    44  ffltl.o(.text)
    __aeabi_d2lz                             0x08000673   Thumb Code    74  dfixl.o(.text)
    __aeabi_f2d                              0x080006bd   Thumb Code    38  f2d.o(.text)
    __aeabi_cdcmpeq                          0x080006e5   Thumb Code     0  cdcmple.o(.text)
    __aeabi_cdcmple                          0x080006e5   Thumb Code    48  cdcmple.o(.text)
    __aeabi_cdrcmple                         0x08000715   Thumb Code    48  cdrcmple.o(.text)
    __aeabi_d2f                              0x08000745   Thumb Code    56  d2f.o(.text)
    __aeabi_uidiv                            0x0800077d   Thumb Code     0  uidiv.o(.text)
    __aeabi_uidivmod                         0x0800077d   Thumb Code    44  uidiv.o(.text)
    __aeabi_llsl                             0x080007a9   Thumb Code    30  llshl.o(.text)
    _ll_shift_l                              0x080007a9   Thumb Code     0  llshl.o(.text)
    __aeabi_llsr                             0x080007c7   Thumb Code    32  llushr.o(.text)
    _ll_ushift_r                             0x080007c7   Thumb Code     0  llushr.o(.text)
    __aeabi_lasr                             0x080007e7   Thumb Code    36  llsshr.o(.text)
    _ll_sshift_r                             0x080007e7   Thumb Code     0  llsshr.o(.text)
    __I$use$fp                               0x0800080b   Thumb Code     0  iusefp.o(.text)
    _float_round                             0x0800080b   Thumb Code    18  fepilogue.o(.text)
    _float_epilogue                          0x0800081d   Thumb Code    92  fepilogue.o(.text)
    _double_round                            0x08000879   Thumb Code    30  depilogue.o(.text)
    _double_epilogue                         0x08000897   Thumb Code   156  depilogue.o(.text)
    _dsqrt                                   0x08000933   Thumb Code   162  dsqrt.o(.text)
    __aeabi_d2ulz                            0x080009d5   Thumb Code    48  dfixul.o(.text)
    __scatterload                            0x08000a05   Thumb Code    28  init.o(.text)
    __scatterload_rt2                        0x08000a05   Thumb Code     0  init.o(.text)
    __I$use$semihosting$fputc                0x08000a29   Thumb Code     0  iusesemip.o(.text)
    __semihosting_library_function           0x08000a29   Thumb Code     0  semi.o(.text)
    ADC_IRQHandler                           0x08000ad1   Thumb Code    10  stm32f7xx_it.o(i.ADC_IRQHandler)
    BusFault_Handler                         0x08000c51   Thumb Code     4  stm32f7xx_it.o(i.BusFault_Handler)
    DMA2_Stream0_IRQHandler                  0x08000c55   Thumb Code    10  stm32f7xx_it.o(i.DMA2_Stream0_IRQHandler)
    DebugMon_Handler                         0x08000d6f   Thumb Code     2  stm32f7xx_it.o(i.DebugMon_Handler)
    Error_Handler                            0x08000d71   Thumb Code     2  main_1.o(i.Error_Handler)
    HAL_ADCEx_InjectedConvCpltCallback       0x08000d73   Thumb Code     2  stm32f7xx_hal_adc_ex.o(i.HAL_ADCEx_InjectedConvCpltCallback)
    HAL_ADC_ConfigChannel                    0x08000d75   Thumb Code   414  stm32f7xx_hal_adc.o(i.HAL_ADC_ConfigChannel)
    HAL_ADC_ConvCpltCallback                 0x08000f29   Thumb Code   158  main_1.o(i.HAL_ADC_ConvCpltCallback)
    HAL_ADC_ConvHalfCpltCallback             0x08000fe1   Thumb Code     2  stm32f7xx_hal_adc.o(i.HAL_ADC_ConvHalfCpltCallback)
    HAL_ADC_ErrorCallback                    0x08000fe3   Thumb Code     2  stm32f7xx_hal_adc.o(i.HAL_ADC_ErrorCallback)
    HAL_ADC_IRQHandler                       0x08000fe5   Thumb Code   372  stm32f7xx_hal_adc.o(i.HAL_ADC_IRQHandler)
    HAL_ADC_Init                             0x08001159   Thumb Code   100  stm32f7xx_hal_adc.o(i.HAL_ADC_Init)
    HAL_ADC_LevelOutOfWindowCallback         0x080011c1   Thumb Code     2  stm32f7xx_hal_adc.o(i.HAL_ADC_LevelOutOfWindowCallback)
    HAL_ADC_MspInit                          0x080011c5   Thumb Code   182  stm32f7xx_hal_msp.o(i.HAL_ADC_MspInit)
    HAL_ADC_Start                            0x08001291   Thumb Code   282  stm32f7xx_hal_adc.o(i.HAL_ADC_Start)
    HAL_ADC_Start_DMA                        0x080013c1   Thumb Code   344  stm32f7xx_hal_adc.o(i.HAL_ADC_Start_DMA)
    HAL_DAC_ConfigChannel                    0x08001539   Thumb Code    90  stm32f7xx_hal_dac.o(i.HAL_DAC_ConfigChannel)
    HAL_DAC_Init                             0x08001593   Thumb Code    40  stm32f7xx_hal_dac.o(i.HAL_DAC_Init)
    HAL_DAC_MspInit                          0x080015bd   Thumb Code   106  stm32f7xx_hal_msp.o(i.HAL_DAC_MspInit)
    HAL_DAC_SetValue                         0x08001635   Thumb Code    44  stm32f7xx_hal_dac.o(i.HAL_DAC_SetValue)
    HAL_DAC_Start                            0x08001661   Thumb Code   140  stm32f7xx_hal_dac.o(i.HAL_DAC_Start)
    HAL_DMA_Abort_IT                         0x080016ed   Thumb Code    40  stm32f7xx_hal_dma.o(i.HAL_DMA_Abort_IT)
    HAL_DMA_IRQHandler                       0x08001715   Thumb Code   570  stm32f7xx_hal_dma.o(i.HAL_DMA_IRQHandler)
    HAL_DMA_Init                             0x08001955   Thumb Code   232  stm32f7xx_hal_dma.o(i.HAL_DMA_Init)
    HAL_DMA_Start_IT                         0x08001a41   Thumb Code   158  stm32f7xx_hal_dma.o(i.HAL_DMA_Start_IT)
    HAL_GPIO_Init                            0x08001ae1   Thumb Code   484  stm32f7xx_hal_gpio.o(i.HAL_GPIO_Init)
    HAL_GetTick                              0x08001cf9   Thumb Code     6  stm32f7xx_hal.o(i.HAL_GetTick)
    HAL_IncTick                              0x08001d05   Thumb Code    16  stm32f7xx_hal.o(i.HAL_IncTick)
    HAL_Init                                 0x08001d1d   Thumb Code    22  stm32f7xx_hal.o(i.HAL_Init)
    HAL_InitTick                             0x08001d35   Thumb Code    64  stm32f7xx_hal.o(i.HAL_InitTick)
    HAL_MspInit                              0x08001d81   Thumb Code    60  stm32f7xx_hal_msp.o(i.HAL_MspInit)
    HAL_NVIC_EnableIRQ                       0x08001dc1   Thumb Code    32  stm32f7xx_hal_cortex.o(i.HAL_NVIC_EnableIRQ)
    HAL_NVIC_SetPriority                     0x08001de1   Thumb Code   124  stm32f7xx_hal_cortex.o(i.HAL_NVIC_SetPriority)
    HAL_NVIC_SetPriorityGrouping             0x08001e5d   Thumb Code    32  stm32f7xx_hal_cortex.o(i.HAL_NVIC_SetPriorityGrouping)
    HAL_PWREx_EnableOverDrive                0x08001e85   Thumb Code   136  stm32f7xx_hal_pwr_ex.o(i.HAL_PWREx_EnableOverDrive)
    HAL_RCCEx_PeriphCLKConfig                0x08001f15   Thumb Code  1756  stm32f7xx_hal_rcc_ex.o(i.HAL_RCCEx_PeriphCLKConfig)
    HAL_RCC_ClockConfig                      0x080025f5   Thumb Code   382  stm32f7xx_hal_rcc.o(i.HAL_RCC_ClockConfig)
    HAL_RCC_GetHCLKFreq                      0x08002785   Thumb Code     6  stm32f7xx_hal_rcc.o(i.HAL_RCC_GetHCLKFreq)
    HAL_RCC_GetPCLK1Freq                     0x08002791   Thumb Code    22  stm32f7xx_hal_rcc.o(i.HAL_RCC_GetPCLK1Freq)
    HAL_RCC_GetPCLK2Freq                     0x080027b1   Thumb Code    22  stm32f7xx_hal_rcc.o(i.HAL_RCC_GetPCLK2Freq)
    HAL_RCC_GetSysClockFreq                  0x080027d1   Thumb Code   162  stm32f7xx_hal_rcc.o(i.HAL_RCC_GetSysClockFreq)
    HAL_RCC_OscConfig                        0x08002881   Thumb Code  1200  stm32f7xx_hal_rcc.o(i.HAL_RCC_OscConfig)
    HAL_RNG_Init                             0x08002d35   Thumb Code    52  stm32f7xx_hal_rng.o(i.HAL_RNG_Init)
    HAL_RNG_MspInit                          0x08002d69   Thumb Code    40  stm32f7xx_hal_msp.o(i.HAL_RNG_MspInit)
    HAL_SYSTICK_Config                       0x08002d99   Thumb Code    52  stm32f7xx_hal_cortex.o(i.HAL_SYSTICK_Config)
    HAL_TIMEx_Break2Callback                 0x08002dcd   Thumb Code     2  stm32f7xx_hal_tim_ex.o(i.HAL_TIMEx_Break2Callback)
    HAL_TIMEx_BreakCallback                  0x08002dcf   Thumb Code     2  stm32f7xx_hal_tim_ex.o(i.HAL_TIMEx_BreakCallback)
    HAL_TIMEx_CommutCallback                 0x08002dd1   Thumb Code     2  stm32f7xx_hal_tim_ex.o(i.HAL_TIMEx_CommutCallback)
    HAL_TIMEx_MasterConfigSynchronization    0x08002dd5   Thumb Code   110  stm32f7xx_hal_tim_ex.o(i.HAL_TIMEx_MasterConfigSynchronization)
    HAL_TIM_Base_Init                        0x08002e4d   Thumb Code    52  stm32f7xx_hal_tim.o(i.HAL_TIM_Base_Init)
    HAL_TIM_Base_MspInit                     0x08002e81   Thumb Code    96  stm32f7xx_hal_msp.o(i.HAL_TIM_Base_MspInit)
    HAL_TIM_Base_Start_IT                    0x08002ee9   Thumb Code    50  stm32f7xx_hal_tim.o(i.HAL_TIM_Base_Start_IT)
    HAL_TIM_ConfigClockSource                0x08002f21   Thumb Code   264  stm32f7xx_hal_tim.o(i.HAL_TIM_ConfigClockSource)
    HAL_TIM_IC_CaptureCallback               0x0800302d   Thumb Code     2  stm32f7xx_hal_tim.o(i.HAL_TIM_IC_CaptureCallback)
    HAL_TIM_IRQHandler                       0x0800302f   Thumb Code   440  stm32f7xx_hal_tim.o(i.HAL_TIM_IRQHandler)
    HAL_TIM_OC_DelayElapsedCallback          0x080031e7   Thumb Code     2  stm32f7xx_hal_tim.o(i.HAL_TIM_OC_DelayElapsedCallback)
    HAL_TIM_PWM_PulseFinishedCallback        0x080031e9   Thumb Code     2  stm32f7xx_hal_tim.o(i.HAL_TIM_PWM_PulseFinishedCallback)
    HAL_TIM_PeriodElapsedCallback            0x080031eb   Thumb Code    18  main_mpc.o(i.HAL_TIM_PeriodElapsedCallback)
    HAL_TIM_TriggerCallback                  0x080031fd   Thumb Code     2  stm32f7xx_hal_tim.o(i.HAL_TIM_TriggerCallback)
    HAL_UART_ErrorCallback                   0x080031ff   Thumb Code     2  stm32f7xx_hal_uart.o(i.HAL_UART_ErrorCallback)
    HAL_UART_GetState                        0x08003201   Thumb Code    12  stm32f7xx_hal_uart.o(i.HAL_UART_GetState)
    HAL_UART_IRQHandler                      0x0800320d   Thumb Code   366  stm32f7xx_hal_uart.o(i.HAL_UART_IRQHandler)
    HAL_UART_Init                            0x08003381   Thumb Code   116  stm32f7xx_hal_uart.o(i.HAL_UART_Init)
    HAL_UART_MspInit                         0x080033f5   Thumb Code   132  stm32f7xx_hal_msp.o(i.HAL_UART_MspInit)
    HAL_UART_Transmit_IT                     0x08003485   Thumb Code   112  stm32f7xx_hal_uart.o(i.HAL_UART_Transmit_IT)
    HAL_UART_TxCpltCallback                  0x080034fd   Thumb Code     2  stm32f7xx_hal_uart.o(i.HAL_UART_TxCpltCallback)
    HardFault_Handler                        0x080034ff   Thumb Code     4  stm32f7xx_it.o(i.HardFault_Handler)
    MemManage_Handler                        0x080038b5   Thumb Code     4  stm32f7xx_it.o(i.MemManage_Handler)
    NMI_Handler                              0x080038b9   Thumb Code     2  stm32f7xx_it.o(i.NMI_Handler)
    PendSV_Handler                           0x080038bb   Thumb Code     2  stm32f7xx_it.o(i.PendSV_Handler)
    QDLDL_Lsolve                             0x080038bd   Thumb Code   132  qdldl.o(i.QDLDL_Lsolve)
    QDLDL_Ltsolve                            0x08003941   Thumb Code   132  qdldl.o(i.QDLDL_Ltsolve)
    QDLDL_etree                              0x080039c5   Thumb Code   366  qdldl.o(i.QDLDL_etree)
    QDLDL_factor                             0x08003b35   Thumb Code  1050  qdldl.o(i.QDLDL_factor)
    QDLDL_solve                              0x08003f5d   Thumb Code   108  qdldl.o(i.QDLDL_solve)
    SVC_Handler                              0x08003fc9   Thumb Code     2  stm32f7xx_it.o(i.SVC_Handler)
    SuiteSparse_divcomplex                   0x08003fcd   Thumb Code   224  suitesparse_config.o(i.SuiteSparse_divcomplex)
    SuiteSparse_free                         0x080040b5   Thumb Code    18  suitesparse_config.o(i.SuiteSparse_free)
    SuiteSparse_hypot                        0x080040cd   Thumb Code   344  suitesparse_config.o(i.SuiteSparse_hypot)
    SuiteSparse_malloc                       0x0800422d   Thumb Code    78  suitesparse_config.o(i.SuiteSparse_malloc)
    SysTick_Handler                          0x08004281   Thumb Code     8  stm32f7xx_it.o(i.SysTick_Handler)
    SystemClock_Config                       0x08004289   Thumb Code   202  main_1.o(i.SystemClock_Config)
    SystemInit                               0x08004361   Thumb Code    82  system_stm32f7xx.o(i.SystemInit)
    TIM2_IRQHandler                          0x080043c5   Thumb Code    10  stm32f7xx_it.o(i.TIM2_IRQHandler)
    TIM_Base_SetConfig                       0x080043d5   Thumb Code   170  stm32f7xx_hal_tim.o(i.TIM_Base_SetConfig)
    TIM_ETR_SetConfig                        0x080044ad   Thumb Code    22  stm32f7xx_hal_tim.o(i.TIM_ETR_SetConfig)
    UART_AdvFeatureConfig                    0x08004523   Thumb Code   248  stm32f7xx_hal_uart.o(i.UART_AdvFeatureConfig)
    UART_CheckIdleState                      0x0800461b   Thumb Code    72  stm32f7xx_hal_uart.o(i.UART_CheckIdleState)
    UART_SetConfig                           0x080046bd   Thumb Code   884  stm32f7xx_hal_uart.o(i.UART_SetConfig)
    UART_WaitOnFlagUntilTimeout              0x08004ae5   Thumb Code   104  stm32f7xx_hal_uart.o(i.UART_WaitOnFlagUntilTimeout)
    USART1_IRQHandler                        0x08004b4d   Thumb Code    10  stm32f7xx_it.o(i.USART1_IRQHandler)
    UsageFault_Handler                       0x08004b5d   Thumb Code     4  stm32f7xx_it.o(i.UsageFault_Handler)
    __0printf                                0x08004b61   Thumb Code    22  printfa.o(i.__0printf)
    __1printf                                0x08004b61   Thumb Code     0  printfa.o(i.__0printf)
    __2printf                                0x08004b61   Thumb Code     0  printfa.o(i.__0printf)
    __c89printf                              0x08004b61   Thumb Code     0  printfa.o(i.__0printf)
    printf                                   0x08004b61   Thumb Code     0  printfa.o(i.__0printf)
    __0sprintf                               0x08004b81   Thumb Code    34  printfa.o(i.__0sprintf)
    __1sprintf                               0x08004b81   Thumb Code     0  printfa.o(i.__0sprintf)
    __2sprintf                               0x08004b81   Thumb Code     0  printfa.o(i.__0sprintf)
    __c89sprintf                             0x08004b81   Thumb Code     0  printfa.o(i.__0sprintf)
    sprintf                                  0x08004b81   Thumb Code     0  printfa.o(i.__0sprintf)
    __controller_setup                       0x08004be1   Thumb Code     8  default_functions.o(i.__controller_setup)
    __controls                               0x08004be9   Thumb Code     8  default_functions.o(i.__controls)
    free                                     0x08004bf1   Thumb Code    88  mallocr.o(i.__free$realloc)
    __get_time                               0x08004c4d   Thumb Code     8  default_functions.o(i.__get_time)
    __hardfp_fabs                            0x08004c55   Thumb Code    20  fabs.o(i.__hardfp_fabs)
    __hardfp_sqrt                            0x08004c69   Thumb Code   122  sqrt.o(i.__hardfp_sqrt)
    __hardfp_sqrtf                           0x08004ce3   Thumb Code    58  sqrtf.o(i.__hardfp_sqrtf)
    __hardware_setup                         0x08004d1d   Thumb Code     8  default_functions.o(i.__hardware_setup)
    __idle                                   0x08004d25   Thumb Code     8  default_functions.o(i.__idle)
    __loop                                   0x08004d2d   Thumb Code     8  default_functions.o(i.__loop)
    malloc                                   0x08004d35   Thumb Code    64  mallocr.o(i.__malloc$realloc)
    __measureOutput                          0x08004d85   Thumb Code     4  main_1.o(i.__measureOutput)
    __measurements                           0x08004d8d   Thumb Code     8  default_functions.o(i.__measurements)
    __scatterload_copy                       0x08004d95   Thumb Code    14  handlers.o(i.__scatterload_copy)
    __scatterload_null                       0x08004da3   Thumb Code     2  handlers.o(i.__scatterload_null)
    __scatterload_zeroinit                   0x08004da5   Thumb Code    14  handlers.o(i.__scatterload_zeroinit)
    __setControlValue                        0x08004db5   Thumb Code    74  main_1.o(i.__setControlValue)
    __set_errno                              0x08004e09   Thumb Code     6  errno.o(i.__set_errno)
    __write_string                           0x08004e15   Thumb Code    12  default_functions.o(i.__write_string)
    adapt_rho                                0x080056bd   Thumb Code   120  auxil.o(i.adapt_rho)
    add_new_profiler_entry                   0x08005735   Thumb Code    58  profiler.o(i.add_new_profiler_entry)
    amd_l1                                   0x0800576f   Thumb Code   882  amd_1.o(i.amd_l1)
    amd_l2                                   0x08005ae1   Thumb Code  6238  amd_2.o(i.amd_l2)
    amd_l_aat                                0x08007345   Thumb Code   850  amd_aat.o(i.amd_l_aat)
    amd_l_order                              0x0800769d   Thumb Code  1164  amd_order.o(i.amd_l_order)
    amd_l_post_tree                          0x08007b29   Thumb Code   212  amd_post_tree.o(i.amd_l_post_tree)
    amd_l_postorder                          0x08007bfd   Thumb Code   584  amd_postorder.o(i.amd_l_postorder)
    amd_l_preprocess                         0x08007e45   Thumb Code   488  amd_preprocess.o(i.amd_l_preprocess)
    amd_l_valid                              0x0800802d   Thumb Code   300  amd_valid.o(i.amd_l_valid)
    c_strcpy                                 0x08008159   Thumb Code    24  util.o(i.c_strcpy)
    check_termination                        0x08008171   Thumb Code   714  auxil.o(i.check_termination)
    cold_start                               0x080084bd   Thumb Code    60  auxil.o(i.cold_start)
    compute_dua_res                          0x080084fd   Thumb Code   228  auxil.o(i.compute_dua_res)
    compute_dua_tol                          0x080085e1   Thumb Code   238  auxil.o(i.compute_dua_tol)
    compute_inf_norm_cols_KKT                0x080086cf   Thumb Code    62  scaling.o(i.compute_inf_norm_cols_KKT)
    compute_obj_val                          0x0800870d   Thumb Code    92  auxil.o(i.compute_obj_val)
    compute_pri_res                          0x08008769   Thumb Code   120  auxil.o(i.compute_pri_res)
    compute_pri_tol                          0x080087e1   Thumb Code   164  auxil.o(i.compute_pri_tol)
    compute_rho_estimate                     0x08008885   Thumb Code   452  auxil.o(i.compute_rho_estimate)
    controller                               0x08008af9   Thumb Code 10490  main_mpc.o(i.controller)
    controller_setup                         0x0800b3f5   Thumb Code    62  main_mpc.o(i.controller_setup)
    controls                                 0x0800b455   Thumb Code    30  main_mpc.o(i.controls)
    copy_csc_mat                             0x0800b491   Thumb Code   132  cs.o(i.copy_csc_mat)
    copy_settings                            0x0800b515   Thumb Code   184  util.o(i.copy_settings)
    create_profiler                          0x0800b609   Thumb Code    32  profiler.o(i.create_profiler)
    csc_cumsum                               0x0800b657   Thumb Code   106  cs.o(i.csc_cumsum)
    csc_done                                 0x0800b6c1   Thumb Code    54  cs.o(i.csc_done)
    csc_matrix                               0x0800b70f   Thumb Code    74  cs.o(i.csc_matrix)
    csc_pinv                                 0x0800b759   Thumb Code    76  cs.o(i.csc_pinv)
    csc_spalloc                              0x0800b7a5   Thumb Code   230  cs.o(i.csc_spalloc)
    csc_spfree                               0x0800b88b   Thumb Code    44  cs.o(i.csc_spfree)
    csc_symperm                              0x0800b8b7   Thumb Code   754  cs.o(i.csc_symperm)
    csc_to_triu                              0x0800bba9   Thumb Code   298  cs.o(i.csc_to_triu)
    darray                                   0x0800bcd5   Thumb Code   136  allocation_nr.o(i.darray)
    darray3                                  0x0800bd6d   Thumb Code   340  allocation_nr.o(i.darray3)
    find_last                                0x0800bed1   Thumb Code    24  profiler.o(i.find_last)
    find_profiler_entry                      0x0800bee9   Thumb Code    28  profiler.o(i.find_profiler_entry)
    float2strF                               0x0800bf05   Thumb Code    72  profiler.o(i.float2strF)
    form_KKT                                 0x0800c37f   Thumb Code  1184  kkt.o(i.form_KKT)
    fputc                                    0x0800c8d7   Thumb Code    18  fputc.o(i.fputc)
    free_linsys_solver_qdldl                 0x0800c8e9   Thumb Code   166  qdldl_interface.o(i.free_linsys_solver_qdldl)
    get_profiler                             0x0800c991   Thumb Code    22  profiler.o(i.get_profiler)
    get_time                                 0x0800c9ad   Thumb Code     8  main_mpc.o(i.get_time)
    hardware_setup                           0x0800ca91   Thumb Code    22  main_mpc.o(i.hardware_setup)
    has_solution                             0x0800cab9   Thumb Code    84  auxil.o(i.has_solution)
    idle                                     0x0800cb0d   Thumb Code   268  main_mpc.o(i.idle)
    init_archive_data                        0x0800cc55   Thumb Code   248  mpctools.o(i.init_archive_data)
    init_current_control                     0x0800cd51   Thumb Code   108  mpctools.o(i.init_current_control)
    init_linsys_solver                       0x0800cdc1   Thumb Code    76  lin_sys.o(i.init_linsys_solver)
    init_linsys_solver_qdldl                 0x0800ce0d   Thumb Code   760  qdldl_interface.o(i.init_linsys_solver_qdldl)
    int_vec_set_scalar                       0x0800d11d   Thumb Code    44  lin_alg.o(i.int_vec_set_scalar)
    is_dual_infeasible                       0x0800d199   Thumb Code   518  auxil.o(i.is_dual_infeasible)
    is_primal_infeasible                     0x0800d3b1   Thumb Code   368  auxil.o(i.is_primal_infeasible)
    last_control                             0x0800d659   Thumb Code    12  mpctools.o(i.last_control)
    limit_scaling                            0x0800d665   Thumb Code   204  scaling.o(i.limit_scaling)
    load_linsys_solver                       0x0800d749   Thumb Code    16  lin_sys.o(i.load_linsys_solver)
    loop                                     0x0800d759   Thumb Code   194  main_mpc.o(i.loop)
    low_lvl_main                             0x0800d865   Thumb Code    96  main_1.o(i.low_lvl_main)
    main                                     0x0800d8d5   Thumb Code     4  main.o(i.main)
    main_interrupt                           0x0800d8d9   Thumb Code    52  main.o(i.main_interrupt)
    mat_inf_norm_cols                        0x0800d911   Thumb Code   176  lin_alg.o(i.mat_inf_norm_cols)
    mat_inf_norm_cols_sym_triu               0x0800d9c5   Thumb Code   252  lin_alg.o(i.mat_inf_norm_cols_sym_triu)
    mat_inf_norm_rows                        0x0800dac5   Thumb Code   210  lin_alg.o(i.mat_inf_norm_rows)
    mat_mult_scalar                          0x0800db9d   Thumb Code    62  lin_alg.o(i.mat_mult_scalar)
    mat_postmult_diag                        0x0800dbdb   Thumb Code   106  lin_alg.o(i.mat_postmult_diag)
    mat_premult_diag                         0x0800dc45   Thumb Code   112  lin_alg.o(i.mat_premult_diag)
    mat_tpose_vec                            0x0800dcb5   Thumb Code   740  lin_alg.o(i.mat_tpose_vec)
    mat_vec                                  0x0800df9d   Thumb Code   394  lin_alg.o(i.mat_vec)
    measurements                             0x0800e12d   Thumb Code    32  main_mpc.o(i.measurements)
    new_control                              0x0800e161   Thumb Code   162  mpctools.o(i.new_control)
    new_control_increment                    0x0800e203   Thumb Code   160  mpctools.o(i.new_control_increment)
    new_output                               0x0800e2a3   Thumb Code    86  mpctools.o(i.new_output)
    osqp_cleanup                             0x0800e2f9   Thumb Code   586  osqp.o(i.osqp_cleanup)
    osqp_set_default_settings                0x0800e545   Thumb Code   138  osqp.o(i.osqp_set_default_settings)
    osqp_setup                               0x0800e5e5   Thumb Code   954  osqp.o(i.osqp_setup)
    osqp_solve                               0x0800e99f   Thumb Code   596  osqp.o(i.osqp_solve)
    osqp_update_bounds                       0x0800ebf3   Thumb Code   192  osqp.o(i.osqp_update_bounds)
    osqp_update_lin_cost                     0x0800ecb3   Thumb Code   102  osqp.o(i.osqp_update_lin_cost)
    osqp_update_rho                          0x0800ed19   Thumb Code   450  osqp.o(i.osqp_update_rho)
    permute_x                                0x0800f067   Thumb Code    58  qdldl_interface.o(i.permute_x)
    permutet_x                               0x0800f0a1   Thumb Code    56  qdldl_interface.o(i.permutet_x)
    polish                                   0x0800f0d9   Thumb Code   600  polish.o(i.polish)
    prea_int_vec_copy                        0x0800f339   Thumb Code    50  lin_alg.o(i.prea_int_vec_copy)
    prea_vec_copy                            0x0800f36b   Thumb Code    50  lin_alg.o(i.prea_vec_copy)
    productab                                0x0800f39d   Thumb Code   108  matrix_cal.o(i.productab)
    profiler_end                             0x0800f40d   Thumb Code    92  profiler.o(i.profiler_end)
    profiler_exists                          0x0800f469   Thumb Code    14  profiler.o(i.profiler_exists)
    profiler_print                           0x0800f47d   Thumb Code   274  profiler.o(i.profiler_print)
    profiler_start                           0x0800f6a1   Thumb Code    34  profiler.o(i.profiler_start)
    project                                  0x0800f6c3   Thumb Code    88  proj.o(i.project)
    project_normalcone                       0x0800f71b   Thumb Code   152  proj.o(i.project_normalcone)
    push_current_controls_to_archive_data    0x0800f7b3   Thumb Code    30  mpctools.o(i.push_current_controls_to_archive_data)
    quad_form                                0x0800f7d1   Thumb Code   246  lin_alg.o(i.quad_form)
    realloc                                  0x0800f8cd   Thumb Code   102  mallocr.o(i.realloc)
    reset_info                               0x0800f939   Thumb Code    24  auxil.o(i.reset_info)
    scale_data                               0x0800f951   Thumb Code   620  scaling.o(i.scale_data)
    set_current_control_increment            0x0800fbc5   Thumb Code     8  mpctools.o(i.set_current_control_increment)
    set_rho_vec                              0x0800fbcd   Thumb Code   500  auxil.o(i.set_rho_vec)
    solve_linsys_qdldl                       0x0800fdfd   Thumb Code    34  qdldl_interface.o(i.solve_linsys_qdldl)
    store_solution                           0x0800fe21   Thumb Code   344  auxil.o(i.store_solution)
    sumaa                                    0x0800ff85   Thumb Code   146  matrix_cal.o(i.sumaa)
    swap_vectors                             0x08010017   Thumb Code    10  auxil.o(i.swap_vectors)
    timer_loop                               0x08010021   Thumb Code    20  main.o(i.timer_loop)
    triplet_to_csc                           0x08010039   Thumb Code   378  cs.o(i.triplet_to_csc)
    triplet_to_csr                           0x080101b3   Thumb Code   378  cs.o(i.triplet_to_csr)
    unload_linsys_solver                     0x0801032d   Thumb Code    16  lin_sys.o(i.unload_linsys_solver)
    unscale_solution                         0x0801033d   Thumb Code    82  scaling.o(i.unscale_solution)
    update_KKT_A                             0x0801038f   Thumb Code    64  kkt.o(i.update_KKT_A)
    update_KKT_P                             0x080103cf   Thumb Code   152  kkt.o(i.update_KKT_P)
    update_KKT_param2                        0x08010467   Thumb Code    68  kkt.o(i.update_KKT_param2)
    update_info                              0x080104ad   Thumb Code   180  auxil.o(i.update_info)
    update_linsys_solver_matrices_qdldl      0x08010565   Thumb Code   142  qdldl_interface.o(i.update_linsys_solver_matrices_qdldl)
    update_linsys_solver_rho_vec_qdldl       0x080105f5   Thumb Code   196  qdldl_interface.o(i.update_linsys_solver_rho_vec_qdldl)
    update_rho_vec                           0x080106c1   Thumb Code   522  auxil.o(i.update_rho_vec)
    update_status                            0x080108fd   Thumb Code   254  auxil.o(i.update_status)
    update_x                                 0x08010ac1   Thumb Code   148  auxil.o(i.update_x)
    update_xz_tilde                          0x08010b55   Thumb Code    28  auxil.o(i.update_xz_tilde)
    update_y                                 0x08010b71   Thumb Code   160  auxil.o(i.update_y)
    update_z                                 0x08010c11   Thumb Code   130  auxil.o(i.update_z)
    validate_data                            0x08010cfb   Thumb Code   204  auxil.o(i.validate_data)
    validate_linsys_solver                   0x08010dc7   Thumb Code    40  auxil.o(i.validate_linsys_solver)
    validate_settings                        0x08010def   Thumb Code   488  auxil.o(i.validate_settings)
    vec_add_scaled                           0x08010fd7   Thumb Code    68  lin_alg.o(i.vec_add_scaled)
    vec_copy                                 0x0801101b   Thumb Code    66  lin_alg.o(i.vec_copy)
    vec_ew_max_vec                           0x0801105d   Thumb Code    68  lin_alg.o(i.vec_ew_max_vec)
    vec_ew_prod                              0x080110a1   Thumb Code    68  lin_alg.o(i.vec_ew_prod)
    vec_ew_recipr                            0x080110e5   Thumb Code    58  lin_alg.o(i.vec_ew_recipr)
    vec_ew_sqrt                              0x0801111f   Thumb Code    60  lin_alg.o(i.vec_ew_sqrt)
    vec_mean                                 0x0801115d   Thumb Code    92  lin_alg.o(i.vec_mean)
    vec_mult_scalar                          0x080111bd   Thumb Code    48  lin_alg.o(i.vec_mult_scalar)
    vec_norm_inf                             0x080111ed   Thumb Code    94  lin_alg.o(i.vec_norm_inf)
    vec_prod                                 0x08011251   Thumb Code    70  lin_alg.o(i.vec_prod)
    vec_scaled_norm_inf                      0x0801129d   Thumb Code   132  lin_alg.o(i.vec_scaled_norm_inf)
    vec_set_scalar                           0x08011325   Thumb Code    36  lin_alg.o(i.vec_set_scalar)
    write_string                             0x08011349   Thumb Code    54  main_1.o(i.write_string)
    writemessage                             0x08011385   Thumb Code    24  allocation_nr.o(i.writemessage)
    AHBPrescTable                            0x080113a8   Data          16  system_stm32f7xx.o(.constdata)
    APBPrescTable                            0x080113b8   Data           8  system_stm32f7xx.o(.constdata)
    Region$$Table$$Base                      0x080113d4   Number         0  anon$$obj.o(Region$$Table)
    Region$$Table$$Limit                     0x080113f4   Number         0  anon$$obj.o(Region$$Table)
    ready                                    0x20000000   Data           4  main.o(.data)
    adc_val_f                                0x200000a4   Data           8  main_1.o(.data)
    v                                        0x200000ac   Data           8  main_1.o(.data)
    uwTick                                   0x200000c4   Data           4  stm32f7xx_hal.o(.data)
    uwTickPrio                               0x200000c8   Data           4  stm32f7xx_hal.o(.data)
    uwTickFreq                               0x200000cc   Data           1  stm32f7xx_hal.o(.data)
    SystemCoreClock                          0x200000d0   Data           4  system_stm32f7xx.o(.data)
    SuiteSparse_config                       0x200000d4   Data          24  suitesparse_config.o(.data)
    __stdout                                 0x200000ec   Data           4  stdout.o(.data)
    __microlib_freelist                      0x200000f0   Data           4  mvars.o(.data)
    __microlib_freelist_initialised          0x200000f4   Data           4  mvars.o(.data)
    tmpstr                                   0x200000fc   Data         100  profiler.o(.bss)
    ad                                       0x20000160   Data          52  main_mpc.o(.bss)
    cc                                       0x20000194   Data          16  main_mpc.o(.bss)
    hadc3                                    0x20000f7c   Data          72  main_1.o(.bss)
    hdma_adc3                                0x20000fc4   Data          96  main_1.o(.bss)
    hdac                                     0x20001024   Data          20  main_1.o(.bss)
    hrng                                     0x20001038   Data          16  main_1.o(.bss)
    htim2                                    0x20001048   Data          64  main_1.o(.bss)
    htim5                                    0x20001088   Data          64  main_1.o(.bss)
    huart1                                   0x200010c8   Data         128  main_1.o(.bss)
    adc_val_raw                              0x20001148   Data         800  main_1.o(.bss)
    __heap_base                              0x20001468   Data           0  startup_stm32f746xx.o(HEAP)
    __heap_limit                             0x20041468   Data           0  startup_stm32f746xx.o(HEAP)
    __initial_sp                             0x20045468   Data           0  startup_stm32f746xx.o(STACK)



==============================================================================

Memory Map of the image

  Image Entry point : 0x080001c9

  Load Region LR_IROM1 (Base: 0x08000000, Size: 0x000114f0, Max: 0x00100000, ABSOLUTE)

    Execution Region ER_IROM1 (Base: 0x08000000, Size: 0x000113f4, Max: 0x00100000, ABSOLUTE)

    Base Addr    Size         Type   Attr      Idx    E Section Name        Object

    0x08000000   0x000001c8   Data   RO            3    RESET               startup_stm32f746xx.o
    0x080001c8   0x00000000   Code   RO         6163  * .ARM.Collect$$$$00000000  mc_w.l(entry.o)
    0x080001c8   0x00000004   Code   RO         6487    .ARM.Collect$$$$00000001  mc_w.l(entry2.o)
    0x080001cc   0x00000004   Code   RO         6490    .ARM.Collect$$$$00000004  mc_w.l(entry5.o)
    0x080001d0   0x00000000   Code   RO         6492    .ARM.Collect$$$$00000008  mc_w.l(entry7b.o)
    0x080001d0   0x00000000   Code   RO         6494    .ARM.Collect$$$$0000000A  mc_w.l(entry8b.o)
    0x080001d0   0x00000008   Code   RO         6495    .ARM.Collect$$$$0000000B  mc_w.l(entry9a.o)
    0x080001d8   0x00000000   Code   RO         6497    .ARM.Collect$$$$0000000D  mc_w.l(entry10a.o)
    0x080001d8   0x00000000   Code   RO         6499    .ARM.Collect$$$$0000000F  mc_w.l(entry11a.o)
    0x080001d8   0x00000004   Code   RO         6488    .ARM.Collect$$$$00002712  mc_w.l(entry2.o)
    0x080001dc   0x00000024   Code   RO            4    .text               startup_stm32f746xx.o
    0x08000200   0x00000062   Code   RO         6166    .text               mc_w.l(uldiv.o)
    0x08000262   0x00000062   Code   RO         6168    .text               mc_w.l(ldiv.o)
    0x080002c4   0x00000024   Code   RO         6170    .text               mc_w.l(memcpya.o)
    0x080002e8   0x00000024   Code   RO         6172    .text               mc_w.l(memseta.o)
    0x0800030c   0x0000000e   Code   RO         6174    .text               mc_w.l(strlen.o)
    0x0800031a   0x0000001c   Code   RO         6467    .text               mc_w.l(calloc.o)
    0x08000336   0x0000014e   Code   RO         6469    .text               mf_w.l(dadd.o)
    0x08000484   0x000000e4   Code   RO         6471    .text               mf_w.l(dmul.o)
    0x08000568   0x000000de   Code   RO         6473    .text               mf_w.l(ddiv.o)
    0x08000646   0x0000002c   Code   RO         6475    .text               mf_w.l(ffltl.o)
    0x08000672   0x0000004a   Code   RO         6477    .text               mf_w.l(dfixl.o)
    0x080006bc   0x00000026   Code   RO         6479    .text               mf_w.l(f2d.o)
    0x080006e2   0x00000002   PAD
    0x080006e4   0x00000030   Code   RO         6481    .text               mf_w.l(cdcmple.o)
    0x08000714   0x00000030   Code   RO         6483    .text               mf_w.l(cdrcmple.o)
    0x08000744   0x00000038   Code   RO         6485    .text               mf_w.l(d2f.o)
    0x0800077c   0x0000002c   Code   RO         6504    .text               mc_w.l(uidiv.o)
    0x080007a8   0x0000001e   Code   RO         6506    .text               mc_w.l(llshl.o)
    0x080007c6   0x00000020   Code   RO         6508    .text               mc_w.l(llushr.o)
    0x080007e6   0x00000024   Code   RO         6510    .text               mc_w.l(llsshr.o)
    0x0800080a   0x00000000   Code   RO         6521    .text               mc_w.l(iusefp.o)
    0x0800080a   0x0000006e   Code   RO         6522    .text               mf_w.l(fepilogue.o)
    0x08000878   0x000000ba   Code   RO         6524    .text               mf_w.l(depilogue.o)
    0x08000932   0x000000a2   Code   RO         6526    .text               mf_w.l(dsqrt.o)
    0x080009d4   0x00000030   Code   RO         6528    .text               mf_w.l(dfixul.o)
    0x08000a04   0x00000024   Code   RO         6530    .text               mc_w.l(init.o)
    0x08000a28   0x00000000   Code   RO         6532    .text               mc_w.l(semi.o)
    0x08000a28   0x00000000   Code   RO         6533    .text               mc_w.l(iusesemip.o)
    0x08000a28   0x0000007e   Code   RO         1269    i.ADC_DMAConvCplt   stm32f7xx_hal_adc.o
    0x08000aa6   0x0000001a   Code   RO         1270    i.ADC_DMAError      stm32f7xx_hal_adc.o
    0x08000ac0   0x0000000e   Code   RO         1271    i.ADC_DMAHalfConvCplt  stm32f7xx_hal_adc.o
    0x08000ace   0x00000002   PAD
    0x08000ad0   0x00000010   Code   RO         1084    i.ADC_IRQHandler    stm32f7xx_it.o
    0x08000ae0   0x00000170   Code   RO         1272    i.ADC_Init          stm32f7xx_hal_adc.o
    0x08000c50   0x00000004   Code   RO         1085    i.BusFault_Handler  stm32f7xx_it.o
    0x08000c54   0x00000010   Code   RO         1086    i.DMA2_Stream0_IRQHandler  stm32f7xx_it.o
    0x08000c64   0x00000034   Code   RO         3818    i.DMA_CalcBaseAndBitshift  stm32f7xx_hal_dma.o
    0x08000c98   0x000000aa   Code   RO         3819    i.DMA_CheckFifoParam  stm32f7xx_hal_dma.o
    0x08000d42   0x0000002c   Code   RO         3820    i.DMA_SetConfig     stm32f7xx_hal_dma.o
    0x08000d6e   0x00000002   Code   RO         1087    i.DebugMon_Handler  stm32f7xx_it.o
    0x08000d70   0x00000002   Code   RO          964    i.Error_Handler     main_1.o
    0x08000d72   0x00000002   Code   RO         1443    i.HAL_ADCEx_InjectedConvCpltCallback  stm32f7xx_hal_adc_ex.o
    0x08000d74   0x000001b4   Code   RO         1274    i.HAL_ADC_ConfigChannel  stm32f7xx_hal_adc.o
    0x08000f28   0x000000b8   Code   RO          965    i.HAL_ADC_ConvCpltCallback  main_1.o
    0x08000fe0   0x00000002   Code   RO         1276    i.HAL_ADC_ConvHalfCpltCallback  stm32f7xx_hal_adc.o
    0x08000fe2   0x00000002   Code   RO         1278    i.HAL_ADC_ErrorCallback  stm32f7xx_hal_adc.o
    0x08000fe4   0x00000174   Code   RO         1282    i.HAL_ADC_IRQHandler  stm32f7xx_hal_adc.o
    0x08001158   0x00000068   Code   RO         1283    i.HAL_ADC_Init      stm32f7xx_hal_adc.o
    0x080011c0   0x00000002   Code   RO         1284    i.HAL_ADC_LevelOutOfWindowCallback  stm32f7xx_hal_adc.o
    0x080011c2   0x00000002   PAD
    0x080011c4   0x000000cc   Code   RO         1185    i.HAL_ADC_MspInit   stm32f7xx_hal_msp.o
    0x08001290   0x00000130   Code   RO         1289    i.HAL_ADC_Start     stm32f7xx_hal_adc.o
    0x080013c0   0x00000178   Code   RO         1290    i.HAL_ADC_Start_DMA  stm32f7xx_hal_adc.o
    0x08001538   0x0000005a   Code   RO         1687    i.HAL_DAC_ConfigChannel  stm32f7xx_hal_dac.o
    0x08001592   0x00000028   Code   RO         1697    i.HAL_DAC_Init      stm32f7xx_hal_dac.o
    0x080015ba   0x00000002   PAD
    0x080015bc   0x00000078   Code   RO         1187    i.HAL_DAC_MspInit   stm32f7xx_hal_msp.o
    0x08001634   0x0000002c   Code   RO         1700    i.HAL_DAC_SetValue  stm32f7xx_hal_dac.o
    0x08001660   0x0000008c   Code   RO         1701    i.HAL_DAC_Start     stm32f7xx_hal_dac.o
    0x080016ec   0x00000028   Code   RO         3822    i.HAL_DMA_Abort_IT  stm32f7xx_hal_dma.o
    0x08001714   0x00000240   Code   RO         3826    i.HAL_DMA_IRQHandler  stm32f7xx_hal_dma.o
    0x08001954   0x000000ec   Code   RO         3827    i.HAL_DMA_Init      stm32f7xx_hal_dma.o
    0x08001a40   0x0000009e   Code   RO         3831    i.HAL_DMA_Start_IT  stm32f7xx_hal_dma.o
    0x08001ade   0x00000002   PAD
    0x08001ae0   0x00000218   Code   RO         3755    i.HAL_GPIO_Init     stm32f7xx_hal_gpio.o
    0x08001cf8   0x0000000c   Code   RO         4196    i.HAL_GetTick       stm32f7xx_hal.o
    0x08001d04   0x00000018   Code   RO         4202    i.HAL_IncTick       stm32f7xx_hal.o
    0x08001d1c   0x00000016   Code   RO         4203    i.HAL_Init          stm32f7xx_hal.o
    0x08001d32   0x00000002   PAD
    0x08001d34   0x0000004c   Code   RO         4204    i.HAL_InitTick      stm32f7xx_hal.o
    0x08001d80   0x00000040   Code   RO         1188    i.HAL_MspInit       stm32f7xx_hal_msp.o
    0x08001dc0   0x00000020   Code   RO         1549    i.HAL_NVIC_EnableIRQ  stm32f7xx_hal_cortex.o
    0x08001de0   0x0000007c   Code   RO         1555    i.HAL_NVIC_SetPriority  stm32f7xx_hal_cortex.o
    0x08001e5c   0x00000028   Code   RO         1556    i.HAL_NVIC_SetPriorityGrouping  stm32f7xx_hal_cortex.o
    0x08001e84   0x00000090   Code   RO         4095    i.HAL_PWREx_EnableOverDrive  stm32f7xx_hal_pwr_ex.o
    0x08001f14   0x000006e0   Code   RO         3471    i.HAL_RCCEx_PeriphCLKConfig  stm32f7xx_hal_rcc_ex.o
    0x080025f4   0x00000190   Code   RO         3364    i.HAL_RCC_ClockConfig  stm32f7xx_hal_rcc.o
    0x08002784   0x0000000c   Code   RO         3369    i.HAL_RCC_GetHCLKFreq  stm32f7xx_hal_rcc.o
    0x08002790   0x00000020   Code   RO         3371    i.HAL_RCC_GetPCLK1Freq  stm32f7xx_hal_rcc.o
    0x080027b0   0x00000020   Code   RO         3372    i.HAL_RCC_GetPCLK2Freq  stm32f7xx_hal_rcc.o
    0x080027d0   0x000000b0   Code   RO         3373    i.HAL_RCC_GetSysClockFreq  stm32f7xx_hal_rcc.o
    0x08002880   0x000004b4   Code   RO         3376    i.HAL_RCC_OscConfig  stm32f7xx_hal_rcc.o
    0x08002d34   0x00000034   Code   RO         1918    i.HAL_RNG_Init      stm32f7xx_hal_rng.o
    0x08002d68   0x00000030   Code   RO         1190    i.HAL_RNG_MspInit   stm32f7xx_hal_msp.o
    0x08002d98   0x00000034   Code   RO         1560    i.HAL_SYSTICK_Config  stm32f7xx_hal_cortex.o
    0x08002dcc   0x00000002   Code   RO         2709    i.HAL_TIMEx_Break2Callback  stm32f7xx_hal_tim_ex.o
    0x08002dce   0x00000002   Code   RO         2710    i.HAL_TIMEx_BreakCallback  stm32f7xx_hal_tim_ex.o
    0x08002dd0   0x00000002   Code   RO         2711    i.HAL_TIMEx_CommutCallback  stm32f7xx_hal_tim_ex.o
    0x08002dd2   0x00000002   PAD
    0x08002dd4   0x00000078   Code   RO         2729    i.HAL_TIMEx_MasterConfigSynchronization  stm32f7xx_hal_tim_ex.o
    0x08002e4c   0x00000034   Code   RO         2013    i.HAL_TIM_Base_Init  stm32f7xx_hal_tim.o
    0x08002e80   0x00000068   Code   RO         1192    i.HAL_TIM_Base_MspInit  stm32f7xx_hal_msp.o
    0x08002ee8   0x00000038   Code   RO         2018    i.HAL_TIM_Base_Start_IT  stm32f7xx_hal_tim.o
    0x08002f20   0x0000010c   Code   RO         2022    i.HAL_TIM_ConfigClockSource  stm32f7xx_hal_tim.o
    0x0800302c   0x00000002   Code   RO         2042    i.HAL_TIM_IC_CaptureCallback  stm32f7xx_hal_tim.o
    0x0800302e   0x000001b8   Code   RO         2056    i.HAL_TIM_IRQHandler  stm32f7xx_hal_tim.o
    0x080031e6   0x00000002   Code   RO         2059    i.HAL_TIM_OC_DelayElapsedCallback  stm32f7xx_hal_tim.o
    0x080031e8   0x00000002   Code   RO         2086    i.HAL_TIM_PWM_PulseFinishedCallback  stm32f7xx_hal_tim.o
    0x080031ea   0x00000012   Code   RO          728    i.HAL_TIM_PeriodElapsedCallback  main_mpc.o
    0x080031fc   0x00000002   Code   RO         2099    i.HAL_TIM_TriggerCallback  stm32f7xx_hal_tim.o
    0x080031fe   0x00000002   Code   RO         2994    i.HAL_UART_ErrorCallback  stm32f7xx_hal_uart.o
    0x08003200   0x0000000c   Code   RO         2996    i.HAL_UART_GetState  stm32f7xx_hal_uart.o
    0x0800320c   0x00000174   Code   RO         2997    i.HAL_UART_IRQHandler  stm32f7xx_hal_uart.o
    0x08003380   0x00000074   Code   RO         2998    i.HAL_UART_Init     stm32f7xx_hal_uart.o
    0x080033f4   0x00000090   Code   RO         1194    i.HAL_UART_MspInit  stm32f7xx_hal_msp.o
    0x08003484   0x00000078   Code   RO         3008    i.HAL_UART_Transmit_IT  stm32f7xx_hal_uart.o
    0x080034fc   0x00000002   Code   RO         3009    i.HAL_UART_TxCpltCallback  stm32f7xx_hal_uart.o
    0x080034fe   0x00000004   Code   RO         1088    i.HardFault_Handler  stm32f7xx_it.o
    0x08003502   0x0000004e   Code   RO         5804    i.LDLSolve          qdldl_interface.o
    0x08003550   0x000000da   Code   RO         5805    i.LDL_factor        qdldl_interface.o
    0x0800362a   0x00000002   PAD
    0x0800362c   0x0000008c   Code   RO          966    i.MX_ADC3_Init      main_1.o
    0x080036b8   0x0000004c   Code   RO          967    i.MX_DAC_Init       main_1.o
    0x08003704   0x00000034   Code   RO          968    i.MX_DMA_Init       main_1.o
    0x08003738   0x00000040   Code   RO          969    i.MX_GPIO_Init      main_1.o
    0x08003778   0x00000020   Code   RO          970    i.MX_RNG_Init       main_1.o
    0x08003798   0x00000070   Code   RO          971    i.MX_TIM2_Init      main_1.o
    0x08003808   0x0000006c   Code   RO          972    i.MX_TIM5_Init      main_1.o
    0x08003874   0x00000040   Code   RO          973    i.MX_USART1_UART_Init  main_1.o
    0x080038b4   0x00000004   Code   RO         1089    i.MemManage_Handler  stm32f7xx_it.o
    0x080038b8   0x00000002   Code   RO         1090    i.NMI_Handler       stm32f7xx_it.o
    0x080038ba   0x00000002   Code   RO         1091    i.PendSV_Handler    stm32f7xx_it.o
    0x080038bc   0x00000084   Code   RO         5889    i.QDLDL_Lsolve      qdldl.o
    0x08003940   0x00000084   Code   RO         5890    i.QDLDL_Ltsolve     qdldl.o
    0x080039c4   0x0000016e   Code   RO         5891    i.QDLDL_etree       qdldl.o
    0x08003b32   0x00000002   PAD
    0x08003b34   0x00000428   Code   RO         5892    i.QDLDL_factor      qdldl.o
    0x08003f5c   0x0000006c   Code   RO         5893    i.QDLDL_solve       qdldl.o
    0x08003fc8   0x00000002   Code   RO         1092    i.SVC_Handler       stm32f7xx_it.o
    0x08003fca   0x00000002   PAD
    0x08003fcc   0x000000e8   Code   RO         6067    i.SuiteSparse_divcomplex  suitesparse_config.o
    0x080040b4   0x00000018   Code   RO         6068    i.SuiteSparse_free  suitesparse_config.o
    0x080040cc   0x00000160   Code   RO         6069    i.SuiteSparse_hypot  suitesparse_config.o
    0x0800422c   0x00000054   Code   RO         6070    i.SuiteSparse_malloc  suitesparse_config.o
    0x08004280   0x00000008   Code   RO         1093    i.SysTick_Handler   stm32f7xx_it.o
    0x08004288   0x000000d8   Code   RO          974    i.SystemClock_Config  main_1.o
    0x08004360   0x00000064   Code   RO         4939    i.SystemInit        system_stm32f7xx.o
    0x080043c4   0x00000010   Code   RO         1094    i.TIM2_IRQHandler   stm32f7xx_it.o
    0x080043d4   0x000000d8   Code   RO         2101    i.TIM_Base_SetConfig  stm32f7xx_hal_tim.o
    0x080044ac   0x00000016   Code   RO         2112    i.TIM_ETR_SetConfig  stm32f7xx_hal_tim.o
    0x080044c2   0x00000012   Code   RO         2113    i.TIM_ITRx_SetConfig  stm32f7xx_hal_tim.o
    0x080044d4   0x00000026   Code   RO         2121    i.TIM_TI1_ConfigInputStage  stm32f7xx_hal_tim.o
    0x080044fa   0x00000028   Code   RO         2123    i.TIM_TI2_ConfigInputStage  stm32f7xx_hal_tim.o
    0x08004522   0x000000f8   Code   RO         3011    i.UART_AdvFeatureConfig  stm32f7xx_hal_uart.o
    0x0800461a   0x00000048   Code   RO         3012    i.UART_CheckIdleState  stm32f7xx_hal_uart.o
    0x08004662   0x00000018   Code   RO         3013    i.UART_DMAAbortOnError  stm32f7xx_hal_uart.o
    0x0800467a   0x00000022   Code   RO         3023    i.UART_EndRxTransfer  stm32f7xx_hal_uart.o
    0x0800469c   0x00000020   Code   RO         3024    i.UART_EndTransmit_IT  stm32f7xx_hal_uart.o
    0x080046bc   0x000003a4   Code   RO         3028    i.UART_SetConfig    stm32f7xx_hal_uart.o
    0x08004a60   0x00000044   Code   RO         3029    i.UART_TxISR_16BIT  stm32f7xx_hal_uart.o
    0x08004aa4   0x00000040   Code   RO         3030    i.UART_TxISR_8BIT   stm32f7xx_hal_uart.o
    0x08004ae4   0x00000068   Code   RO         3031    i.UART_WaitOnFlagUntilTimeout  stm32f7xx_hal_uart.o
    0x08004b4c   0x00000010   Code   RO         1095    i.USART1_IRQHandler  stm32f7xx_it.o
    0x08004b5c   0x00000004   Code   RO         1096    i.UsageFault_Handler  stm32f7xx_it.o
    0x08004b60   0x00000020   Code   RO         6411    i.__0printf         mc_w.l(printfa.o)
    0x08004b80   0x00000028   Code   RO         6413    i.__0sprintf        mc_w.l(printfa.o)
    0x08004ba8   0x00000010   Code   RO         1562    i.__NVIC_GetPriorityGrouping  stm32f7xx_hal_cortex.o
    0x08004bb8   0x00000028   Code   RO         1563    i.__NVIC_SetPriority  stm32f7xx_hal_cortex.o
    0x08004be0   0x00000008   Code   RO           10    i.__controller_setup  default_functions.o
    0x08004be8   0x00000008   Code   RO           11    i.__controls        default_functions.o
    0x08004bf0   0x0000005c   Code   RO         6443    i.__free$realloc    mc_w.l(mallocr.o)
    0x08004c4c   0x00000008   Code   RO           12    i.__get_time        default_functions.o
    0x08004c54   0x00000014   Code   RO         6133    i.__hardfp_fabs     m_wm.l(fabs.o)
    0x08004c68   0x0000007a   Code   RO         6139    i.__hardfp_sqrt     m_wm.l(sqrt.o)
    0x08004ce2   0x0000003a   Code   RO         6151    i.__hardfp_sqrtf    m_wm.l(sqrtf.o)
    0x08004d1c   0x00000008   Code   RO           13    i.__hardware_setup  default_functions.o
    0x08004d24   0x00000008   Code   RO           14    i.__idle            default_functions.o
    0x08004d2c   0x00000008   Code   RO           15    i.__loop            default_functions.o
    0x08004d34   0x00000050   Code   RO         6444    i.__malloc$realloc  mc_w.l(mallocr.o)
    0x08004d84   0x00000008   Code   RO          975    i.__measureOutput   main_1.o
    0x08004d8c   0x00000008   Code   RO           16    i.__measurements    default_functions.o
    0x08004d94   0x0000000e   Code   RO         6536    i.__scatterload_copy  mc_w.l(handlers.o)
    0x08004da2   0x00000002   Code   RO         6537    i.__scatterload_null  mc_w.l(handlers.o)
    0x08004da4   0x0000000e   Code   RO         6538    i.__scatterload_zeroinit  mc_w.l(handlers.o)
    0x08004db2   0x00000002   PAD
    0x08004db4   0x00000054   Code   RO          976    i.__setControlValue  main_1.o
    0x08004e08   0x0000000c   Code   RO         6516    i.__set_errno       mc_w.l(errno.o)
    0x08004e14   0x0000000c   Code   RO           21    i.__write_string    default_functions.o
    0x08004e20   0x00000164   Code   RO         6418    i._fp_digits        mc_w.l(printfa.o)
    0x08004f84   0x000006dc   Code   RO         6419    i._printf_core      mc_w.l(printfa.o)
    0x08005660   0x00000024   Code   RO         6420    i._printf_post_padding  mc_w.l(printfa.o)
    0x08005684   0x0000002e   Code   RO         6421    i._printf_pre_padding  mc_w.l(printfa.o)
    0x080056b2   0x0000000a   Code   RO         6423    i._sputc            mc_w.l(printfa.o)
    0x080056bc   0x00000078   Code   RO         4972    i.adapt_rho         auxil.o
    0x08005734   0x0000003a   Code   RO          409    i.add_new_profiler_entry  profiler.o
    0x0800576e   0x00000372   Code   RO         5925    i.amd_l1            amd_1.o
    0x08005ae0   0x00001864   Code   RO         5940    i.amd_l2            amd_2.o
    0x08007344   0x00000358   Code   RO         5957    i.amd_l_aat         amd_aat.o
    0x0800769c   0x0000048c   Code   RO         6007    i.amd_l_order       amd_order.o
    0x08007b28   0x000000d4   Code   RO         6019    i.amd_l_post_tree   amd_post_tree.o
    0x08007bfc   0x00000248   Code   RO         6031    i.amd_l_postorder   amd_postorder.o
    0x08007e44   0x000001e8   Code   RO         6043    i.amd_l_preprocess  amd_preprocess.o
    0x0800802c   0x0000012c   Code   RO         6055    i.amd_l_valid       amd_valid.o
    0x08008158   0x00000018   Code   RO         5777    i.c_strcpy          util.o
    0x08008170   0x000002dc   Code   RO         4973    i.check_termination  auxil.o
    0x0800844c   0x00000070   Code   RO         5941    i.clear_flag        amd_2.o
    0x080084bc   0x00000040   Code   RO         4974    i.cold_start        auxil.o
    0x080084fc   0x000000e4   Code   RO         4975    i.compute_dua_res   auxil.o
    0x080085e0   0x000000ee   Code   RO         4976    i.compute_dua_tol   auxil.o
    0x080086ce   0x0000003e   Code   RO         5738    i.compute_inf_norm_cols_KKT  scaling.o
    0x0800870c   0x0000005c   Code   RO         4977    i.compute_obj_val   auxil.o
    0x08008768   0x00000078   Code   RO         4978    i.compute_pri_res   auxil.o
    0x080087e0   0x000000a4   Code   RO         4979    i.compute_pri_tol   auxil.o
    0x08008884   0x000001dc   Code   RO         4980    i.compute_rho_estimate  auxil.o
    0x08008a60   0x00000098   Code   RO         4981    i.compute_rhs       auxil.o
    0x08008af8   0x000028fa   Code   RO          729    i.controller        main_mpc.o
    0x0800b3f2   0x00000002   PAD
    0x0800b3f4   0x00000060   Code   RO          730    i.controller_setup  main_mpc.o
    0x0800b454   0x0000003c   Code   RO          731    i.controls          main_mpc.o
    0x0800b490   0x00000084   Code   RO         5156    i.copy_csc_mat      cs.o
    0x0800b514   0x000000b8   Code   RO         5778    i.copy_settings     util.o
    0x0800b5cc   0x0000003c   Code   RO          324    i.create_matrix     mpctools.o
    0x0800b608   0x00000020   Code   RO          410    i.create_profiler   profiler.o
    0x0800b628   0x00000016   Code   RO          325    i.create_vector     mpctools.o
    0x0800b63e   0x00000018   Code   RO         5157    i.csc_calloc        cs.o
    0x0800b656   0x0000006a   Code   RO         5158    i.csc_cumsum        cs.o
    0x0800b6c0   0x00000036   Code   RO         5159    i.csc_done          cs.o
    0x0800b6f6   0x00000018   Code   RO         5160    i.csc_malloc        cs.o
    0x0800b70e   0x0000004a   Code   RO         5161    i.csc_matrix        cs.o
    0x0800b758   0x0000004c   Code   RO         5162    i.csc_pinv          cs.o
    0x0800b7a4   0x000000e6   Code   RO         5163    i.csc_spalloc       cs.o
    0x0800b88a   0x0000002c   Code   RO         5164    i.csc_spfree        cs.o
    0x0800b8b6   0x000002f2   Code   RO         5165    i.csc_symperm       cs.o
    0x0800bba8   0x0000012a   Code   RO         5166    i.csc_to_triu       cs.o
    0x0800bcd2   0x00000002   PAD
    0x0800bcd4   0x00000098   Code   RO          542    i.darray            allocation_nr.o
    0x0800bd6c   0x00000164   Code   RO          543    i.darray3           allocation_nr.o
    0x0800bed0   0x00000018   Code   RO          411    i.find_last         profiler.o
    0x0800bee8   0x0000001c   Code   RO          412    i.find_profiler_entry  profiler.o
    0x0800bf04   0x00000058   Code   RO          413    i.float2strF        profiler.o
    0x0800bf5c   0x00000422   Code   RO         5682    i.form_Ared         polish.o
    0x0800c37e   0x000004a0   Code   RO         5247    i.form_KKT          kkt.o
    0x0800c81e   0x000000b8   Code   RO         5683    i.form_rhs_red      polish.o
    0x0800c8d6   0x00000012   Code   RO         6501    i.fputc             mc_w.l(fputc.o)
    0x0800c8e8   0x000000a6   Code   RO         5806    i.free_linsys_solver_qdldl  qdldl_interface.o
    0x0800c98e   0x00000002   PAD
    0x0800c990   0x0000001c   Code   RO          414    i.get_profiler      profiler.o
    0x0800c9ac   0x00000008   Code   RO          732    i.get_time          main_mpc.o
    0x0800c9b4   0x000000dc   Code   RO         5684    i.get_ypol_from_yred  polish.o
    0x0800ca90   0x00000028   Code   RO          733    i.hardware_setup    main_mpc.o
    0x0800cab8   0x00000054   Code   RO         4982    i.has_solution      auxil.o
    0x0800cb0c   0x00000148   Code   RO          734    i.idle              main_mpc.o
    0x0800cc54   0x000000fc   Code   RO          326    i.init_archive_data  mpctools.o
    0x0800cd50   0x00000070   Code   RO          327    i.init_current_control  mpctools.o
    0x0800cdc0   0x0000004c   Code   RO         5466    i.init_linsys_solver  lin_sys.o
    0x0800ce0c   0x00000310   Code   RO         5807    i.init_linsys_solver_qdldl  qdldl_interface.o
    0x0800d11c   0x0000002c   Code   RO         5283    i.int_vec_set_scalar  lin_alg.o
    0x0800d148   0x00000050   Code   RO         6445    i.internal_alloc    mc_w.l(mallocr.o)
    0x0800d198   0x00000218   Code   RO         4983    i.is_dual_infeasible  auxil.o
    0x0800d3b0   0x00000174   Code   RO         4984    i.is_primal_infeasible  auxil.o
    0x0800d524   0x00000134   Code   RO         5685    i.iterative_refinement  polish.o
    0x0800d658   0x0000000c   Code   RO          328    i.last_control      mpctools.o
    0x0800d664   0x000000e4   Code   RO         5739    i.limit_scaling     scaling.o
    0x0800d748   0x00000010   Code   RO         5467    i.load_linsys_solver  lin_sys.o
    0x0800d758   0x0000010c   Code   RO          735    i.loop              main_mpc.o
    0x0800d864   0x00000070   Code   RO          977    i.low_lvl_main      main_1.o
    0x0800d8d4   0x00000004   Code   RO          185    i.main              main.o
    0x0800d8d8   0x00000038   Code   RO          187    i.main_interrupt    main.o
    0x0800d910   0x000000b4   Code   RO         5284    i.mat_inf_norm_cols  lin_alg.o
    0x0800d9c4   0x00000100   Code   RO         5285    i.mat_inf_norm_cols_sym_triu  lin_alg.o
    0x0800dac4   0x000000d8   Code   RO         5286    i.mat_inf_norm_rows  lin_alg.o
    0x0800db9c   0x0000003e   Code   RO         5287    i.mat_mult_scalar   lin_alg.o
    0x0800dbda   0x0000006a   Code   RO         5288    i.mat_postmult_diag  lin_alg.o
    0x0800dc44   0x00000070   Code   RO         5289    i.mat_premult_diag  lin_alg.o
    0x0800dcb4   0x000002e8   Code   RO         5290    i.mat_tpose_vec     lin_alg.o
    0x0800df9c   0x00000190   Code   RO         5291    i.mat_vec           lin_alg.o
    0x0800e12c   0x00000034   Code   RO          736    i.measurements      main_mpc.o
    0x0800e160   0x000000a2   Code   RO          330    i.new_control       mpctools.o
    0x0800e202   0x000000a0   Code   RO          331    i.new_control_increment  mpctools.o
    0x0800e2a2   0x00000056   Code   RO          332    i.new_output        mpctools.o
    0x0800e2f8   0x0000024a   Code   RO         5502    i.osqp_cleanup      osqp.o
    0x0800e542   0x00000002   PAD
    0x0800e544   0x000000a0   Code   RO         5503    i.osqp_set_default_settings  osqp.o
    0x0800e5e4   0x000003ba   Code   RO         5504    i.osqp_setup        osqp.o
    0x0800e99e   0x00000254   Code   RO         5505    i.osqp_solve        osqp.o
    0x0800ebf2   0x000000c0   Code   RO         5510    i.osqp_update_bounds  osqp.o
    0x0800ecb2   0x00000066   Code   RO         5517    i.osqp_update_lin_cost  osqp.o
    0x0800ed18   0x000001e4   Code   RO         5522    i.osqp_update_rho   osqp.o
    0x0800eefc   0x0000016a   Code   RO         5808    i.permute_KKT       qdldl_interface.o
    0x0800f066   0x0000003a   Code   RO         5809    i.permute_x         qdldl_interface.o
    0x0800f0a0   0x00000038   Code   RO         5810    i.permutet_x        qdldl_interface.o
    0x0800f0d8   0x00000260   Code   RO         5686    i.polish            polish.o
    0x0800f338   0x00000032   Code   RO         5292    i.prea_int_vec_copy  lin_alg.o
    0x0800f36a   0x00000032   Code   RO         5293    i.prea_vec_copy     lin_alg.o
    0x0800f39c   0x00000070   Code   RO          632    i.productab         matrix_cal.o
    0x0800f40c   0x0000005c   Code   RO          416    i.profiler_end      profiler.o
    0x0800f468   0x00000014   Code   RO          417    i.profiler_exists   profiler.o
    0x0800f47c   0x00000224   Code   RO          418    i.profiler_print    profiler.o
    0x0800f6a0   0x00000022   Code   RO          419    i.profiler_start    profiler.o
    0x0800f6c2   0x00000058   Code   RO         5717    i.project           proj.o
    0x0800f71a   0x00000098   Code   RO         5718    i.project_normalcone  proj.o
    0x0800f7b2   0x0000001e   Code   RO          334    i.push_current_controls_to_archive_data  mpctools.o
    0x0800f7d0   0x000000fc   Code   RO         5294    i.quad_form         lin_alg.o
    0x0800f8cc   0x0000006c   Code   RO         6446    i.realloc           mc_w.l(mallocr.o)
    0x0800f938   0x00000018   Code   RO         4985    i.reset_info        auxil.o
    0x0800f950   0x00000274   Code   RO         5740    i.scale_data        scaling.o
    0x0800fbc4   0x00000008   Code   RO          336    i.set_current_control_increment  mpctools.o
    0x0800fbcc   0x00000230   Code   RO         4986    i.set_rho_vec       auxil.o
    0x0800fdfc   0x00000022   Code   RO         5811    i.solve_linsys_qdldl  qdldl_interface.o
    0x0800fe1e   0x00000002   PAD
    0x0800fe20   0x00000164   Code   RO         4987    i.store_solution    auxil.o
    0x0800ff84   0x00000092   Code   RO          642    i.sumaa             matrix_cal.o
    0x08010016   0x0000000a   Code   RO         4988    i.swap_vectors      auxil.o
    0x08010020   0x00000018   Code   RO          188    i.timer_loop        main.o
    0x08010038   0x0000017a   Code   RO         5168    i.triplet_to_csc    cs.o
    0x080101b2   0x0000017a   Code   RO         5169    i.triplet_to_csr    cs.o
    0x0801032c   0x00000010   Code   RO         5468    i.unload_linsys_solver  lin_sys.o
    0x0801033c   0x00000052   Code   RO         5742    i.unscale_solution  scaling.o
    0x0801038e   0x00000040   Code   RO         5248    i.update_KKT_A      kkt.o
    0x080103ce   0x00000098   Code   RO         5249    i.update_KKT_P      kkt.o
    0x08010466   0x00000044   Code   RO         5250    i.update_KKT_param2  kkt.o
    0x080104aa   0x00000002   PAD
    0x080104ac   0x000000b8   Code   RO         4989    i.update_info       auxil.o
    0x08010564   0x0000008e   Code   RO         5812    i.update_linsys_solver_matrices_qdldl  qdldl_interface.o
    0x080105f2   0x00000002   PAD
    0x080105f4   0x000000cc   Code   RO         5813    i.update_linsys_solver_rho_vec_qdldl  qdldl_interface.o
    0x080106c0   0x0000023c   Code   RO         4990    i.update_rho_vec    auxil.o
    0x080108fc   0x000001c4   Code   RO         4991    i.update_status     auxil.o
    0x08010ac0   0x00000094   Code   RO         4992    i.update_x          auxil.o
    0x08010b54   0x0000001c   Code   RO         4993    i.update_xz_tilde   auxil.o
    0x08010b70   0x000000a0   Code   RO         4994    i.update_y          auxil.o
    0x08010c10   0x00000082   Code   RO         4995    i.update_z          auxil.o
    0x08010c92   0x00000068   Code   RO         4996    i.update_z_tilde    auxil.o
    0x08010cfa   0x000000cc   Code   RO         4997    i.validate_data     auxil.o
    0x08010dc6   0x00000028   Code   RO         4998    i.validate_linsys_solver  auxil.o
    0x08010dee   0x000001e8   Code   RO         4999    i.validate_settings  auxil.o
    0x08010fd6   0x00000044   Code   RO         5296    i.vec_add_scaled    lin_alg.o
    0x0801101a   0x00000042   Code   RO         5297    i.vec_copy          lin_alg.o
    0x0801105c   0x00000044   Code   RO         5299    i.vec_ew_max_vec    lin_alg.o
    0x080110a0   0x00000044   Code   RO         5302    i.vec_ew_prod       lin_alg.o
    0x080110e4   0x0000003a   Code   RO         5303    i.vec_ew_recipr     lin_alg.o
    0x0801111e   0x0000003c   Code   RO         5304    i.vec_ew_sqrt       lin_alg.o
    0x0801115a   0x00000002   PAD
    0x0801115c   0x00000060   Code   RO         5305    i.vec_mean          lin_alg.o
    0x080111bc   0x00000030   Code   RO         5306    i.vec_mult_scalar   lin_alg.o
    0x080111ec   0x00000064   Code   RO         5307    i.vec_norm_inf      lin_alg.o
    0x08011250   0x0000004c   Code   RO         5309    i.vec_prod          lin_alg.o
    0x0801129c   0x00000088   Code   RO         5310    i.vec_scaled_norm_inf  lin_alg.o
    0x08011324   0x00000024   Code   RO         5311    i.vec_set_scalar    lin_alg.o
    0x08011348   0x0000003c   Code   RO          979    i.write_string      main_1.o
    0x08011384   0x0000001c   Code   RO          554    i.writemessage      allocation_nr.o
    0x080113a0   0x00000008   Data   RO         3833    .constdata          stm32f7xx_hal_dma.o
    0x080113a8   0x00000018   Data   RO         4940    .constdata          system_stm32f7xx.o
    0x080113c0   0x00000014   Data   RO          739    .conststring        main_mpc.o
    0x080113d4   0x00000020   Data   RO         6534    Region$$Table       anon$$obj.o


    Execution Region RW_IRAM1 (Base: 0x20000000, Size: 0x00045468, Max: 0x00050000, ABSOLUTE)

    Base Addr    Size         Type   Attr      Idx    E Section Name        Object

    0x20000000   0x00000004   Data   RW          189    .data               main.o
    0x20000004   0x00000004   Data   RW          421    .data               profiler.o
    0x20000008   0x0000009c   Data   RW          740    .data               main_mpc.o
    0x200000a4   0x00000020   Data   RW          981    .data               main_1.o
    0x200000c4   0x00000009   Data   RW         4210    .data               stm32f7xx_hal.o
    0x200000cd   0x00000003   PAD
    0x200000d0   0x00000004   Data   RW         4941    .data               system_stm32f7xx.o
    0x200000d4   0x00000018   Data   RW         6076    .data               suitesparse_config.o
    0x200000ec   0x00000004   Data   RW         6503    .data               mc_w.l(stdout.o)
    0x200000f0   0x00000004   Data   RW         6512    .data               mc_w.l(mvars.o)
    0x200000f4   0x00000004   Data   RW         6513    .data               mc_w.l(mvars.o)
    0x200000f8   0x00000004   Data   RW         6517    .data               mc_w.l(errno.o)
    0x200000fc   0x00000064   Zero   RW          420    .bss                profiler.o
    0x20000160   0x00000e1c   Zero   RW          738    .bss                main_mpc.o
    0x20000f7c   0x000004ec   Zero   RW          980    .bss                main_1.o
    0x20001468   0x00040000   Zero   RW            2    HEAP                startup_stm32f746xx.o
    0x20041468   0x00004000   Zero   RW            1    STACK               startup_stm32f746xx.o


==============================================================================

Image component sizes


      Code (inc. data)   RO Data    RW Data    ZI Data      Debug   Object Name

       536         36          0          0          0       2594   allocation_nr.o
       882          0          0          0          0       2273   amd_1.o
      6356         12          0          0          0       7641   amd_2.o
       856          6          0          0          0       2240   amd_aat.o
      1164          6          0          0          0       2770   amd_order.o
       212          0          0          0          0       1106   amd_post_tree.o
       584          0          0          0          0       1570   amd_postorder.o
       488          0          0          0          0       1311   amd_preprocess.o
       300          0          0          0          0       1314   amd_valid.o
      6838        392          0          0          0      22783   auxil.o
      2572          0          0          0          0      12320   cs.o
        68          0          0          0          0       7282   default_functions.o
      1468          0          0          0          0       4681   kkt.o
      3352         50          0          0          0      18756   lin_alg.o
       108          0          0          0          0       3141   lin_sys.o
        84          8          0          4          0       1801   main.o
      1314        140          0         32       1260       9788   main_1.o
     11360        916         20        156       3612     850416   main_mpc.o
       258          4          0          0          0       1792   matrix_cal.o
       904          8          0          0          0       7845   mpctools.o
      3074         56          0          0          0       7027   osqp.o
      2378         12          0          0          0       4893   polish.o
       952        302          0          4        100       7901   profiler.o
       240          0          0          0          0       1743   proj.o
      1802         14          0          0          0       6742   qdldl.o
      2102         32          0          0          0      11599   qdldl_interface.o
      1000         32          0          0          0       3480   scaling.o
        36          8        456          0     278528        864   startup_stm32f746xx.o
       134         26          0          9          0       8585   stm32f7xx_hal.o
      2132         94          0          0          0       9378   stm32f7xx_hal_adc.o
         2          0          0          0          0       1061   stm32f7xx_hal_adc_ex.o
       304         22          0          0          0      39627   stm32f7xx_hal_cortex.o
       314          0          0          0          0       3710   stm32f7xx_hal_dac.o
      1276         16          8          0          0       6450   stm32f7xx_hal_dma.o
       536         52          0          0          0       1828   stm32f7xx_hal_gpio.o
       684         68          0          0          0       4514   stm32f7xx_hal_msp.o
       144          8          0          0          0       1332   stm32f7xx_hal_pwr_ex.o
      1856         70          0          0          0       5724   stm32f7xx_hal_rcc.o
      1760         18          0          0          0       2260   stm32f7xx_hal_rcc_ex.o
        52          0          0          0          0       1127   stm32f7xx_hal_rng.o
      1158         56          0          0          0       9943   stm32f7xx_hal_tim.o
       126         10          0          0          0       3208   stm32f7xx_hal_tim_ex.o
      2202         62          0          0          0      11849   stm32f7xx_hal_uart.o
        96         24          0          0          0       6455   stm32f7xx_it.o
       692         28          0         24          0       6062   suitesparse_config.o
       100         18         24          4          0       1239   system_stm32f7xx.o
       208          0          0          0          0       1347   util.o

    ----------------------------------------------------------------------
     65098       2606        540        236     283500    1133372   Object Totals
         0          0         32          0          0          0   (incl. Generated)
        34          0          0          3          0          0   (incl. Padding)

    ----------------------------------------------------------------------

      Code (inc. data)   RO Data    RW Data    ZI Data      Debug   Library Member Name

        20          0          0          0          0        124   fabs.o
       122          0          0          0          0        148   sqrt.o
        58          0          0          0          0        136   sqrtf.o
        28          0          0          0          0         76   calloc.o
         0          0          0          0          0          0   entry.o
         0          0          0          0          0          0   entry10a.o
         0          0          0          0          0          0   entry11a.o
         8          4          0          0          0          0   entry2.o
         4          0          0          0          0          0   entry5.o
         0          0          0          0          0          0   entry7b.o
         0          0          0          0          0          0   entry8b.o
         8          4          0          0          0          0   entry9a.o
        12          6          0          4          0         68   errno.o
        18          0          0          0          0         80   fputc.o
        30          0          0          0          0          0   handlers.o
        36          8          0          0          0         68   init.o
         0          0          0          0          0          0   iusefp.o
         0          0          0          0          0          0   iusesemip.o
        98          0          0          0          0         84   ldiv.o
        30          0          0          0          0         68   llshl.o
        36          0          0          0          0         68   llsshr.o
        32          0          0          0          0         68   llushr.o
       360         30          0          0          0        356   mallocr.o
        36          0          0          0          0         68   memcpya.o
        36          0          0          0          0        108   memseta.o
         0          0          0          8          0          0   mvars.o
      2276         96          0          0          0        596   printfa.o
         0          0          0          0          0          0   semi.o
         0          0          0          4          0          0   stdout.o
        14          0          0          0          0         68   strlen.o
        44          0          0          0          0         80   uidiv.o
        98          0          0          0          0         92   uldiv.o
        48          0          0          0          0         68   cdcmple.o
        48          0          0          0          0         68   cdrcmple.o
        56          0          0          0          0         88   d2f.o
       334          0          0          0          0        148   dadd.o
       222          0          0          0          0        100   ddiv.o
       186          0          0          0          0        176   depilogue.o
        74          0          0          0          0         80   dfixl.o
        48          0          0          0          0         68   dfixul.o
       228          0          0          0          0         96   dmul.o
       162          0          0          0          0        100   dsqrt.o
        38          0          0          0          0         68   f2d.o
       110          0          0          0          0        168   fepilogue.o
        44          0          0          0          0         92   ffltl.o

    ----------------------------------------------------------------------
      5006        148          0         16          0       3676   Library Totals
         4          0          0          0          0          0   (incl. Padding)

    ----------------------------------------------------------------------

      Code (inc. data)   RO Data    RW Data    ZI Data      Debug   Library Name

       200          0          0          0          0        408   m_wm.l
      3204        148          0         16          0       1948   mc_w.l
      1598          0          0          0          0       1320   mf_w.l

    ----------------------------------------------------------------------
      5006        148          0         16          0       3676   Library Totals

    ----------------------------------------------------------------------

==============================================================================


      Code (inc. data)   RO Data    RW Data    ZI Data      Debug   

     70104       2754        540        252     283500    1108584   Grand Totals
     70104       2754        540        252     283500    1108584   ELF Image Totals
     70104       2754        540        252          0          0   ROM Totals

==============================================================================

    Total RO  Size (Code + RO Data)                70644 (  68.99kB)
    Total RW  Size (RW Data + ZI Data)            283752 ( 277.10kB)
    Total ROM Size (Code + RO Data + RW Data)      70896 (  69.23kB)

==============================================================================

