Component: ARM Compiler 5.06 update 1 (build 61) Tool: armlink [4d35a8]

==============================================================================

Section Cross References

    stm32f7xx_it.o(i.ADC_IRQHandler) refers to stm32f7xx_hal_adc.o(i.HAL_ADC_IRQHandler) for HAL_ADC_IRQHandler
    stm32f7xx_it.o(i.ADC_IRQHandler) refers to low_lvl_main.o(.bss) for hadc3
    stm32f7xx_it.o(i.DMA2_Stream0_IRQHandler) refers to stm32f7xx_hal_dma.o(i.HAL_DMA_IRQHandler) for HAL_DMA_IRQHandler
    stm32f7xx_it.o(i.DMA2_Stream0_IRQHandler) refers to low_lvl_main.o(.bss) for hdma_adc3
    stm32f7xx_it.o(i.HardFault_Handler) refers to low_lvl_main.o(i.emergency_write_string) for emergency_write_string
    stm32f7xx_it.o(i.SysTick_Handler) refers to stm32f7xx_hal.o(i.HAL_IncTick) for HAL_IncTick
    stm32f7xx_it.o(i.SysTick_Handler) refers to stm32f7xx_hal_cortex.o(i.HAL_SYSTICK_IRQHandler) for HAL_SYSTICK_IRQHandler
    stm32f7xx_it.o(i.TIM2_IRQHandler) refers to stm32f7xx_hal_tim.o(i.HAL_TIM_IRQHandler) for HAL_TIM_IRQHandler
    stm32f7xx_it.o(i.TIM2_IRQHandler) refers to low_lvl_main.o(.bss) for htim2
    stm32f7xx_it.o(i.USART1_IRQHandler) refers to stm32f7xx_hal_uart.o(i.HAL_UART_IRQHandler) for HAL_UART_IRQHandler
    stm32f7xx_it.o(i.USART1_IRQHandler) refers to low_lvl_main.o(.bss) for huart1
    stm32f7xx_hal_msp.o(i.HAL_ADC_MspDeInit) refers to stm32f7xx_hal_gpio.o(i.HAL_GPIO_DeInit) for HAL_GPIO_DeInit
    stm32f7xx_hal_msp.o(i.HAL_ADC_MspDeInit) refers to stm32f7xx_hal_dma.o(i.HAL_DMA_DeInit) for HAL_DMA_DeInit
    stm32f7xx_hal_msp.o(i.HAL_ADC_MspDeInit) refers to stm32f7xx_hal_cortex.o(i.HAL_NVIC_DisableIRQ) for HAL_NVIC_DisableIRQ
    stm32f7xx_hal_msp.o(i.HAL_ADC_MspInit) refers to stm32f7xx_hal_gpio.o(i.HAL_GPIO_Init) for HAL_GPIO_Init
    stm32f7xx_hal_msp.o(i.HAL_ADC_MspInit) refers to stm32f7xx_hal_dma.o(i.HAL_DMA_Init) for HAL_DMA_Init
    stm32f7xx_hal_msp.o(i.HAL_ADC_MspInit) refers to low_lvl_main.o(i.Error_Handler) for Error_Handler
    stm32f7xx_hal_msp.o(i.HAL_ADC_MspInit) refers to stm32f7xx_hal_cortex.o(i.HAL_NVIC_SetPriority) for HAL_NVIC_SetPriority
    stm32f7xx_hal_msp.o(i.HAL_ADC_MspInit) refers to stm32f7xx_hal_cortex.o(i.HAL_NVIC_EnableIRQ) for HAL_NVIC_EnableIRQ
    stm32f7xx_hal_msp.o(i.HAL_ADC_MspInit) refers to low_lvl_main.o(.bss) for hdma_adc3
    stm32f7xx_hal_msp.o(i.HAL_DAC_MspDeInit) refers to stm32f7xx_hal_gpio.o(i.HAL_GPIO_DeInit) for HAL_GPIO_DeInit
    stm32f7xx_hal_msp.o(i.HAL_DAC_MspInit) refers to stm32f7xx_hal_gpio.o(i.HAL_GPIO_Init) for HAL_GPIO_Init
    stm32f7xx_hal_msp.o(i.HAL_MspInit) refers to stm32f7xx_hal_cortex.o(i.HAL_NVIC_SetPriorityGrouping) for HAL_NVIC_SetPriorityGrouping
    stm32f7xx_hal_msp.o(i.HAL_MspInit) refers to stm32f7xx_hal_cortex.o(i.HAL_NVIC_SetPriority) for HAL_NVIC_SetPriority
    stm32f7xx_hal_msp.o(i.HAL_TIM_OC_MspDeInit) refers to stm32f7xx_hal_cortex.o(i.HAL_NVIC_DisableIRQ) for HAL_NVIC_DisableIRQ
    stm32f7xx_hal_msp.o(i.HAL_TIM_OC_MspInit) refers to stm32f7xx_hal_cortex.o(i.HAL_NVIC_SetPriority) for HAL_NVIC_SetPriority
    stm32f7xx_hal_msp.o(i.HAL_TIM_OC_MspInit) refers to stm32f7xx_hal_cortex.o(i.HAL_NVIC_EnableIRQ) for HAL_NVIC_EnableIRQ
    stm32f7xx_hal_msp.o(i.HAL_UART_MspDeInit) refers to stm32f7xx_hal_gpio.o(i.HAL_GPIO_DeInit) for HAL_GPIO_DeInit
    stm32f7xx_hal_msp.o(i.HAL_UART_MspDeInit) refers to stm32f7xx_hal_cortex.o(i.HAL_NVIC_DisableIRQ) for HAL_NVIC_DisableIRQ
    stm32f7xx_hal_msp.o(i.HAL_UART_MspInit) refers to stm32f7xx_hal_gpio.o(i.HAL_GPIO_Init) for HAL_GPIO_Init
    stm32f7xx_hal_msp.o(i.HAL_UART_MspInit) refers to stm32f7xx_hal_cortex.o(i.HAL_NVIC_SetPriority) for HAL_NVIC_SetPriority
    stm32f7xx_hal_msp.o(i.HAL_UART_MspInit) refers to stm32f7xx_hal_cortex.o(i.HAL_NVIC_EnableIRQ) for HAL_NVIC_EnableIRQ
    low_lvl_main.o(i.HAL_ADC_ConvCpltCallback) refers to low_lvl_main.o(.data) for i
    low_lvl_main.o(i.HAL_ADC_ConvCpltCallback) refers to low_lvl_main.o(.bss) for adc_val_raw
    low_lvl_main.o(i.MX_ADC3_Init) refers to stm32f7xx_hal_adc.o(i.HAL_ADC_Init) for HAL_ADC_Init
    low_lvl_main.o(i.MX_ADC3_Init) refers to low_lvl_main.o(i.Error_Handler) for Error_Handler
    low_lvl_main.o(i.MX_ADC3_Init) refers to stm32f7xx_hal_adc.o(i.HAL_ADC_ConfigChannel) for HAL_ADC_ConfigChannel
    low_lvl_main.o(i.MX_ADC3_Init) refers to low_lvl_main.o(.bss) for hadc3
    low_lvl_main.o(i.MX_DAC_Init) refers to stm32f7xx_hal_dac.o(i.HAL_DAC_Init) for HAL_DAC_Init
    low_lvl_main.o(i.MX_DAC_Init) refers to low_lvl_main.o(i.Error_Handler) for Error_Handler
    low_lvl_main.o(i.MX_DAC_Init) refers to stm32f7xx_hal_dac.o(i.HAL_DAC_ConfigChannel) for HAL_DAC_ConfigChannel
    low_lvl_main.o(i.MX_DAC_Init) refers to low_lvl_main.o(.bss) for hdac
    low_lvl_main.o(i.MX_DMA_Init) refers to stm32f7xx_hal_cortex.o(i.HAL_NVIC_SetPriority) for HAL_NVIC_SetPriority
    low_lvl_main.o(i.MX_DMA_Init) refers to stm32f7xx_hal_cortex.o(i.HAL_NVIC_EnableIRQ) for HAL_NVIC_EnableIRQ
[...]

    ../Drivers/CMSIS//Device/ST/STM32F7xx/Source/Templates/system_stm32f7xx.c 0x00000000   Number         0  system_stm32f7xx.o ABSOLUTE
    ../Drivers/STM32F7xx_HAL_Driver/Src/stm32f7xx_hal.c 0x00000000   Number         0  stm32f7xx_hal.o ABSOLUTE
    ../Drivers/STM32F7xx_HAL_Driver/Src/stm32f7xx_hal_adc.c 0x00000000   Number         0  stm32f7xx_hal_adc.o ABSOLUTE
    ../Drivers/STM32F7xx_HAL_Driver/Src/stm32f7xx_hal_adc_ex.c 0x00000000   Number         0  stm32f7xx_hal_adc_ex.o ABSOLUTE
    ../Drivers/STM32F7xx_HAL_Driver/Src/stm32f7xx_hal_cortex.c 0x00000000   Number         0  stm32f7xx_hal_cortex.o ABSOLUTE
    ../Drivers/STM32F7xx_HAL_Driver/Src/stm32f7xx_hal_dac.c 0x00000000   Number         0  stm32f7xx_hal_dac.o ABSOLUTE
    ../Drivers/STM32F7xx_HAL_Driver/Src/stm32f7xx_hal_dac_ex.c 0x00000000   Number         0  stm32f7xx_hal_dac_ex.o ABSOLUTE
    ../Drivers/STM32F7xx_HAL_Driver/Src/stm32f7xx_hal_dma.c 0x00000000   Number         0  stm32f7xx_hal_dma.o ABSOLUTE
    ../Drivers/STM32F7xx_HAL_Driver/Src/stm32f7xx_hal_dma_ex.c 0x00000000   Number         0  stm32f7xx_hal_dma_ex.o ABSOLUTE
    ../Drivers/STM32F7xx_HAL_Driver/Src/stm32f7xx_hal_flash.c 0x00000000   Number         0  stm32f7xx_hal_flash.o ABSOLUTE
    ../Drivers/STM32F7xx_HAL_Driver/Src/stm32f7xx_hal_flash_ex.c 0x00000000   Number         0  stm32f7xx_hal_flash_ex.o ABSOLUTE
    ../Drivers/STM32F7xx_HAL_Driver/Src/stm32f7xx_hal_gpio.c 0x00000000   Number         0  stm32f7xx_hal_gpio.o ABSOLUTE
    ../Drivers/STM32F7xx_HAL_Driver/Src/stm32f7xx_hal_i2c.c 0x00000000   Number         0  stm32f7xx_hal_i2c.o ABSOLUTE
    ../Drivers/STM32F7xx_HAL_Driver/Src/stm32f7xx_hal_i2c_ex.c 0x00000000   Number         0  stm32f7xx_hal_i2c_ex.o ABSOLUTE
    ../Drivers/STM32F7xx_HAL_Driver/Src/stm32f7xx_hal_pwr.c 0x00000000   Number         0  stm32f7xx_hal_pwr.o ABSOLUTE
    ../Drivers/STM32F7xx_HAL_Driver/Src/stm32f7xx_hal_pwr_ex.c 0x00000000   Number         0  stm32f7xx_hal_pwr_ex.o ABSOLUTE
    ../Drivers/STM32F7xx_HAL_Driver/Src/stm32f7xx_hal_rcc.c 0x00000000   Number         0  stm32f7xx_hal_rcc.o ABSOLUTE
    ../Drivers/STM32F7xx_HAL_Driver/Src/stm32f7xx_hal_rcc_ex.c 0x00000000   Number         0  stm32f7xx_hal_rcc_ex.o ABSOLUTE
    ../Drivers/STM32F7xx_HAL_Driver/Src/stm32f7xx_hal_tim.c 0x00000000   Number         0  stm32f7xx_hal_tim.o ABSOLUTE
    ../Drivers/STM32F7xx_HAL_Driver/Src/stm32f7xx_hal_tim_ex.c 0x00000000   Number         0  stm32f7xx_hal_tim_ex.o ABSOLUTE
    ../Drivers/STM32F7xx_HAL_Driver/Src/stm32f7xx_hal_uart.c 0x00000000   Number         0  stm32f7xx_hal_uart.o ABSOLUTE
    ../Src/stm32f7xx_hal_msp.c               0x00000000   Number         0  stm32f7xx_hal_msp.o ABSOLUTE
    ../Src/stm32f7xx_it.c                    0x00000000   Number         0  stm32f7xx_it.o ABSOLUTE
    ../clib/../cmprslib/zerorunl.c           0x00000000   Number         0  __dczerorl.o ABSOLUTE
    ../clib/microlib/division.c              0x00000000   Number         0  uldiv.o ABSOLUTE
    ../clib/microlib/division.c              0x00000000   Number         0  uidiv.o ABSOLUTE
    ../clib/microlib/init/entry.s            0x00000000   Number         0  entry9b.o ABSOLUTE
    ../clib/microlib/init/entry.s            0x00000000   Number         0  entry8b.o ABSOLUTE
    ../clib/microlib/init/entry.s            0x00000000   Number         0  entry8a.o ABSOLUTE
    ../clib/microlib/init/entry.s            0x00000000   Number         0  entry7b.o ABSOLUTE
    ../clib/microlib/init/entry.s            0x00000000   Number         0  entry7a.o ABSOLUTE
    ../clib/microlib/init/entry.s            0x00000000   Number         0  entry5.o ABSOLUTE
    ../clib/microlib/init/entry.s            0x00000000   Number         0  entry2.o ABSOLUTE
    ../clib/microlib/init/entry.s            0x00000000   Number         0  entry11b.o ABSOLUTE
    ../clib/microlib/init/entry.s            0x00000000   Number         0  entry11a.o ABSOLUTE
    ../clib/microlib/init/entry.s            0x00000000   Number         0  entry.o ABSOLUTE
    ../clib/microlib/init/entry.s            0x00000000   Number         0  entry10a.o ABSOLUTE
    ../clib/microlib/init/entry.s            0x00000000   Number         0  entry9a.o ABSOLUTE
    ../clib/microlib/init/entry.s            0x00000000   Number         0  entry10b.o ABSOLUTE
    ../clib/microlib/longlong.c              0x00000000   Number         0  llsshr.o ABSOLUTE
    ../clib/microlib/longlong.c              0x00000000   Number         0  llshl.o ABSOLUTE
    ../clib/microlib/longlong.c              0x00000000   Number         0  llushr.o ABSOLUTE
    ../clib/microlib/printf/printf.c         0x00000000   Number         0  printf8.o ABSOLUTE
    ../clib/microlib/printf/printf.c         0x00000000   Number         0  printf6.o ABSOLUTE
    ../clib/microlib/printf/printf.c         0x00000000   Number         0  printfa.o ABSOLUTE
    ../clib/microlib/printf/printf.c         0x00000000   Number         0  printf5.o ABSOLUTE
    ../clib/microlib/printf/printf.c         0x00000000   Number         0  printf7.o ABSOLUTE
    ../clib/microlib/printf/printf.c         0x00000000   Number         0  printf4.o ABSOLUTE
    ../clib/microlib/printf/printf.c         0x00000000   Number         0  printf3.o ABSOLUTE
    ../clib/microlib/printf/printf.c         0x00000000   Number         0  printf2.o ABSOLUTE
    ../clib/microlib/printf/printf.c         0x00000000   Number         0  printf1.o ABSOLUTE
    ../clib/microlib/printf/printf.c         0x00000000   Number         0  printf0.o ABSOLUTE
    ../clib/microlib/printf/printf.c         0x00000000   Number         0  printfb.o ABSOLUTE
    ../clib/microlib/printf/stubs.s          0x00000000   Number         0  stubs.o ABSOLUTE
    ../clib/microlib/stdio/fputc.c           0x00000000   Number         0  fputc.o ABSOLUTE
    ../clib/microlib/stdio/semi.s            0x00000000   Number         0  semi.o ABSOLUTE
    ../clib/microlib/stdio/streams.c         0x00000000   Number         0  stdout.o ABSOLUTE
    ../clib/microlib/string/strlen.c         0x00000000   Number         0  strlen.o ABSOLUTE
    ../clib/microlib/stubs.s                 0x00000000   Number         0  iusefp.o ABSOLUTE
    ../clib/microlib/stubs.s                 0x00000000   Number         0  iusesemip.o ABSOLUTE
    ../fplib/microlib/d2f.c                  0x00000000   Number         0  d2f.o ABSOLUTE
    ../fplib/microlib/f2d.c                  0x00000000   Number         0  f2d.o ABSOLUTE
    ../fplib/microlib/fpadd.c                0x00000000   Number         0  dadd.o ABSOLUTE
    ../fplib/microlib/fpdiv.c                0x00000000   Number         0  ddiv.o ABSOLUTE
    ../fplib/microlib/fpepilogue.c           0x00000000   Number         0  fepilogue.o ABSOLUTE
    ../fplib/microlib/fpepilogue.c           0x00000000   Number         0  depilogue.o ABSOLUTE
    ../fplib/microlib/fpfix.c                0x00000000   Number         0  dfixul.o ABSOLUTE
    ../fplib/microlib/fpmul.c                0x00000000   Number         0  dmul.o ABSOLUTE
    ..\..\..\Libs\C\simulated_signals.c      0x00000000   Number         0  simulated_signals.o ABSOLUTE
    ..\Drivers\CMSIS\\Device\ST\STM32F7xx\Source\Templates\system_stm32f7xx.c 0x00000000   Number         0  system_stm32f7xx.o ABSOLUTE
    ..\Drivers\STM32F7xx_HAL_Driver\Src\stm32f7xx_hal.c 0x00000000   Number         0  stm32f7xx_hal.o ABSOLUTE
    ..\Drivers\STM32F7xx_HAL_Driver\Src\stm32f7xx_hal_adc.c 0x00000000   Number         0  stm32f7xx_hal_adc.o ABSOLUTE
    ..\Drivers\STM32F7xx_HAL_Driver\Src\stm32f7xx_hal_adc_ex.c 0x00000000   Number         0  stm32f7xx_hal_adc_ex.o ABSOLUTE
    ..\Drivers\STM32F7xx_HAL_Driver\Src\stm32f7xx_hal_cortex.c 0x00000000   Number         0  stm32f7xx_hal_cortex.o ABSOLUTE
    ..\Drivers\STM32F7xx_HAL_Driver\Src\stm32f7xx_hal_dac.c 0x00000000   Number         0  stm32f7xx_hal_dac.o ABSOLUTE
    ..\Drivers\STM32F7xx_HAL_Driver\Src\stm32f7xx_hal_dac_ex.c 0x00000000   Number         0  stm32f7xx_hal_dac_ex.o ABSOLUTE
    ..\Drivers\STM32F7xx_HAL_Driver\Src\stm32f7xx_hal_dma.c 0x00000000   Number         0  stm32f7xx_hal_dma.o ABSOLUTE
    ..\Drivers\STM32F7xx_HAL_Driver\Src\stm32f7xx_hal_dma_ex.c 0x00000000   Number         0  stm32f7xx_hal_dma_ex.o ABSOLUTE
    ..\Drivers\STM32F7xx_HAL_Driver\Src\stm32f7xx_hal_flash.c 0x00000000   Number         0  stm32f7xx_hal_flash.o ABSOLUTE
    ..\Drivers\STM32F7xx_HAL_Driver\Src\stm32f7xx_hal_flash_ex.c 0x00000000   Number         0  stm32f7xx_hal_flash_ex.o ABSOLUTE
    ..\Drivers\STM32F7xx_HAL_Driver\Src\stm32f7xx_hal_gpio.c 0x00000000   Number         0  stm32f7xx_hal_gpio.o ABSOLUTE
    ..\Drivers\STM32F7xx_HAL_Driver\Src\stm32f7xx_hal_i2c.c 0x00000000   Number         0  stm32f7xx_hal_i2c.o ABSOLUTE
    ..\Drivers\STM32F7xx_HAL_Driver\Src\stm32f7xx_hal_i2c_ex.c 0x00000000   Number         0  stm32f7xx_hal_i2c_ex.o ABSOLUTE
    ..\Drivers\STM32F7xx_HAL_Driver\Src\stm32f7xx_hal_pwr.c 0x00000000   Number         0  stm32f7xx_hal_pwr.o ABSOLUTE
    ..\Drivers\STM32F7xx_HAL_Driver\Src\stm32f7xx_hal_pwr_ex.c 0x00000000   Number         0  stm32f7xx_hal_pwr_ex.o ABSOLUTE
    ..\Drivers\STM32F7xx_HAL_Driver\Src\stm32f7xx_hal_rcc.c 0x00000000   Number         0  stm32f7xx_hal_rcc.o ABSOLUTE
    ..\Drivers\STM32F7xx_HAL_Driver\Src\stm32f7xx_hal_rcc_ex.c 0x00000000   Number         0  stm32f7xx_hal_rcc_ex.o ABSOLUTE
    ..\Drivers\STM32F7xx_HAL_Driver\Src\stm32f7xx_hal_tim.c 0x00000000   Number         0  stm32f7xx_hal_tim.o ABSOLUTE
    ..\Drivers\STM32F7xx_HAL_Driver\Src\stm32f7xx_hal_tim_ex.c 0x00000000   Number         0  stm32f7xx_hal_tim_ex.o ABSOLUTE
    ..\Drivers\STM32F7xx_HAL_Driver\Src\stm32f7xx_hal_uart.c 0x00000000   Number         0  stm32f7xx_hal_uart.o ABSOLUTE
    ..\Src\controller.c                      0x00000000   Number         0  controller.o ABSOLUTE
    ..\Src\low_lvl_main.c                    0x00000000   Number         0  low_lvl_main.o ABSOLUTE
    ..\Src\main_mpc.c                        0x00000000   Number         0  main_mpc.o ABSOLUTE
    ..\Src\stm32f7xx_hal_msp.c               0x00000000   Number         0  stm32f7xx_hal_msp.o ABSOLUTE
    ..\Src\stm32f7xx_it.c                    0x00000000   Number         0  stm32f7xx_it.o ABSOLUTE
    ..\\Src\\low_lvl_main.c                  0x00000000   Number         0  low_lvl_main.o ABSOLUTE
    ..\\Src\\main_mpc.c                      0x00000000   Number         0  main_mpc.o ABSOLUTE
    cdcmple.s                                0x00000000   Number         0  cdcmple.o ABSOLUTE
    cdrcmple.s                               0x00000000   Number         0  cdrcmple.o ABSOLUTE
    dc.s                                     0x00000000   Number         0  dc.o ABSOLUTE
    handlers.s                               0x00000000   Number         0  handlers.o ABSOLUTE
    init.s                                   0x00000000   Number         0  init.o ABSOLUTE
    startup_stm32f746xx.s                    0x00000000   Number         0  startup_stm32f746xx.o ABSOLUTE
    RESET                                    0x08000000   Section      456  startup_stm32f746xx.o(RESET)
    .ARM.Collect$$$$00000000                 0x080001c8   Section        0  entry.o(.ARM.Collect$$$$00000000)
    .ARM.Collect$$$$00000001                 0x080001c8   Section        4  entry2.o(.ARM.Collect$$$$00000001)
    .ARM.Collect$$$$00000004                 0x080001cc   Section        4  entry5.o(.ARM.Collect$$$$00000004)
    .ARM.Collect$$$$00000008                 0x080001d0   Section        0  entry7b.o(.ARM.Collect$$$$00000008)
    .ARM.Collect$$$$0000000A                 0x080001d0   Section        0  entry8b.o(.ARM.Collect$$$$0000000A)
    .ARM.Collect$$$$0000000B                 0x080001d0   Section        8  entry9a.o(.ARM.Collect$$$$0000000B)
    .ARM.Collect$$$$0000000D                 0x080001d8   Section        0  entry10a.o(.ARM.Collect$$$$0000000D)
    .ARM.Collect$$$$0000000F                 0x080001d8   Section        0  entry11a.o(.ARM.Collect$$$$0000000F)
    .ARM.Collect$$$$00002712                 0x080001d8   Section        4  entry2.o(.ARM.Collect$$$$00002712)
    __lit__00000000                          0x080001d8   Data           4  entry2.o(.ARM.Collect$$$$00002712)
    .text                                    0x080001dc   Section       36  startup_stm32f746xx.o(.text)
    $v0                                      0x080001dc   Number         0  startup_stm32f746xx.o(.text)
    .text                                    0x08000200   Section        0  strlen.o(.text)
    .text                                    0x0800020e   Section        0  dadd.o(.text)
    .text                                    0x0800035c   Section        0  dmul.o(.text)
    .text                                    0x08000440   Section        0  f2d.o(.text)
    .text                                    0x08000468   Section       48  cdcmple.o(.text)
    .text                                    0x08000498   Section       48  cdrcmple.o(.text)
    .text                                    0x080004c8   Section        0  d2f.o(.text)
    .text                                    0x08000500   Section        0  uidiv.o(.text)
    .text                                    0x0800052c   Section        0  uldiv.o(.text)
    .text                                    0x0800058e   Section        0  llshl.o(.text)
    .text                                    0x080005ac   Section        0  llsshr.o(.text)
    .text                                    0x080005d0   Section        0  iusefp.o(.text)
    .text                                    0x080005d0   Section        0  fepilogue.o(.text)
    .text                                    0x0800063e   Section        0  depilogue.o(.text)
    .text                                    0x080006f8   Section        0  ddiv.o(.text)
    .text                                    0x080007d6   Section        0  dfixul.o(.text)
    .text                                    0x08000808   Section       36  init.o(.text)
    .text                                    0x0800082c   Section        0  llushr.o(.text)
    .text                                    0x0800084c   Section        0  __dczerorl.o(.text)
    i.ADC_DMAConvCplt                        0x08000886   Section        0  stm32f7xx_hal_adc.o(i.ADC_DMAConvCplt)
    ADC_DMAConvCplt                          0x08000887   Thumb Code   110  stm32f7xx_hal_adc.o(i.ADC_DMAConvCplt)
    i.ADC_DMAError                           0x080008f4   Section        0  stm32f7xx_hal_adc.o(i.ADC_DMAError)
    ADC_DMAError                             0x080008f5   Thumb Code    26  stm32f7xx_hal_adc.o(i.ADC_DMAError)
    i.ADC_DMAHalfConvCplt                    0x0800090e   Section        0  stm32f7xx_hal_adc.o(i.ADC_DMAHalfConvCplt)
    ADC_DMAHalfConvCplt                      0x0800090f   Thumb Code    14  stm32f7xx_hal_adc.o(i.ADC_DMAHalfConvCplt)
    i.ADC_IRQHandler                         0x0800091c   Section        0  stm32f7xx_it.o(i.ADC_IRQHandler)
    i.ADC_Init                               0x0800092c   Section        0  stm32f7xx_hal_adc.o(i.ADC_Init)
    ADC_Init                                 0x0800092d   Thumb Code   362  stm32f7xx_hal_adc.o(i.ADC_Init)
    i.BusFault_Handler                       0x08000aa4   Section        0  stm32f7xx_it.o(i.BusFault_Handler)
    i.DMA2_Stream0_IRQHandler                0x08000aa8   Section        0  stm32f7xx_it.o(i.DMA2_Stream0_IRQHandler)
    i.DMA_CalcBaseAndBitshift                0x08000ab8   Section        0  stm32f7xx_hal_dma.o(i.DMA_CalcBaseAndBitshift)
    DMA_CalcBaseAndBitshift                  0x08000ab9   Thumb Code    46  stm32f7xx_hal_dma.o(i.DMA_CalcBaseAndBitshift)
    i.DMA_CheckFifoParam                     0x08000aec   Section        0  stm32f7xx_hal_dma.o(i.DMA_CheckFifoParam)
    DMA_CheckFifoParam                       0x08000aed   Thumb Code   186  stm32f7xx_hal_dma.o(i.DMA_CheckFifoParam)
    i.DMA_SetConfig                          0x08000ba6   Section        0  stm32f7xx_hal_dma.o(i.DMA_SetConfig)
    DMA_SetConfig                            0x08000ba7   Thumb Code    44  stm32f7xx_hal_dma.o(i.DMA_SetConfig)
    i.DebugMon_Handler                       0x08000bd2   Section        0  stm32f7xx_it.o(i.DebugMon_Handler)
    i.Error_Handler                          0x08000bd4   Section        0  low_lvl_main.o(i.Error_Handler)
    i.HAL_ADCEx_InjectedConvCpltCallback     0x08000bd8   Section        0  stm32f7xx_hal_adc_ex.o(i.HAL_ADCEx_InjectedConvCpltCallback)
    i.HAL_ADC_ConfigChannel                  0x08000bdc   Section        0  stm32f7xx_hal_adc.o(i.HAL_ADC_ConfigChannel)
    i.HAL_ADC_ConvCpltCallback               0x08000d90   Section        0  low_lvl_main.o(i.HAL_ADC_ConvCpltCallback)
    i.HAL_ADC_ConvHalfCpltCallback           0x08000e48   Section        0  stm32f7xx_hal_adc.o(i.HAL_ADC_ConvHalfCpltCallback)
    i.HAL_ADC_ErrorCallback                  0x08000e4a   Section        0  stm32f7xx_hal_adc.o(i.HAL_ADC_ErrorCallback)
    i.HAL_ADC_IRQHandler                     0x08000e4c   Section        0  stm32f7xx_hal_adc.o(i.HAL_ADC_IRQHandler)
    i.HAL_ADC_Init                           0x08000fc0   Section        0  stm32f7xx_hal_adc.o(i.HAL_ADC_Init)
    i.HAL_ADC_LevelOutOfWindowCallback       0x08001028   Section        0  stm32f7xx_hal_adc.o(i.HAL_ADC_LevelOutOfWindowCallback)
    i.HAL_ADC_MspInit                        0x0800102c   Section        0  stm32f7xx_hal_msp.o(i.HAL_ADC_MspInit)
    i.HAL_ADC_Start                          0x080010d0   Section        0  stm32f7xx_hal_adc.o(i.HAL_ADC_Start)
    i.HAL_ADC_Start_DMA                      0x080011d0   Section        0  stm32f7xx_hal_adc.o(i.HAL_ADC_Start_DMA)
    i.HAL_DAC_ConfigChannel                  0x08001318   Section        0  stm32f7xx_hal_dac.o(i.HAL_DAC_ConfigChannel)
    i.HAL_DAC_Init                           0x08001372   Section        0  stm32f7xx_hal_dac.o(i.HAL_DAC_Init)
    i.HAL_DAC_MspInit                        0x0800139c   Section        0  stm32f7xx_hal_msp.o(i.HAL_DAC_MspInit)
    i.HAL_DAC_SetValue                       0x080013ec   Section        0  stm32f7xx_hal_dac.o(i.HAL_DAC_SetValue)
    i.HAL_DAC_Start                          0x08001418   Section        0  stm32f7xx_hal_dac.o(i.HAL_DAC_Start)
    i.HAL_DMA_Abort_IT                       0x080014a4   Section        0  stm32f7xx_hal_dma.o(i.HAL_DMA_Abort_IT)
    i.HAL_DMA_IRQHandler                     0x080014cc   Section        0  stm32f7xx_hal_dma.o(i.HAL_DMA_IRQHandler)
    i.HAL_DMA_Init                           0x08001714   Section        0  stm32f7xx_hal_dma.o(i.HAL_DMA_Init)
    i.HAL_DMA_Start_IT                       0x080017fc   Section        0  stm32f7xx_hal_dma.o(i.HAL_DMA_Start_IT)
    i.HAL_Delay                              0x0800189a   Section        0  stm32f7xx_hal.o(i.HAL_Delay)
    i.HAL_GPIO_Init                          0x080018b4   Section        0  stm32f7xx_hal_gpio.o(i.HAL_GPIO_Init)
    i.HAL_GPIO_WritePin                      0x08001acc   Section        0  stm32f7xx_hal_gpio.o(i.HAL_GPIO_WritePin)
    i.HAL_GetTick                            0x08001ad8   Section        0  stm32f7xx_hal.o(i.HAL_GetTick)
    i.HAL_IncTick                            0x08001ae4   Section        0  stm32f7xx_hal.o(i.HAL_IncTick)
    i.HAL_Init                               0x08001af4   Section        0  stm32f7xx_hal.o(i.HAL_Init)
    i.HAL_InitTick                           0x08001b0c   Section        0  stm32f7xx_hal.o(i.HAL_InitTick)
    i.HAL_MspInit                            0x08001b34   Section        0  stm32f7xx_hal_msp.o(i.HAL_MspInit)
    i.HAL_NVIC_EnableIRQ                     0x08001b8a   Section        0  stm32f7xx_hal_cortex.o(i.HAL_NVIC_EnableIRQ)
    i.HAL_NVIC_SetPriority                   0x08001ba4   Section        0  stm32f7xx_hal_cortex.o(i.HAL_NVIC_SetPriority)
    i.HAL_NVIC_SetPriorityGrouping           0x08001c20   Section        0  stm32f7xx_hal_cortex.o(i.HAL_NVIC_SetPriorityGrouping)
    i.HAL_PWREx_EnableOverDrive              0x08001c48   Section        0  stm32f7xx_hal_pwr_ex.o(i.HAL_PWREx_EnableOverDrive)
    i.HAL_RCCEx_PeriphCLKConfig              0x08001cd8   Section        0  stm32f7xx_hal_rcc_ex.o(i.HAL_RCCEx_PeriphCLKConfig)
    i.HAL_RCC_ClockConfig                    0x080025f0   Section        0  stm32f7xx_hal_rcc.o(i.HAL_RCC_ClockConfig)
    i.HAL_RCC_GetHCLKFreq                    0x080027a4   Section        0  stm32f7xx_hal_rcc.o(i.HAL_RCC_GetHCLKFreq)
    i.HAL_RCC_GetPCLK1Freq                   0x080027b0   Section        0  stm32f7xx_hal_rcc.o(i.HAL_RCC_GetPCLK1Freq)
    i.HAL_RCC_GetPCLK2Freq                   0x080027dc   Section        0  stm32f7xx_hal_rcc.o(i.HAL_RCC_GetPCLK2Freq)
    i.HAL_RCC_GetSysClockFreq                0x08002808   Section        0  stm32f7xx_hal_rcc.o(i.HAL_RCC_GetSysClockFreq)
    i.HAL_RCC_OscConfig                      0x080028bc   Section        0  stm32f7xx_hal_rcc.o(i.HAL_RCC_OscConfig)
    i.HAL_SYSTICK_CLKSourceConfig            0x08002d7c   Section        0  stm32f7xx_hal_cortex.o(i.HAL_SYSTICK_CLKSourceConfig)
    i.HAL_SYSTICK_Callback                   0x08002da4   Section        0  stm32f7xx_hal_cortex.o(i.HAL_SYSTICK_Callback)
    i.HAL_SYSTICK_Config                     0x08002da6   Section        0  stm32f7xx_hal_cortex.o(i.HAL_SYSTICK_Config)
    i.HAL_SYSTICK_IRQHandler                 0x08002dda   Section        0  stm32f7xx_hal_cortex.o(i.HAL_SYSTICK_IRQHandler)
    i.HAL_TIMEx_BreakCallback                0x08002de2   Section        0  stm32f7xx_hal_tim_ex.o(i.HAL_TIMEx_BreakCallback)
    i.HAL_TIMEx_CommutationCallback          0x08002de4   Section        0  stm32f7xx_hal_tim_ex.o(i.HAL_TIMEx_CommutationCallback)
    i.HAL_TIMEx_MasterConfigSynchronization  0x08002de8   Section        0  stm32f7xx_hal_tim_ex.o(i.HAL_TIMEx_MasterConfigSynchronization)
    i.HAL_TIM_Base_Init                      0x08002e54   Section        0  stm32f7xx_hal_tim.o(i.HAL_TIM_Base_Init)
    i.HAL_TIM_Base_MspInit                   0x08002e82   Section        0  stm32f7xx_hal_tim.o(i.HAL_TIM_Base_MspInit)
    i.HAL_TIM_Base_Start_IT                  0x08002e84   Section        0  stm32f7xx_hal_tim.o(i.HAL_TIM_Base_Start_IT)
    i.HAL_TIM_IC_CaptureCallback             0x08002ea2   Section        0  stm32f7xx_hal_tim.o(i.HAL_TIM_IC_CaptureCallback)
    i.HAL_TIM_IRQHandler                     0x08002ea4   Section        0  stm32f7xx_hal_tim.o(i.HAL_TIM_IRQHandler)
    i.HAL_TIM_OC_ConfigChannel               0x0800305c   Section        0  stm32f7xx_hal_tim_ex.o(i.HAL_TIM_OC_ConfigChannel)
    i.HAL_TIM_OC_DelayElapsedCallback        0x080030f0   Section        0  stm32f7xx_hal_tim.o(i.HAL_TIM_OC_DelayElapsedCallback)
    i.HAL_TIM_OC_Init                        0x080030f2   Section        0  stm32f7xx_hal_tim.o(i.HAL_TIM_OC_Init)
    i.HAL_TIM_OC_MspInit                     0x08003128   Section        0  stm32f7xx_hal_msp.o(i.HAL_TIM_OC_MspInit)
    i.HAL_TIM_PWM_PulseFinishedCallback      0x08003190   Section        0  stm32f7xx_hal_tim.o(i.HAL_TIM_PWM_PulseFinishedCallback)
    i.HAL_TIM_PeriodElapsedCallback          0x08003194   Section        0  main_mpc.o(i.HAL_TIM_PeriodElapsedCallback)
    i.HAL_TIM_TriggerCallback                0x080031a8   Section        0  stm32f7xx_hal_tim.o(i.HAL_TIM_TriggerCallback)
    i.HAL_UART_ErrorCallback                 0x080031aa   Section        0  stm32f7xx_hal_uart.o(i.HAL_UART_ErrorCallback)
    i.HAL_UART_GetState                      0x080031ac   Section        0  stm32f7xx_hal_uart.o(i.HAL_UART_GetState)
    i.HAL_UART_IRQHandler                    0x080031c0   Section        0  stm32f7xx_hal_uart.o(i.HAL_UART_IRQHandler)
    i.HAL_UART_Init                          0x0800331c   Section        0  stm32f7xx_hal_uart.o(i.HAL_UART_Init)
    i.HAL_UART_MspInit                       0x08003394   Section        0  stm32f7xx_hal_msp.o(i.HAL_UART_MspInit)
    i.HAL_UART_RxCpltCallback                0x080033fc   Section        0  stm32f7xx_hal_uart.o(i.HAL_UART_RxCpltCallback)
    i.HAL_UART_Transmit_IT                   0x080033fe   Section        0  stm32f7xx_hal_uart.o(i.HAL_UART_Transmit_IT)
    i.HAL_UART_TxCpltCallback                0x08003458   Section        0  stm32f7xx_hal_uart.o(i.HAL_UART_TxCpltCallback)
    i.HardFault_Handler                      0x0800345a   Section        0  stm32f7xx_it.o(i.HardFault_Handler)
    i.MX_ADC3_Init                           0x08003464   Section        0  low_lvl_main.o(i.MX_ADC3_Init)
    MX_ADC3_Init                             0x08003465   Thumb Code   104  low_lvl_main.o(i.MX_ADC3_Init)
    i.MX_DAC_Init                            0x080034d4   Section        0  low_lvl_main.o(i.MX_DAC_Init)
    MX_DAC_Init                              0x080034d5   Thumb Code    60  low_lvl_main.o(i.MX_DAC_Init)
    i.MX_DMA_Init                            0x08003518   Section        0  low_lvl_main.o(i.MX_DMA_Init)
    MX_DMA_Init                              0x08003519   Thumb Code    48  low_lvl_main.o(i.MX_DMA_Init)
    i.MX_GPIO_Init                           0x0800354c   Section        0  low_lvl_main.o(i.MX_GPIO_Init)
    MX_GPIO_Init                             0x0800354d   Thumb Code   422  low_lvl_main.o(i.MX_GPIO_Init)
    i.MX_TIM2_Init                           0x08003714   Section        0  low_lvl_main.o(i.MX_TIM2_Init)
    MX_TIM2_Init                             0x08003715   Thumb Code    94  low_lvl_main.o(i.MX_TIM2_Init)
    i.MX_TIM5_Init                           0x08003778   Section        0  low_lvl_main.o(i.MX_TIM5_Init)
    MX_TIM5_Init                             0x08003779   Thumb Code    88  low_lvl_main.o(i.MX_TIM5_Init)
    i.MX_USART1_UART_Init                    0x080037d8   Section        0  low_lvl_main.o(i.MX_USART1_UART_Init)
    MX_USART1_UART_Init                      0x080037d9   Thumb Code    56  low_lvl_main.o(i.MX_USART1_UART_Init)
    i.MemManage_Handler                      0x08003818   Section        0  stm32f7xx_it.o(i.MemManage_Handler)
    i.NMI_Handler                            0x0800381c   Section        0  stm32f7xx_it.o(i.NMI_Handler)
    i.NVIC_GetPriorityGrouping               0x08003820   Section        0  stm32f7xx_hal_cortex.o(i.NVIC_GetPriorityGrouping)
    NVIC_GetPriorityGrouping                 0x08003821   Thumb Code    10  stm32f7xx_hal_cortex.o(i.NVIC_GetPriorityGrouping)
    i.NVIC_SetPriority                       0x08003830   Section        0  stm32f7xx_hal_cortex.o(i.NVIC_SetPriority)
    NVIC_SetPriority                         0x08003831   Thumb Code    32  stm32f7xx_hal_cortex.o(i.NVIC_SetPriority)
    i.PendSV_Handler                         0x08003858   Section        0  stm32f7xx_it.o(i.PendSV_Handler)
    i.SVC_Handler                            0x0800385a   Section        0  stm32f7xx_it.o(i.SVC_Handler)
    i.SysTick_Handler                        0x0800385c   Section        0  stm32f7xx_it.o(i.SysTick_Handler)
    i.SystemClock_Config                     0x08003868   Section        0  low_lvl_main.o(i.SystemClock_Config)
    i.SystemInit                             0x08003940   Section        0  system_stm32f7xx.o(i.SystemInit)
    i.TIM2_IRQHandler                        0x080039a4   Section        0  stm32f7xx_it.o(i.TIM2_IRQHandler)
    i.TIM_Base_SetConfig                     0x080039b4   Section        0  stm32f7xx_hal_tim.o(i.TIM_Base_SetConfig)
    i.TIM_OC1_SetConfig                      0x08003a98   Section        0  stm32f7xx_hal_tim.o(i.TIM_OC1_SetConfig)
    i.TIM_OC2_SetConfig                      0x08003b0c   Section        0  stm32f7xx_hal_tim.o(i.TIM_OC2_SetConfig)
    i.TIM_OC3_SetConfig                      0x08003b88   Section        0  stm32f7xx_hal_tim.o(i.TIM_OC3_SetConfig)
    i.TIM_OC4_SetConfig                      0x08003c04   Section        0  stm32f7xx_hal_tim.o(i.TIM_OC4_SetConfig)
    i.TIM_OC5_SetConfig                      0x08003c68   Section        0  stm32f7xx_hal_tim_ex.o(i.TIM_OC5_SetConfig)
    TIM_OC5_SetConfig                        0x08003c69   Thumb Code    74  stm32f7xx_hal_tim_ex.o(i.TIM_OC5_SetConfig)
    i.TIM_OC6_SetConfig                      0x08003cc0   Section        0  stm32f7xx_hal_tim_ex.o(i.TIM_OC6_SetConfig)
    TIM_OC6_SetConfig                        0x08003cc1   Thumb Code    76  stm32f7xx_hal_tim_ex.o(i.TIM_OC6_SetConfig)
    i.UART_AdvFeatureConfig                  0x08003d18   Section        0  stm32f7xx_hal_uart.o(i.UART_AdvFeatureConfig)
    i.UART_CheckIdleState                    0x08003e02   Section        0  stm32f7xx_hal_uart.o(i.UART_CheckIdleState)
    i.UART_DMAAbortOnError                   0x08003e76   Section        0  stm32f7xx_hal_uart.o(i.UART_DMAAbortOnError)
    UART_DMAAbortOnError                     0x08003e77   Thumb Code    24  stm32f7xx_hal_uart.o(i.UART_DMAAbortOnError)
    i.UART_EndRxTransfer                     0x08003e8e   Section        0  stm32f7xx_hal_uart.o(i.UART_EndRxTransfer)
    UART_EndRxTransfer                       0x08003e8f   Thumb Code    32  stm32f7xx_hal_uart.o(i.UART_EndRxTransfer)
    i.UART_EndTransmit_IT                    0x08003eae   Section        0  stm32f7xx_hal_uart.o(i.UART_EndTransmit_IT)
    UART_EndTransmit_IT                      0x08003eaf   Thumb Code    32  stm32f7xx_hal_uart.o(i.UART_EndTransmit_IT)
    i.UART_Receive_IT                        0x08003ece   Section        0  stm32f7xx_hal_uart.o(i.UART_Receive_IT)
    UART_Receive_IT                          0x08003ecf   Thumb Code   136  stm32f7xx_hal_uart.o(i.UART_Receive_IT)
    i.UART_SetConfig                         0x08003f58   Section        0  stm32f7xx_hal_uart.o(i.UART_SetConfig)
    i.UART_Transmit_IT                       0x080042e4   Section        0  stm32f7xx_hal_uart.o(i.UART_Transmit_IT)
    UART_Transmit_IT                         0x080042e5   Thumb Code   106  stm32f7xx_hal_uart.o(i.UART_Transmit_IT)
    i.UART_WaitOnFlagUntilTimeout            0x0800434e   Section        0  stm32f7xx_hal_uart.o(i.UART_WaitOnFlagUntilTimeout)
    i.USART1_IRQHandler                      0x080043bc   Section        0  stm32f7xx_it.o(i.USART1_IRQHandler)
    i.UsageFault_Handler                     0x080043cc   Section        0  stm32f7xx_it.o(i.UsageFault_Handler)
    i.__0sprintf                             0x080043d0   Section        0  printfa.o(i.__0sprintf)
    i.__measureOutput                        0x080043f8   Section        0  low_lvl_main.o(i.__measureOutput)
    i.__scatterload_copy                     0x08004400   Section       14  handlers.o(i.__scatterload_copy)
    i.__scatterload_null                     0x0800440e   Section        2  handlers.o(i.__scatterload_null)
    i.__scatterload_zeroinit                 0x08004410   Section       14  handlers.o(i.__scatterload_zeroinit)
    i.__setControlValue                      0x08004420   Section        0  low_lvl_main.o(i.__setControlValue)
    i._fp_digits                             0x08004474   Section        0  printfa.o(i._fp_digits)
    _fp_digits                               0x08004475   Thumb Code   334  printfa.o(i._fp_digits)
    i._printf_core                           0x080045d8   Section        0  printfa.o(i._printf_core)
    _printf_core                             0x080045d9   Thumb Code  1744  printfa.o(i._printf_core)
    i._printf_post_padding                   0x08004cb4   Section        0  printfa.o(i._printf_post_padding)
    _printf_post_padding                     0x08004cb5   Thumb Code    36  printfa.o(i._printf_post_padding)
    i._printf_pre_padding                    0x08004cd8   Section        0  printfa.o(i._printf_pre_padding)
    _printf_pre_padding                      0x08004cd9   Thumb Code    46  printfa.o(i._printf_pre_padding)
    i._sputc                                 0x08004d06   Section        0  printfa.o(i._sputc)
    _sputc                                   0x08004d07   Thumb Code    10  printfa.o(i._sputc)
    i.change_setpoint                        0x08004d10   Section        0  main_mpc.o(i.change_setpoint)
    i.controller                             0x08004d64   Section        0  main_mpc.o(i.controller)
    controller                               0x08004d65   Thumb Code   716  main_mpc.o(i.controller)
    i.controller_setup                       0x08005068   Section        0  main_mpc.o(i.controller_setup)
    i.controls                               0x0800506c   Section        0  main_mpc.o(i.controls)
    i.emergency_write_string                 0x080050ac   Section        0  low_lvl_main.o(i.emergency_write_string)
    i.hardware_setup                         0x080050ec   Section        0  main_mpc.o(i.hardware_setup)
    i.idle                                   0x080050f4   Section        0  main_mpc.o(i.idle)
    i.loop                                   0x080051f4   Section        0  main_mpc.o(i.loop)
    i.low_lvl_main                           0x08005324   Section        0  low_lvl_main.o(i.low_lvl_main)
    i.main                                   0x080053c0   Section        0  main_mpc.o(i.main)
    i.measureOutput                          0x08005450   Section        0  main_mpc.o(i.measureOutput)
    i.measurements                           0x08005458   Section        0  main_mpc.o(i.measurements)
    i.set_control_value                      0x0800548c   Section        0  main_mpc.o(i.set_control_value)
    i.write_string                           0x08005498   Section        0  low_lvl_main.o(i.write_string)
    .constdata                               0x080054d4   Section        8  stm32f7xx_hal_dma.o(.constdata)
    flagBitshiftOffset                       0x080054d4   Data           8  stm32f7xx_hal_dma.o(.constdata)
    .constdata                               0x080054dc   Section       24  system_stm32f7xx.o(.constdata)
    .data                                    0x20000000   Section       56  low_lvl_main.o(.data)
    error                                    0x20000028   Data           4  low_lvl_main.o(.data)
    i                                        0x2000002c   Data           4  low_lvl_main.o(.data)
    tmpval                                   0x20000030   Data           8  low_lvl_main.o(.data)
    .data                                    0x20000038   Section    103348  main_mpc.o(.data)
    MPT_A                                    0x20000038   Data       20448  main_mpc.o(.data)
    MPT_B                                    0x20005018   Data        5112  main_mpc.o(.data)
    MPT_NC                                   0x20006410   Data         320  main_mpc.o(.data)
    MPT_F                                    0x20006550   Data       51200  main_mpc.o(.data)
    MPT_G                                    0x20012d50   Data       12800  main_mpc.o(.data)
    MPT_HTB                                  0x20015f50   Data       10240  main_mpc.o(.data)
    MPT_FTB                                  0x20018750   Data        2560  main_mpc.o(.data)
    MPT_GTB                                  0x20019150   Data         640  main_mpc.o(.data)
    .data                                    0x200193ec   Section        4  stm32f7xx_hal.o(.data)
    .data                                    0x200193f0   Section        4  system_stm32f7xx.o(.data)
    .bss                                     0x200193f4   Section     1220  low_lvl_main.o(.bss)
    .bss                                     0x200198b8   Section      224  main_mpc.o(.bss)
    STACK                                    0x20019998   Section    16384  startup_stm32f746xx.o(STACK)

    Global Symbols

    Symbol Name                              Value     Ov Type        Size  Object(Section)

    BuildAttributes$$THM_ISAv4$E$P$D$K$B$S$7EM$VFPi5$EXTD16$VFPS$VFMA$PE$PLD8$A:L22UL41UL21$X:L11$S22US41US21$IEEE1$IW$USESV6$~STKCKD$USESV7$~SHL$OTIME$ROPI$EBA8$MICROLIB$REQ8$PRES8$EABIv2 0x00000000   Number         0  anon$$obj.o ABSOLUTE
    __ARM_use_no_argv                        0x00000000   Number         0  main_mpc.o ABSOLUTE
    _printf_a                                0x00000000   Number         0  stubs.o ABSOLUTE
    _printf_c                                0x00000000   Number         0  stubs.o ABSOLUTE
    _printf_charcount                        0x00000000   Number         0  stubs.o ABSOLUTE
    _printf_d                                0x00000000   Number         0  stubs.o ABSOLUTE
    _printf_e                                0x00000000   Number         0  stubs.o ABSOLUTE
    _printf_f                                0x00000000   Number         0  stubs.o ABSOLUTE
    _printf_flags                            0x00000000   Number         0  stubs.o ABSOLUTE
    _printf_fp_dec                           0x00000000   Number         0  stubs.o ABSOLUTE
    _printf_fp_hex                           0x00000000   Number         0  stubs.o ABSOLUTE
    _printf_g                                0x00000000   Number         0  stubs.o ABSOLUTE
    _printf_i                                0x00000000   Number         0  stubs.o ABSOLUTE
    _printf_int_dec                          0x00000000   Number         0  stubs.o ABSOLUTE
    _printf_l                                0x00000000   Number         0  stubs.o ABSOLUTE
    _printf_lc                               0x00000000   Number         0  stubs.o ABSOLUTE
    _printf_ll                               0x00000000   Number         0  stubs.o ABSOLUTE
    _printf_lld                              0x00000000   Number         0  stubs.o ABSOLUTE
    _printf_lli                              0x00000000   Number         0  stubs.o ABSOLUTE
    _printf_llo                              0x00000000   Number         0  stubs.o ABSOLUTE
    _printf_llu                              0x00000000   Number         0  stubs.o ABSOLUTE
    _printf_llx                              0x00000000   Number         0  stubs.o ABSOLUTE
    _printf_longlong_dec                     0x00000000   Number         0  stubs.o ABSOLUTE
    _printf_longlong_hex                     0x00000000   Number         0  stubs.o ABSOLUTE
    _printf_longlong_oct                     0x00000000   Number         0  stubs.o ABSOLUTE
    _printf_ls                               0x00000000   Number         0  stubs.o ABSOLUTE
    _printf_mbtowc                           0x00000000   Number         0  stubs.o ABSOLUTE
    _printf_n                                0x00000000   Number         0  stubs.o ABSOLUTE
    _printf_o                                0x00000000   Number         0  stubs.o ABSOLUTE
    _printf_p                                0x00000000   Number         0  stubs.o ABSOLUTE
    _printf_percent                          0x00000000   Number         0  stubs.o ABSOLUTE
    _printf_pre_padding                      0x00000000   Number         0  stubs.o ABSOLUTE
    _printf_return_value                     0x00000000   Number         0  stubs.o ABSOLUTE
    _printf_s                                0x00000000   Number         0  stubs.o ABSOLUTE
    _printf_sizespec                         0x00000000   Number         0  stubs.o ABSOLUTE
    _printf_str                              0x00000000   Number         0  stubs.o ABSOLUTE
    _printf_truncate_signed                  0x00000000   Number         0  stubs.o ABSOLUTE
    _printf_truncate_unsigned                0x00000000   Number         0  stubs.o ABSOLUTE
    _printf_u                                0x00000000   Number         0  stubs.o ABSOLUTE
    _printf_wc                               0x00000000   Number         0  stubs.o ABSOLUTE
    _printf_wctomb                           0x00000000   Number         0  stubs.o ABSOLUTE
    _printf_widthprec                        0x00000000   Number         0  stubs.o ABSOLUTE
    _printf_x                                0x00000000   Number         0  stubs.o ABSOLUTE
    __cpp_initialize__aeabi_                  - Undefined Weak Reference
    __cxa_finalize                            - Undefined Weak Reference
    _clock_init                               - Undefined Weak Reference
    _microlib_exit                            - Undefined Weak Reference
    __Vectors_Size                           0x000001c8   Number         0  startup_stm32f746xx.o ABSOLUTE
    __Vectors                                0x08000000   Data           4  startup_stm32f746xx.o(RESET)
    __Vectors_End                            0x080001c8   Data           0  startup_stm32f746xx.o(RESET)
    __main                                   0x080001c9   Thumb Code     0  entry.o(.ARM.Collect$$$$00000000)
    _main_stk                                0x080001c9   Thumb Code     0  entry2.o(.ARM.Collect$$$$00000001)
    _main_scatterload                        0x080001cd   Thumb Code     0  entry5.o(.ARM.Collect$$$$00000004)
    __main_after_scatterload                 0x080001d1   Thumb Code     0  entry5.o(.ARM.Collect$$$$00000004)
    _main_clock                              0x080001d1   Thumb Code     0  entry7b.o(.ARM.Collect$$$$00000008)
    _main_cpp_init                           0x080001d1   Thumb Code     0  entry8b.o(.ARM.Collect$$$$0000000A)
    _main_init                               0x080001d1   Thumb Code     0  entry9a.o(.ARM.Collect$$$$0000000B)
    __rt_final_cpp                           0x080001d9   Thumb Code     0  entry10a.o(.ARM.Collect$$$$0000000D)
    __rt_final_exit                          0x080001d9   Thumb Code     0  entry11a.o(.ARM.Collect$$$$0000000F)
    Reset_Handler                            0x080001dd   Thumb Code     8  startup_stm32f746xx.o(.text)
    CAN1_RX0_IRQHandler                      0x080001f7   Thumb Code     0  startup_stm32f746xx.o(.text)
    CAN1_RX1_IRQHandler                      0x080001f7   Thumb Code     0  startup_stm32f746xx.o(.text)
    CAN1_SCE_IRQHandler                      0x080001f7   Thumb Code     0  startup_stm32f746xx.o(.text)
    CAN1_TX_IRQHandler                       0x080001f7   Thumb Code     0  startup_stm32f746xx.o(.text)
    CAN2_RX0_IRQHandler                      0x080001f7   Thumb Code     0  startup_stm32f746xx.o(.text)
    CAN2_RX1_IRQHandler                      0x080001f7   Thumb Code     0  startup_stm32f746xx.o(.text)
    CAN2_SCE_IRQHandler                      0x080001f7   Thumb Code     0  startup_stm32f746xx.o(.text)
    CAN2_TX_IRQHandler                       0x080001f7   Thumb Code     0  startup_stm32f746xx.o(.text)
    CEC_IRQHandler                           0x080001f7   Thumb Code     0  startup_stm32f746xx.o(.text)
    DCMI_IRQHandler                          0x080001f7   Thumb Code     0  startup_stm32f746xx.o(.text)
    DMA1_Stream0_IRQHandler                  0x080001f7   Thumb Code     0  startup_stm32f746xx.o(.text)
    DMA1_Stream1_IRQHandler                  0x080001f7   Thumb Code     0  startup_stm32f746xx.o(.text)
    DMA1_Stream2_IRQHandler                  0x080001f7   Thumb Code     0  startup_stm32f746xx.o(.text)
    DMA1_Stream3_IRQHandler                  0x080001f7   Thumb Code     0  startup_stm32f746xx.o(.text)
    DMA1_Stream4_IRQHandler                  0x080001f7   Thumb Code     0  startup_stm32f746xx.o(.text)
    DMA1_Stream5_IRQHandler                  0x080001f7   Thumb Code     0  startup_stm32f746xx.o(.text)
    DMA1_Stream6_IRQHandler                  0x080001f7   Thumb Code     0  startup_stm32f746xx.o(.text)
    DMA1_Stream7_IRQHandler                  0x080001f7   Thumb Code     0  startup_stm32f746xx.o(.text)
    DMA2D_IRQHandler                         0x080001f7   Thumb Code     0  startup_stm32f746xx.o(.text)
    DMA2_Stream1_IRQHandler                  0x080001f7   Thumb Code     0  startup_stm32f746xx.o(.text)
    DMA2_Stream2_IRQHandler                  0x080001f7   Thumb Code     0  startup_stm32f746xx.o(.text)
    DMA2_Stream3_IRQHandler                  0x080001f7   Thumb Code     0  startup_stm32f746xx.o(.text)
    DMA2_Stream4_IRQHandler                  0x080001f7   Thumb Code     0  startup_stm32f746xx.o(.text)
    DMA2_Stream5_IRQHandler                  0x080001f7   Thumb Code     0  startup_stm32f746xx.o(.text)
    DMA2_Stream6_IRQHandler                  0x080001f7   Thumb Code     0  startup_stm32f746xx.o(.text)
    DMA2_Stream7_IRQHandler                  0x080001f7   Thumb Code     0  startup_stm32f746xx.o(.text)
    ETH_IRQHandler                           0x080001f7   Thumb Code     0  startup_stm32f746xx.o(.text)
    ETH_WKUP_IRQHandler                      0x080001f7   Thumb Code     0  startup_stm32f746xx.o(.text)
    EXTI0_IRQHandler                         0x080001f7   Thumb Code     0  startup_stm32f746xx.o(.text)
    EXTI15_10_IRQHandler                     0x080001f7   Thumb Code     0  startup_stm32f746xx.o(.text)
    EXTI1_IRQHandler                         0x080001f7   Thumb Code     0  startup_stm32f746xx.o(.text)
    EXTI2_IRQHandler                         0x080001f7   Thumb Code     0  startup_stm32f746xx.o(.text)
    EXTI3_IRQHandler                         0x080001f7   Thumb Code     0  startup_stm32f746xx.o(.text)
    EXTI4_IRQHandler                         0x080001f7   Thumb Code     0  startup_stm32f746xx.o(.text)
    EXTI9_5_IRQHandler                       0x080001f7   Thumb Code     0  startup_stm32f746xx.o(.text)
    FLASH_IRQHandler                         0x080001f7   Thumb Code     0  startup_stm32f746xx.o(.text)
    FMC_IRQHandler                           0x080001f7   Thumb Code     0  startup_stm32f746xx.o(.text)
    FPU_IRQHandler                           0x080001f7   Thumb Code     0  startup_stm32f746xx.o(.text)
    I2C1_ER_IRQHandler                       0x080001f7   Thumb Code     0  startup_stm32f746xx.o(.text)
    I2C1_EV_IRQHandler                       0x080001f7   Thumb Code     0  startup_stm32f746xx.o(.text)
    I2C2_ER_IRQHandler                       0x080001f7   Thumb Code     0  startup_stm32f746xx.o(.text)
    I2C2_EV_IRQHandler                       0x080001f7   Thumb Code     0  startup_stm32f746xx.o(.text)
    I2C3_ER_IRQHandler                       0x080001f7   Thumb Code     0  startup_stm32f746xx.o(.text)
    I2C3_EV_IRQHandler                       0x080001f7   Thumb Code     0  startup_stm32f746xx.o(.text)
    I2C4_ER_IRQHandler                       0x080001f7   Thumb Code     0  startup_stm32f746xx.o(.text)
    I2C4_EV_IRQHandler                       0x080001f7   Thumb Code     0  startup_stm32f746xx.o(.text)
    LPTIM1_IRQHandler                        0x080001f7   Thumb Code     0  startup_stm32f746xx.o(.text)
    LTDC_ER_IRQHandler                       0x080001f7   Thumb Code     0  startup_stm32f746xx.o(.text)
    LTDC_IRQHandler                          0x080001f7   Thumb Code     0  startup_stm32f746xx.o(.text)
    OTG_FS_IRQHandler                        0x080001f7   Thumb Code     0  startup_stm32f746xx.o(.text)
    OTG_FS_WKUP_IRQHandler                   0x080001f7   Thumb Code     0  startup_stm32f746xx.o(.text)
    OTG_HS_EP1_IN_IRQHandler                 0x080001f7   Thumb Code     0  startup_stm32f746xx.o(.text)
    OTG_HS_EP1_OUT_IRQHandler                0x080001f7   Thumb Code     0  startup_stm32f746xx.o(.text)
    OTG_HS_IRQHandler                        0x080001f7   Thumb Code     0  startup_stm32f746xx.o(.text)
    OTG_HS_WKUP_IRQHandler                   0x080001f7   Thumb Code     0  startup_stm32f746xx.o(.text)
    PVD_IRQHandler                           0x080001f7   Thumb Code     0  startup_stm32f746xx.o(.text)
    QUADSPI_IRQHandler                       0x080001f7   Thumb Code     0  startup_stm32f746xx.o(.text)
    RCC_IRQHandler                           0x080001f7   Thumb Code     0  startup_stm32f746xx.o(.text)
    RNG_IRQHandler                           0x080001f7   Thumb Code     0  startup_stm32f746xx.o(.text)
    RTC_Alarm_IRQHandler                     0x080001f7   Thumb Code     0  startup_stm32f746xx.o(.text)
    RTC_WKUP_IRQHandler                      0x080001f7   Thumb Code     0  startup_stm32f746xx.o(.text)
    SAI1_IRQHandler                          0x080001f7   Thumb Code     0  startup_stm32f746xx.o(.text)
    SAI2_IRQHandler                          0x080001f7   Thumb Code     0  startup_stm32f746xx.o(.text)
    SDMMC1_IRQHandler                        0x080001f7   Thumb Code     0  startup_stm32f746xx.o(.text)
    SPDIF_RX_IRQHandler                      0x080001f7   Thumb Code     0  startup_stm32f746xx.o(.text)
    SPI1_IRQHandler                          0x080001f7   Thumb Code     0  startup_stm32f746xx.o(.text)
    SPI2_IRQHandler                          0x080001f7   Thumb Code     0  startup_stm32f746xx.o(.text)
    SPI3_IRQHandler                          0x080001f7   Thumb Code     0  startup_stm32f746xx.o(.text)
    SPI4_IRQHandler                          0x080001f7   Thumb Code     0  startup_stm32f746xx.o(.text)
    SPI5_IRQHandler                          0x080001f7   Thumb Code     0  startup_stm32f746xx.o(.text)
    SPI6_IRQHandler                          0x080001f7   Thumb Code     0  startup_stm32f746xx.o(.text)
    TAMP_STAMP_IRQHandler                    0x080001f7   Thumb Code     0  startup_stm32f746xx.o(.text)
    TIM1_BRK_TIM9_IRQHandler                 0x080001f7   Thumb Code     0  startup_stm32f746xx.o(.text)
    TIM1_CC_IRQHandler                       0x080001f7   Thumb Code     0  startup_stm32f746xx.o(.text)
    TIM1_TRG_COM_TIM11_IRQHandler            0x080001f7   Thumb Code     0  startup_stm32f746xx.o(.text)
    TIM1_UP_TIM10_IRQHandler                 0x080001f7   Thumb Code     0  startup_stm32f746xx.o(.text)
    TIM3_IRQHandler                          0x080001f7   Thumb Code     0  startup_stm32f746xx.o(.text)
    TIM4_IRQHandler                          0x080001f7   Thumb Code     0  startup_stm32f746xx.o(.text)
    TIM5_IRQHandler                          0x080001f7   Thumb Code     0  startup_stm32f746xx.o(.text)
    TIM6_DAC_IRQHandler                      0x080001f7   Thumb Code     0  startup_stm32f746xx.o(.text)
    TIM7_IRQHandler                          0x080001f7   Thumb Code     0  startup_stm32f746xx.o(.text)
    TIM8_BRK_TIM12_IRQHandler                0x080001f7   Thumb Code     0  startup_stm32f746xx.o(.text)
    TIM8_CC_IRQHandler                       0x080001f7   Thumb Code     0  startup_stm32f746xx.o(.text)
    TIM8_TRG_COM_TIM14_IRQHandler            0x080001f7   Thumb Code     0  startup_stm32f746xx.o(.text)
    TIM8_UP_TIM13_IRQHandler                 0x080001f7   Thumb Code     0  startup_stm32f746xx.o(.text)
    UART4_IRQHandler                         0x080001f7   Thumb Code     0  startup_stm32f746xx.o(.text)
    UART5_IRQHandler                         0x080001f7   Thumb Code     0  startup_stm32f746xx.o(.text)
    UART7_IRQHandler                         0x080001f7   Thumb Code     0  startup_stm32f746xx.o(.text)
    UART8_IRQHandler                         0x080001f7   Thumb Code     0  startup_stm32f746xx.o(.text)
    USART2_IRQHandler                        0x080001f7   Thumb Code     0  startup_stm32f746xx.o(.text)
    USART3_IRQHandler                        0x080001f7   Thumb Code     0  startup_stm32f746xx.o(.text)
    USART6_IRQHandler                        0x080001f7   Thumb Code     0  startup_stm32f746xx.o(.text)
    WWDG_IRQHandler                          0x080001f7   Thumb Code     0  startup_stm32f746xx.o(.text)
    strlen                                   0x08000201   Thumb Code    14  strlen.o(.text)
    __aeabi_dadd                             0x0800020f   Thumb Code   322  dadd.o(.text)
    __aeabi_dsub                             0x08000351   Thumb Code     6  dadd.o(.text)
    __aeabi_drsub                            0x08000357   Thumb Code     6  dadd.o(.text)
    __aeabi_dmul                             0x0800035d   Thumb Code   228  dmul.o(.text)
    __aeabi_f2d                              0x08000441   Thumb Code    38  f2d.o(.text)
    __aeabi_cdcmpeq                          0x08000469   Thumb Code     0  cdcmple.o(.text)
    __aeabi_cdcmple                          0x08000469   Thumb Code    48  cdcmple.o(.text)
    __aeabi_cdrcmple                         0x08000499   Thumb Code    48  cdrcmple.o(.text)
    __aeabi_d2f                              0x080004c9   Thumb Code    56  d2f.o(.text)
    __aeabi_uidiv                            0x08000501   Thumb Code     0  uidiv.o(.text)
    __aeabi_uidivmod                         0x08000501   Thumb Code    44  uidiv.o(.text)
    __aeabi_uldivmod                         0x0800052d   Thumb Code    98  uldiv.o(.text)
    __aeabi_llsl                             0x0800058f   Thumb Code    30  llshl.o(.text)
    _ll_shift_l                              0x0800058f   Thumb Code     0  llshl.o(.text)
    __aeabi_lasr                             0x080005ad   Thumb Code    36  llsshr.o(.text)
    _ll_sshift_r                             0x080005ad   Thumb Code     0  llsshr.o(.text)
    __I$use$fp                               0x080005d1   Thumb Code     0  iusefp.o(.text)
    _float_round                             0x080005d1   Thumb Code    18  fepilogue.o(.text)
    _float_epilogue                          0x080005e3   Thumb Code    92  fepilogue.o(.text)
    _double_round                            0x0800063f   Thumb Code    30  depilogue.o(.text)
    _double_epilogue                         0x0800065d   Thumb Code   156  depilogue.o(.text)
    __aeabi_ddiv                             0x080006f9   Thumb Code   222  ddiv.o(.text)
    __aeabi_d2ulz                            0x080007d7   Thumb Code    48  dfixul.o(.text)
    __scatterload                            0x08000809   Thumb Code    28  init.o(.text)
    __scatterload_rt2                        0x08000809   Thumb Code     0  init.o(.text)
    __aeabi_llsr                             0x0800082d   Thumb Code    32  llushr.o(.text)
    _ll_ushift_r                             0x0800082d   Thumb Code     0  llushr.o(.text)
    __decompress                             0x0800084d   Thumb Code     0  __dczerorl.o(.text)
    __decompress0                            0x0800084d   Thumb Code    58  __dczerorl.o(.text)
    ADC_IRQHandler                           0x0800091d   Thumb Code    10  stm32f7xx_it.o(i.ADC_IRQHandler)
    BusFault_Handler                         0x08000aa5   Thumb Code     4  stm32f7xx_it.o(i.BusFault_Handler)
    DMA2_Stream0_IRQHandler                  0x08000aa9   Thumb Code    10  stm32f7xx_it.o(i.DMA2_Stream0_IRQHandler)
    DebugMon_Handler                         0x08000bd3   Thumb Code     2  stm32f7xx_it.o(i.DebugMon_Handler)
    Error_Handler                            0x08000bd5   Thumb Code     4  low_lvl_main.o(i.Error_Handler)
    HAL_ADCEx_InjectedConvCpltCallback       0x08000bd9   Thumb Code     2  stm32f7xx_hal_adc_ex.o(i.HAL_ADCEx_InjectedConvCpltCallback)
    HAL_ADC_ConfigChannel                    0x08000bdd   Thumb Code   414  stm32f7xx_hal_adc.o(i.HAL_ADC_ConfigChannel)
    HAL_ADC_ConvCpltCallback                 0x08000d91   Thumb Code   158  low_lvl_main.o(i.HAL_ADC_ConvCpltCallback)
    HAL_ADC_ConvHalfCpltCallback             0x08000e49   Thumb Code     2  stm32f7xx_hal_adc.o(i.HAL_ADC_ConvHalfCpltCallback)
    HAL_ADC_ErrorCallback                    0x08000e4b   Thumb Code     2  stm32f7xx_hal_adc.o(i.HAL_ADC_ErrorCallback)
    HAL_ADC_IRQHandler                       0x08000e4d   Thumb Code   372  stm32f7xx_hal_adc.o(i.HAL_ADC_IRQHandler)
    HAL_ADC_Init                             0x08000fc1   Thumb Code   100  stm32f7xx_hal_adc.o(i.HAL_ADC_Init)
    HAL_ADC_LevelOutOfWindowCallback         0x08001029   Thumb Code     2  stm32f7xx_hal_adc.o(i.HAL_ADC_LevelOutOfWindowCallback)
    HAL_ADC_MspInit                          0x0800102d   Thumb Code   142  stm32f7xx_hal_msp.o(i.HAL_ADC_MspInit)
    HAL_ADC_Start                            0x080010d1   Thumb Code   238  stm32f7xx_hal_adc.o(i.HAL_ADC_Start)
    HAL_ADC_Start_DMA                        0x080011d1   Thumb Code   300  stm32f7xx_hal_adc.o(i.HAL_ADC_Start_DMA)
    HAL_DAC_ConfigChannel                    0x08001319   Thumb Code    90  stm32f7xx_hal_dac.o(i.HAL_DAC_ConfigChannel)
    HAL_DAC_Init                             0x08001373   Thumb Code    40  stm32f7xx_hal_dac.o(i.HAL_DAC_Init)
    HAL_DAC_MspInit                          0x0800139d   Thumb Code    66  stm32f7xx_hal_msp.o(i.HAL_DAC_MspInit)
    HAL_DAC_SetValue                         0x080013ed   Thumb Code    44  stm32f7xx_hal_dac.o(i.HAL_DAC_SetValue)
    HAL_DAC_Start                            0x08001419   Thumb Code   140  stm32f7xx_hal_dac.o(i.HAL_DAC_Start)
    HAL_DMA_Abort_IT                         0x080014a5   Thumb Code    40  stm32f7xx_hal_dma.o(i.HAL_DMA_Abort_IT)
    HAL_DMA_IRQHandler                       0x080014cd   Thumb Code   574  stm32f7xx_hal_dma.o(i.HAL_DMA_IRQHandler)
    HAL_DMA_Init                             0x08001715   Thumb Code   228  stm32f7xx_hal_dma.o(i.HAL_DMA_Init)
    HAL_DMA_Start_IT                         0x080017fd   Thumb Code   158  stm32f7xx_hal_dma.o(i.HAL_DMA_Start_IT)
    HAL_Delay                                0x0800189b   Thumb Code    26  stm32f7xx_hal.o(i.HAL_Delay)
    HAL_GPIO_Init                            0x080018b5   Thumb Code   484  stm32f7xx_hal_gpio.o(i.HAL_GPIO_Init)
    HAL_GPIO_WritePin                        0x08001acd   Thumb Code    12  stm32f7xx_hal_gpio.o(i.HAL_GPIO_WritePin)
    HAL_GetTick                              0x08001ad9   Thumb Code     6  stm32f7xx_hal.o(i.HAL_GetTick)
    HAL_IncTick                              0x08001ae5   Thumb Code    12  stm32f7xx_hal.o(i.HAL_IncTick)
    HAL_Init                                 0x08001af5   Thumb Code    22  stm32f7xx_hal.o(i.HAL_Init)
    HAL_InitTick                             0x08001b0d   Thumb Code    36  stm32f7xx_hal.o(i.HAL_InitTick)
    HAL_MspInit                              0x08001b35   Thumb Code    86  stm32f7xx_hal_msp.o(i.HAL_MspInit)
    HAL_NVIC_EnableIRQ                       0x08001b8b   Thumb Code    26  stm32f7xx_hal_cortex.o(i.HAL_NVIC_EnableIRQ)
    HAL_NVIC_SetPriority                     0x08001ba5   Thumb Code   124  stm32f7xx_hal_cortex.o(i.HAL_NVIC_SetPriority)
    HAL_NVIC_SetPriorityGrouping             0x08001c21   Thumb Code    32  stm32f7xx_hal_cortex.o(i.HAL_NVIC_SetPriorityGrouping)
    HAL_PWREx_EnableOverDrive                0x08001c49   Thumb Code   136  stm32f7xx_hal_pwr_ex.o(i.HAL_PWREx_EnableOverDrive)
    HAL_RCCEx_PeriphCLKConfig                0x08001cd9   Thumb Code  2322  stm32f7xx_hal_rcc_ex.o(i.HAL_RCCEx_PeriphCLKConfig)
    HAL_RCC_ClockConfig                      0x080025f1   Thumb Code   420  stm32f7xx_hal_rcc.o(i.HAL_RCC_ClockConfig)
    HAL_RCC_GetHCLKFreq                      0x080027a5   Thumb Code     6  stm32f7xx_hal_rcc.o(i.HAL_RCC_GetHCLKFreq)
    HAL_RCC_GetPCLK1Freq                     0x080027b1   Thumb Code    36  stm32f7xx_hal_rcc.o(i.HAL_RCC_GetPCLK1Freq)
    HAL_RCC_GetPCLK2Freq                     0x080027dd   Thumb Code    36  stm32f7xx_hal_rcc.o(i.HAL_RCC_GetPCLK2Freq)
    HAL_RCC_GetSysClockFreq                  0x08002809   Thumb Code   168  stm32f7xx_hal_rcc.o(i.HAL_RCC_GetSysClockFreq)
    HAL_RCC_OscConfig                        0x080028bd   Thumb Code  1210  stm32f7xx_hal_rcc.o(i.HAL_RCC_OscConfig)
    HAL_SYSTICK_CLKSourceConfig              0x08002d7d   Thumb Code    40  stm32f7xx_hal_cortex.o(i.HAL_SYSTICK_CLKSourceConfig)
    HAL_SYSTICK_Callback                     0x08002da5   Thumb Code     2  stm32f7xx_hal_cortex.o(i.HAL_SYSTICK_Callback)
    HAL_SYSTICK_Config                       0x08002da7   Thumb Code    52  stm32f7xx_hal_cortex.o(i.HAL_SYSTICK_Config)
    HAL_SYSTICK_IRQHandler                   0x08002ddb   Thumb Code     8  stm32f7xx_hal_cortex.o(i.HAL_SYSTICK_IRQHandler)
    HAL_TIMEx_BreakCallback                  0x08002de3   Thumb Code     2  stm32f7xx_hal_tim_ex.o(i.HAL_TIMEx_BreakCallback)
    HAL_TIMEx_CommutationCallback            0x08002de5   Thumb Code     2  stm32f7xx_hal_tim_ex.o(i.HAL_TIMEx_CommutationCallback)
    HAL_TIMEx_MasterConfigSynchronization    0x08002de9   Thumb Code    98  stm32f7xx_hal_tim_ex.o(i.HAL_TIMEx_MasterConfigSynchronization)
    HAL_TIM_Base_Init                        0x08002e55   Thumb Code    46  stm32f7xx_hal_tim.o(i.HAL_TIM_Base_Init)
    HAL_TIM_Base_MspInit                     0x08002e83   Thumb Code     2  stm32f7xx_hal_tim.o(i.HAL_TIM_Base_MspInit)
    HAL_TIM_Base_Start_IT                    0x08002e85   Thumb Code    30  stm32f7xx_hal_tim.o(i.HAL_TIM_Base_Start_IT)
    HAL_TIM_IC_CaptureCallback               0x08002ea3   Thumb Code     2  stm32f7xx_hal_tim.o(i.HAL_TIM_IC_CaptureCallback)
    HAL_TIM_IRQHandler                       0x08002ea5   Thumb Code   440  stm32f7xx_hal_tim.o(i.HAL_TIM_IRQHandler)
    HAL_TIM_OC_ConfigChannel                 0x0800305d   Thumb Code   148  stm32f7xx_hal_tim_ex.o(i.HAL_TIM_OC_ConfigChannel)
    HAL_TIM_OC_DelayElapsedCallback          0x080030f1   Thumb Code     2  stm32f7xx_hal_tim.o(i.HAL_TIM_OC_DelayElapsedCallback)
    HAL_TIM_OC_Init                          0x080030f3   Thumb Code    52  stm32f7xx_hal_tim.o(i.HAL_TIM_OC_Init)
    HAL_TIM_OC_MspInit                       0x08003129   Thumb Code    96  stm32f7xx_hal_msp.o(i.HAL_TIM_OC_MspInit)
    HAL_TIM_PWM_PulseFinishedCallback        0x08003191   Thumb Code     2  stm32f7xx_hal_tim.o(i.HAL_TIM_PWM_PulseFinishedCallback)
    HAL_TIM_PeriodElapsedCallback            0x08003195   Thumb Code    16  main_mpc.o(i.HAL_TIM_PeriodElapsedCallback)
    HAL_TIM_TriggerCallback                  0x080031a9   Thumb Code     2  stm32f7xx_hal_tim.o(i.HAL_TIM_TriggerCallback)
    HAL_UART_ErrorCallback                   0x080031ab   Thumb Code     2  stm32f7xx_hal_uart.o(i.HAL_UART_ErrorCallback)
    HAL_UART_GetState                        0x080031ad   Thumb Code    20  stm32f7xx_hal_uart.o(i.HAL_UART_GetState)
    HAL_UART_IRQHandler                      0x080031c1   Thumb Code   344  stm32f7xx_hal_uart.o(i.HAL_UART_IRQHandler)
    HAL_UART_Init                            0x0800331d   Thumb Code   120  stm32f7xx_hal_uart.o(i.HAL_UART_Init)
    HAL_UART_MspInit                         0x08003395   Thumb Code    92  stm32f7xx_hal_msp.o(i.HAL_UART_MspInit)
    HAL_UART_RxCpltCallback                  0x080033fd   Thumb Code     2  stm32f7xx_hal_uart.o(i.HAL_UART_RxCpltCallback)
    HAL_UART_Transmit_IT                     0x080033ff   Thumb Code    90  stm32f7xx_hal_uart.o(i.HAL_UART_Transmit_IT)
    HAL_UART_TxCpltCallback                  0x08003459   Thumb Code     2  stm32f7xx_hal_uart.o(i.HAL_UART_TxCpltCallback)
    HardFault_Handler                        0x0800345b   Thumb Code     8  stm32f7xx_it.o(i.HardFault_Handler)
    MemManage_Handler                        0x08003819   Thumb Code     4  stm32f7xx_it.o(i.MemManage_Handler)
    NMI_Handler                              0x0800381d   Thumb Code     2  stm32f7xx_it.o(i.NMI_Handler)
    PendSV_Handler                           0x08003859   Thumb Code     2  stm32f7xx_it.o(i.PendSV_Handler)
    SVC_Handler                              0x0800385b   Thumb Code     2  stm32f7xx_it.o(i.SVC_Handler)
    SysTick_Handler                          0x0800385d   Thumb Code    12  stm32f7xx_it.o(i.SysTick_Handler)
    SystemClock_Config                       0x08003869   Thumb Code   208  low_lvl_main.o(i.SystemClock_Config)
    SystemInit                               0x08003941   Thumb Code    82  system_stm32f7xx.o(i.SystemInit)
    TIM2_IRQHandler                          0x080039a5   Thumb Code    10  stm32f7xx_it.o(i.TIM2_IRQHandler)
    TIM_Base_SetConfig                       0x080039b5   Thumb Code   184  stm32f7xx_hal_tim.o(i.TIM_Base_SetConfig)
    TIM_OC1_SetConfig                        0x08003a99   Thumb Code   102  stm32f7xx_hal_tim.o(i.TIM_OC1_SetConfig)
    TIM_OC2_SetConfig                        0x08003b0d   Thumb Code   112  stm32f7xx_hal_tim.o(i.TIM_OC2_SetConfig)
    TIM_OC3_SetConfig                        0x08003b89   Thumb Code   110  stm32f7xx_hal_tim.o(i.TIM_OC3_SetConfig)
    TIM_OC4_SetConfig                        0x08003c05   Thumb Code    88  stm32f7xx_hal_tim.o(i.TIM_OC4_SetConfig)
    UART_AdvFeatureConfig                    0x08003d19   Thumb Code   234  stm32f7xx_hal_uart.o(i.UART_AdvFeatureConfig)
    UART_CheckIdleState                      0x08003e03   Thumb Code   116  stm32f7xx_hal_uart.o(i.UART_CheckIdleState)
    UART_SetConfig                           0x08003f59   Thumb Code   858  stm32f7xx_hal_uart.o(i.UART_SetConfig)
    UART_WaitOnFlagUntilTimeout              0x0800434f   Thumb Code   108  stm32f7xx_hal_uart.o(i.UART_WaitOnFlagUntilTimeout)
    USART1_IRQHandler                        0x080043bd   Thumb Code    10  stm32f7xx_it.o(i.USART1_IRQHandler)
    UsageFault_Handler                       0x080043cd   Thumb Code     4  stm32f7xx_it.o(i.UsageFault_Handler)
    __0sprintf                               0x080043d1   Thumb Code    34  printfa.o(i.__0sprintf)
    __1sprintf                               0x080043d1   Thumb Code     0  printfa.o(i.__0sprintf)
    __2sprintf                               0x080043d1   Thumb Code     0  printfa.o(i.__0sprintf)
    __c89sprintf                             0x080043d1   Thumb Code     0  printfa.o(i.__0sprintf)
    sprintf                                  0x080043d1   Thumb Code     0  printfa.o(i.__0sprintf)
    __measureOutput                          0x080043f9   Thumb Code     4  low_lvl_main.o(i.__measureOutput)
    __scatterload_copy                       0x08004401   Thumb Code    14  handlers.o(i.__scatterload_copy)
    __scatterload_null                       0x0800440f   Thumb Code     2  handlers.o(i.__scatterload_null)
    __scatterload_zeroinit                   0x08004411   Thumb Code    14  handlers.o(i.__scatterload_zeroinit)
    __setControlValue                        0x08004421   Thumb Code    74  low_lvl_main.o(i.__setControlValue)
    change_setpoint                          0x08004d11   Thumb Code    74  main_mpc.o(i.change_setpoint)
    controller_setup                         0x08005069   Thumb Code     2  main_mpc.o(i.controller_setup)
    controls                                 0x0800506d   Thumb Code    54  main_mpc.o(i.controls)
    emergency_write_string                   0x080050ad   Thumb Code    46  low_lvl_main.o(i.emergency_write_string)
    hardware_setup                           0x080050ed   Thumb Code     8  main_mpc.o(i.hardware_setup)
    idle                                     0x080050f5   Thumb Code   200  main_mpc.o(i.idle)
    loop                                     0x080051f5   Thumb Code   282  main_mpc.o(i.loop)
    low_lvl_main                             0x08005325   Thumb Code   136  low_lvl_main.o(i.low_lvl_main)
    main                                     0x080053c1   Thumb Code   116  main_mpc.o(i.main)
    measureOutput                            0x08005451   Thumb Code     8  main_mpc.o(i.measureOutput)
    measurements                             0x08005459   Thumb Code    48  main_mpc.o(i.measurements)
    set_control_value                        0x0800548d   Thumb Code    12  main_mpc.o(i.set_control_value)
    write_string                             0x08005499   Thumb Code    54  low_lvl_main.o(i.write_string)
    AHBPrescTable                            0x080054dc   Data          16  system_stm32f7xx.o(.constdata)
    APBPrescTable                            0x080054ec   Data           8  system_stm32f7xx.o(.constdata)
    Region$$Table$$Base                      0x080054f4   Number         0  anon$$obj.o(Region$$Table)
    Region$$Table$$Limit                     0x08005514   Number         0  anon$$obj.o(Region$$Table)
    adc_val                                  0x20000000   Data           8  low_lvl_main.o(.data)
    adc_val_f                                0x20000008   Data           8  low_lvl_main.o(.data)
    adc_val_acc                              0x20000010   Data           8  low_lvl_main.o(.data)
    adc_reg                                  0x20000018   Data           1  low_lvl_main.o(.data)
    led_index                                0x20000019   Data           1  low_lvl_main.o(.data)
    time_measurement                         0x2000001c   Data           4  low_lvl_main.o(.data)
    time_measurement_max                     0x20000020   Data           4  low_lvl_main.o(.data)
    time_measurement_min                     0x20000024   Data           4  low_lvl_main.o(.data)
    str                                      0x200193d0   Data           1  main_mpc.o(.data)
    ready                                    0x200193d4   Data           4  main_mpc.o(.data)
    fb_time                                  0x200193d8   Data           4  main_mpc.o(.data)
    prep_time                                0x200193dc   Data           4  main_mpc.o(.data)
    iteration                                0x200193e0   Data           4  main_mpc.o(.data)
    control_value                            0x200193e4   Data           8  main_mpc.o(.data)
    uwTick                                   0x200193ec   Data           4  stm32f7xx_hal.o(.data)
    SystemCoreClock                          0x200193f0   Data           4  system_stm32f7xx.o(.data)
    hadc3                                    0x200193f4   Data          72  low_lvl_main.o(.bss)
    hdma_adc3                                0x2001943c   Data          96  low_lvl_main.o(.bss)
    hdac                                     0x2001949c   Data          20  low_lvl_main.o(.bss)
    htim2                                    0x200194b0   Data          60  low_lvl_main.o(.bss)
    htim5                                    0x200194ec   Data          60  low_lvl_main.o(.bss)
    huart1                                   0x20019528   Data         112  low_lvl_main.o(.bss)
    adc_val_raw                              0x20019598   Data         800  low_lvl_main.o(.bss)
    measured_values                          0x200198b8   Data          16  main_mpc.o(.bss)
    set_point                                0x200198c8   Data          16  main_mpc.o(.bss)
    U                                        0x200198d8   Data         160  main_mpc.o(.bss)
    X                                        0x20019978   Data          32  main_mpc.o(.bss)
    __initial_sp                             0x2001d998   Data           0  startup_stm32f746xx.o(STACK)



==============================================================================

Memory Map of the image

  Image Entry point : 0x080001c9

  Load Region LR_IROM1 (Base: 0x08000000, Size: 0x0001e908, Max: 0x00100000, ABSOLUTE, COMPRESSED[0x00014240])

    Execution Region ER_IROM1 (Base: 0x08000000, Size: 0x00005514, Max: 0x00100000, ABSOLUTE)

    Base Addr    Size         Type   Attr      Idx    E Section Name        Object

    0x08000000   0x000001c8   Data   RO         3975    RESET               startup_stm32f746xx.o
    0x080001c8   0x00000000   Code   RO         3980  * .ARM.Collect$$$$00000000  mc_w.l(entry.o)
    0x080001c8   0x00000004   Code   RO         4258    .ARM.Collect$$$$00000001  mc_w.l(entry2.o)
    0x080001cc   0x00000004   Code   RO         4261    .ARM.Collect$$$$00000004  mc_w.l(entry5.o)
    0x080001d0   0x00000000   Code   RO         4263    .ARM.Collect$$$$00000008  mc_w.l(entry7b.o)
    0x080001d0   0x00000000   Code   RO         4265    .ARM.Collect$$$$0000000A  mc_w.l(entry8b.o)
    0x080001d0   0x00000008   Code   RO         4266    .ARM.Collect$$$$0000000B  mc_w.l(entry9a.o)
    0x080001d8   0x00000000   Code   RO         4268    .ARM.Collect$$$$0000000D  mc_w.l(entry10a.o)
    0x080001d8   0x00000000   Code   RO         4270    .ARM.Collect$$$$0000000F  mc_w.l(entry11a.o)
    0x080001d8   0x00000004   Code   RO         4259    .ARM.Collect$$$$00002712  mc_w.l(entry2.o)
    0x080001dc   0x00000024   Code   RO         3976    .text               startup_stm32f746xx.o
    0x08000200   0x0000000e   Code   RO         3983    .text               mc_w.l(strlen.o)
    0x0800020e   0x0000014e   Code   RO         4246    .text               mf_w.l(dadd.o)
    0x0800035c   0x000000e4   Code   RO         4248    .text               mf_w.l(dmul.o)
    0x08000440   0x00000026   Code   RO         4250    .text               mf_w.l(f2d.o)
    0x08000466   0x00000002   PAD
    0x08000468   0x00000030   Code   RO         4252    .text               mf_w.l(cdcmple.o)
    0x08000498   0x00000030   Code   RO         4254    .text               mf_w.l(cdrcmple.o)
    0x080004c8   0x00000038   Code   RO         4256    .text               mf_w.l(d2f.o)
    0x08000500   0x0000002c   Code   RO         4275    .text               mc_w.l(uidiv.o)
    0x0800052c   0x00000062   Code   RO         4277    .text               mc_w.l(uldiv.o)
    0x0800058e   0x0000001e   Code   RO         4279    .text               mc_w.l(llshl.o)
    0x080005ac   0x00000024   Code   RO         4281    .text               mc_w.l(llsshr.o)
    0x080005d0   0x00000000   Code   RO         4283    .text               mc_w.l(iusefp.o)
    0x080005d0   0x0000006e   Code   RO         4284    .text               mf_w.l(fepilogue.o)
    0x0800063e   0x000000ba   Code   RO         4286    .text               mf_w.l(depilogue.o)
    0x080006f8   0x000000de   Code   RO         4288    .text               mf_w.l(ddiv.o)
    0x080007d6   0x00000030   Code   RO         4290    .text               mf_w.l(dfixul.o)
    0x08000806   0x00000002   PAD
    0x08000808   0x00000024   Code   RO         4292    .text               mc_w.l(init.o)
    0x0800082c   0x00000020   Code   RO         4295    .text               mc_w.l(llushr.o)
    0x0800084c   0x0000003a   Code   RO         4306    .text               mc_w.l(__dczerorl.o)
    0x08000886   0x0000006e   Code   RO         3375    i.ADC_DMAConvCplt   stm32f7xx_hal_adc.o
    0x080008f4   0x0000001a   Code   RO         3376    i.ADC_DMAError      stm32f7xx_hal_adc.o
    0x0800090e   0x0000000e   Code   RO         3377    i.ADC_DMAHalfConvCplt  stm32f7xx_hal_adc.o
    0x0800091c   0x00000010   Code   RO            4    i.ADC_IRQHandler    stm32f7xx_it.o
    0x0800092c   0x00000178   Code   RO         3378    i.ADC_Init          stm32f7xx_hal_adc.o
    0x08000aa4   0x00000004   Code   RO            5    i.BusFault_Handler  stm32f7xx_it.o
    0x08000aa8   0x00000010   Code   RO            6    i.DMA2_Stream0_IRQHandler  stm32f7xx_it.o
    0x08000ab8   0x00000034   Code   RO         1273    i.DMA_CalcBaseAndBitshift  stm32f7xx_hal_dma.o
    0x08000aec   0x000000ba   Code   RO         1274    i.DMA_CheckFifoParam  stm32f7xx_hal_dma.o
    0x08000ba6   0x0000002c   Code   RO         1275    i.DMA_SetConfig     stm32f7xx_hal_dma.o
    0x08000bd2   0x00000002   Code   RO            7    i.DebugMon_Handler  stm32f7xx_it.o
    0x08000bd4   0x00000004   Code   RO          356    i.Error_Handler     low_lvl_main.o
    0x08000bd8   0x00000002   Code   RO         3549    i.HAL_ADCEx_InjectedConvCpltCallback  stm32f7xx_hal_adc_ex.o
    0x08000bda   0x00000002   PAD
    0x08000bdc   0x000001b4   Code   RO         3380    i.HAL_ADC_ConfigChannel  stm32f7xx_hal_adc.o
    0x08000d90   0x000000b8   Code   RO          357    i.HAL_ADC_ConvCpltCallback  low_lvl_main.o
    0x08000e48   0x00000002   Code   RO         3382    i.HAL_ADC_ConvHalfCpltCallback  stm32f7xx_hal_adc.o
    0x08000e4a   0x00000002   Code   RO         3384    i.HAL_ADC_ErrorCallback  stm32f7xx_hal_adc.o
    0x08000e4c   0x00000174   Code   RO         3388    i.HAL_ADC_IRQHandler  stm32f7xx_hal_adc.o
    0x08000fc0   0x00000068   Code   RO         3389    i.HAL_ADC_Init      stm32f7xx_hal_adc.o
    0x08001028   0x00000002   Code   RO         3390    i.HAL_ADC_LevelOutOfWindowCallback  stm32f7xx_hal_adc.o
    0x0800102a   0x00000002   PAD
    0x0800102c   0x000000a4   Code   RO          219    i.HAL_ADC_MspInit   stm32f7xx_hal_msp.o
    0x080010d0   0x00000100   Code   RO         3395    i.HAL_ADC_Start     stm32f7xx_hal_adc.o
    0x080011d0   0x00000148   Code   RO         3396    i.HAL_ADC_Start_DMA  stm32f7xx_hal_adc.o
    0x08001318   0x0000005a   Code   RO         3237    i.HAL_DAC_ConfigChannel  stm32f7xx_hal_dac.o
    0x08001372   0x00000028   Code   RO         3247    i.HAL_DAC_Init      stm32f7xx_hal_dac.o
    0x0800139a   0x00000002   PAD
    0x0800139c   0x00000050   Code   RO          221    i.HAL_DAC_MspInit   stm32f7xx_hal_msp.o
    0x080013ec   0x0000002c   Code   RO         3250    i.HAL_DAC_SetValue  stm32f7xx_hal_dac.o
    0x08001418   0x0000008c   Code   RO         3251    i.HAL_DAC_Start     stm32f7xx_hal_dac.o
    0x080014a4   0x00000028   Code   RO         1277    i.HAL_DMA_Abort_IT  stm32f7xx_hal_dma.o
    0x080014cc   0x00000248   Code   RO         1281    i.HAL_DMA_IRQHandler  stm32f7xx_hal_dma.o
    0x08001714   0x000000e8   Code   RO         1282    i.HAL_DMA_Init      stm32f7xx_hal_dma.o
    0x080017fc   0x0000009e   Code   RO         1286    i.HAL_DMA_Start_IT  stm32f7xx_hal_dma.o
    0x0800189a   0x0000001a   Code   RO          973    i.HAL_Delay         stm32f7xx_hal.o
    0x080018b4   0x00000218   Code   RO         2659    i.HAL_GPIO_Init     stm32f7xx_hal_gpio.o
    0x08001acc   0x0000000c   Code   RO         2663    i.HAL_GPIO_WritePin  stm32f7xx_hal_gpio.o
    0x08001ad8   0x0000000c   Code   RO          981    i.HAL_GetTick       stm32f7xx_hal.o
    0x08001ae4   0x00000010   Code   RO          982    i.HAL_IncTick       stm32f7xx_hal.o
    0x08001af4   0x00000016   Code   RO          983    i.HAL_Init          stm32f7xx_hal.o
    0x08001b0a   0x00000002   PAD
    0x08001b0c   0x00000028   Code   RO          984    i.HAL_InitTick      stm32f7xx_hal.o
    0x08001b34   0x00000056   Code   RO          222    i.HAL_MspInit       stm32f7xx_hal_msp.o
    0x08001b8a   0x0000001a   Code   RO         1766    i.HAL_NVIC_EnableIRQ  stm32f7xx_hal_cortex.o
    0x08001ba4   0x0000007c   Code   RO         1772    i.HAL_NVIC_SetPriority  stm32f7xx_hal_cortex.o
    0x08001c20   0x00000028   Code   RO         1773    i.HAL_NVIC_SetPriorityGrouping  stm32f7xx_hal_cortex.o
    0x08001c48   0x00000090   Code   RO         1532    i.HAL_PWREx_EnableOverDrive  stm32f7xx_hal_pwr_ex.o
    0x08001cd8   0x00000918   Code   RO         1729    i.HAL_RCCEx_PeriphCLKConfig  stm32f7xx_hal_rcc_ex.o
    0x080025f0   0x000001b4   Code   RO         1421    i.HAL_RCC_ClockConfig  stm32f7xx_hal_rcc.o
    0x080027a4   0x0000000c   Code   RO         1426    i.HAL_RCC_GetHCLKFreq  stm32f7xx_hal_rcc.o
    0x080027b0   0x0000002c   Code   RO         1428    i.HAL_RCC_GetPCLK1Freq  stm32f7xx_hal_rcc.o
    0x080027dc   0x0000002c   Code   RO         1429    i.HAL_RCC_GetPCLK2Freq  stm32f7xx_hal_rcc.o
    0x08002808   0x000000b4   Code   RO         1430    i.HAL_RCC_GetSysClockFreq  stm32f7xx_hal_rcc.o
    0x080028bc   0x000004c0   Code   RO         1433    i.HAL_RCC_OscConfig  stm32f7xx_hal_rcc.o
    0x08002d7c   0x00000028   Code   RO         1775    i.HAL_SYSTICK_CLKSourceConfig  stm32f7xx_hal_cortex.o
    0x08002da4   0x00000002   Code   RO         1776    i.HAL_SYSTICK_Callback  stm32f7xx_hal_cortex.o
    0x08002da6   0x00000034   Code   RO         1777    i.HAL_SYSTICK_Config  stm32f7xx_hal_cortex.o
    0x08002dda   0x00000008   Code   RO         1778    i.HAL_SYSTICK_IRQHandler  stm32f7xx_hal_cortex.o
    0x08002de2   0x00000002   Code   RO          693    i.HAL_TIMEx_BreakCallback  stm32f7xx_hal_tim_ex.o
    0x08002de4   0x00000002   Code   RO          694    i.HAL_TIMEx_CommutationCallback  stm32f7xx_hal_tim_ex.o
    0x08002de6   0x00000002   PAD
    0x08002de8   0x0000006c   Code   RO          711    i.HAL_TIMEx_MasterConfigSynchronization  stm32f7xx_hal_tim_ex.o
    0x08002e54   0x0000002e   Code   RO         2013    i.HAL_TIM_Base_Init  stm32f7xx_hal_tim.o
    0x08002e82   0x00000002   Code   RO         2015    i.HAL_TIM_Base_MspInit  stm32f7xx_hal_tim.o
    0x08002e84   0x0000001e   Code   RO         2018    i.HAL_TIM_Base_Start_IT  stm32f7xx_hal_tim.o
    0x08002ea2   0x00000002   Code   RO         2042    i.HAL_TIM_IC_CaptureCallback  stm32f7xx_hal_tim.o
    0x08002ea4   0x000001b8   Code   RO         2055    i.HAL_TIM_IRQHandler  stm32f7xx_hal_tim.o
    0x0800305c   0x00000094   Code   RO          730    i.HAL_TIM_OC_ConfigChannel  stm32f7xx_hal_tim_ex.o
    0x080030f0   0x00000002   Code   RO         2058    i.HAL_TIM_OC_DelayElapsedCallback  stm32f7xx_hal_tim.o
    0x080030f2   0x00000034   Code   RO         2060    i.HAL_TIM_OC_Init   stm32f7xx_hal_tim.o
    0x08003126   0x00000002   PAD
    0x08003128   0x00000068   Code   RO          224    i.HAL_TIM_OC_MspInit  stm32f7xx_hal_msp.o
    0x08003190   0x00000002   Code   RO         2085    i.HAL_TIM_PWM_PulseFinishedCallback  stm32f7xx_hal_tim.o
    0x08003192   0x00000002   PAD
    0x08003194   0x00000014   Code   RO          464    i.HAL_TIM_PeriodElapsedCallback  main_mpc.o
    0x080031a8   0x00000002   Code   RO         2096    i.HAL_TIM_TriggerCallback  stm32f7xx_hal_tim.o
    0x080031aa   0x00000002   Code   RO         3665    i.HAL_UART_ErrorCallback  stm32f7xx_hal_uart.o
    0x080031ac   0x00000014   Code   RO         3667    i.HAL_UART_GetState  stm32f7xx_hal_uart.o
    0x080031c0   0x0000015c   Code   RO         3668    i.HAL_UART_IRQHandler  stm32f7xx_hal_uart.o
    0x0800331c   0x00000078   Code   RO         3669    i.HAL_UART_Init     stm32f7xx_hal_uart.o
    0x08003394   0x00000068   Code   RO          226    i.HAL_UART_MspInit  stm32f7xx_hal_msp.o
    0x080033fc   0x00000002   Code   RO         3675    i.HAL_UART_RxCpltCallback  stm32f7xx_hal_uart.o
    0x080033fe   0x0000005a   Code   RO         3679    i.HAL_UART_Transmit_IT  stm32f7xx_hal_uart.o
    0x08003458   0x00000002   Code   RO         3680    i.HAL_UART_TxCpltCallback  stm32f7xx_hal_uart.o
    0x0800345a   0x00000008   Code   RO            8    i.HardFault_Handler  stm32f7xx_it.o
    0x08003462   0x00000002   PAD
    0x08003464   0x00000070   Code   RO          358    i.MX_ADC3_Init      low_lvl_main.o
    0x080034d4   0x00000044   Code   RO          359    i.MX_DAC_Init       low_lvl_main.o
    0x08003518   0x00000034   Code   RO          360    i.MX_DMA_Init       low_lvl_main.o
    0x0800354c   0x000001c8   Code   RO          361    i.MX_GPIO_Init      low_lvl_main.o
    0x08003714   0x00000064   Code   RO          362    i.MX_TIM2_Init      low_lvl_main.o
    0x08003778   0x00000060   Code   RO          363    i.MX_TIM5_Init      low_lvl_main.o
    0x080037d8   0x00000040   Code   RO          364    i.MX_USART1_UART_Init  low_lvl_main.o
    0x08003818   0x00000004   Code   RO            9    i.MemManage_Handler  stm32f7xx_it.o
    0x0800381c   0x00000002   Code   RO           10    i.NMI_Handler       stm32f7xx_it.o
    0x0800381e   0x00000002   PAD
    0x08003820   0x00000010   Code   RO         1779    i.NVIC_GetPriorityGrouping  stm32f7xx_hal_cortex.o
    0x08003830   0x00000028   Code   RO         1780    i.NVIC_SetPriority  stm32f7xx_hal_cortex.o
    0x08003858   0x00000002   Code   RO           11    i.PendSV_Handler    stm32f7xx_it.o
    0x0800385a   0x00000002   Code   RO           12    i.SVC_Handler       stm32f7xx_it.o
    0x0800385c   0x0000000c   Code   RO           13    i.SysTick_Handler   stm32f7xx_it.o
    0x08003868   0x000000d8   Code   RO          365    i.SystemClock_Config  low_lvl_main.o
    0x08003940   0x00000064   Code   RO         3940    i.SystemInit        system_stm32f7xx.o
    0x080039a4   0x00000010   Code   RO           14    i.TIM2_IRQHandler   stm32f7xx_it.o
    0x080039b4   0x000000e4   Code   RO         2097    i.TIM_Base_SetConfig  stm32f7xx_hal_tim.o
    0x08003a98   0x00000074   Code   RO         2106    i.TIM_OC1_SetConfig  stm32f7xx_hal_tim.o
    0x08003b0c   0x0000007c   Code   RO         2107    i.TIM_OC2_SetConfig  stm32f7xx_hal_tim.o
    0x08003b88   0x0000007c   Code   RO         2108    i.TIM_OC3_SetConfig  stm32f7xx_hal_tim.o
    0x08003c04   0x00000064   Code   RO         2109    i.TIM_OC4_SetConfig  stm32f7xx_hal_tim.o
    0x08003c68   0x00000058   Code   RO          734    i.TIM_OC5_SetConfig  stm32f7xx_hal_tim_ex.o
    0x08003cc0   0x00000058   Code   RO          735    i.TIM_OC6_SetConfig  stm32f7xx_hal_tim_ex.o
    0x08003d18   0x000000ea   Code   RO         3682    i.UART_AdvFeatureConfig  stm32f7xx_hal_uart.o
    0x08003e02   0x00000074   Code   RO         3683    i.UART_CheckIdleState  stm32f7xx_hal_uart.o
    0x08003e76   0x00000018   Code   RO         3684    i.UART_DMAAbortOnError  stm32f7xx_hal_uart.o
    0x08003e8e   0x00000020   Code   RO         3690    i.UART_EndRxTransfer  stm32f7xx_hal_uart.o
    0x08003eae   0x00000020   Code   RO         3691    i.UART_EndTransmit_IT  stm32f7xx_hal_uart.o
    0x08003ece   0x00000088   Code   RO         3693    i.UART_Receive_IT   stm32f7xx_hal_uart.o
    0x08003f56   0x00000002   PAD
    0x08003f58   0x0000038c   Code   RO         3694    i.UART_SetConfig    stm32f7xx_hal_uart.o
    0x080042e4   0x0000006a   Code   RO         3695    i.UART_Transmit_IT  stm32f7xx_hal_uart.o
    0x0800434e   0x0000006c   Code   RO         3696    i.UART_WaitOnFlagUntilTimeout  stm32f7xx_hal_uart.o
    0x080043ba   0x00000002   PAD
    0x080043bc   0x00000010   Code   RO           15    i.USART1_IRQHandler  stm32f7xx_it.o
    0x080043cc   0x00000004   Code   RO           16    i.UsageFault_Handler  stm32f7xx_it.o
    0x080043d0   0x00000028   Code   RO         4220    i.__0sprintf        mc_w.l(printfa.o)
    0x080043f8   0x00000008   Code   RO          366    i.__measureOutput   low_lvl_main.o
    0x08004400   0x0000000e   Code   RO         4300    i.__scatterload_copy  mc_w.l(handlers.o)
    0x0800440e   0x00000002   Code   RO         4301    i.__scatterload_null  mc_w.l(handlers.o)
    0x08004410   0x0000000e   Code   RO         4302    i.__scatterload_zeroinit  mc_w.l(handlers.o)
    0x0800441e   0x00000002   PAD
    0x08004420   0x00000054   Code   RO          367    i.__setControlValue  low_lvl_main.o
    0x08004474   0x00000164   Code   RO         4225    i._fp_digits        mc_w.l(printfa.o)
    0x080045d8   0x000006dc   Code   RO         4226    i._printf_core      mc_w.l(printfa.o)
    0x08004cb4   0x00000024   Code   RO         4227    i._printf_post_padding  mc_w.l(printfa.o)
    0x08004cd8   0x0000002e   Code   RO         4228    i._printf_pre_padding  mc_w.l(printfa.o)
    0x08004d06   0x0000000a   Code   RO         4230    i._sputc            mc_w.l(printfa.o)
    0x08004d10   0x00000054   Code   RO          465    i.change_setpoint   main_mpc.o
    0x08004d64   0x00000304   Code   RO          466    i.controller        main_mpc.o
    0x08005068   0x00000002   Code   RO          467    i.controller_setup  main_mpc.o
    0x0800506a   0x00000002   PAD
    0x0800506c   0x00000040   Code   RO          468    i.controls          main_mpc.o
    0x080050ac   0x00000040   Code   RO          368    i.emergency_write_string  low_lvl_main.o
    0x080050ec   0x00000008   Code   RO          470    i.hardware_setup    main_mpc.o
    0x080050f4   0x00000100   Code   RO          471    i.idle              main_mpc.o
    0x080051f4   0x00000130   Code   RO          472    i.loop              main_mpc.o
    0x08005324   0x0000009c   Code   RO          369    i.low_lvl_main      low_lvl_main.o
    0x080053c0   0x00000090   Code   RO          473    i.main              main_mpc.o
    0x08005450   0x00000008   Code   RO          474    i.measureOutput     main_mpc.o
    0x08005458   0x00000034   Code   RO          475    i.measurements      main_mpc.o
    0x0800548c   0x0000000c   Code   RO          476    i.set_control_value  main_mpc.o
    0x08005498   0x0000003c   Code   RO          370    i.write_string      low_lvl_main.o
    0x080054d4   0x00000008   Data   RO         1288    .constdata          stm32f7xx_hal_dma.o
    0x080054dc   0x00000018   Data   RO         3941    .constdata          system_stm32f7xx.o
    0x080054f4   0x00000020   Data   RO         4298    Region$$Table       anon$$obj.o


    Execution Region RW_IRAM1 (Base: 0x20000000, Size: 0x0001d998, Max: 0x00050000, ABSOLUTE, COMPRESSED[0x0000ed2c])

    Base Addr    Size         Type   Attr      Idx    E Section Name        Object

    0x20000000   0x00000038   Data   RW          372    .data               low_lvl_main.o
    0x20000038   0x000193b4   Data   RW          478    .data               main_mpc.o
    0x200193ec   0x00000004   Data   RW          989    .data               stm32f7xx_hal.o
    0x200193f0   0x00000004   Data   RW         3942    .data               system_stm32f7xx.o
    0x200193f4   0x000004c4   Zero   RW          371    .bss                low_lvl_main.o
    0x200198b8   0x000000e0   Zero   RW          477    .bss                main_mpc.o
    0x20019998   0x00004000   Zero   RW         3973    STACK               startup_stm32f746xx.o


==============================================================================

Image component sizes


      Code (inc. data)   RO Data    RW Data    ZI Data      Debug   Object Name

      1724        168          0         56       1220      11194   low_lvl_main.o
      1726        190          0     103348        224     310511   main_mpc.o
        36          8        456          0      16384        880   startup_stm32f746xx.o
       116         14          0          4          0       4311   stm32f7xx_hal.o
      2028         86          0          0          0       9918   stm32f7xx_hal_adc.o
         2          0          0          0          0       1157   stm32f7xx_hal_adc_ex.o
       348         22          0          0          0      38421   stm32f7xx_hal_cortex.o
       314          0          0          0          0       3946   stm32f7xx_hal_dac.o
      1296         20          8          0          0       6838   stm32f7xx_hal_dma.o
       548         52          0          0          0       2660   stm32f7xx_hal_gpio.o
       538         56          0          0          0       4066   stm32f7xx_hal_msp.o
       144          8          0          0          0       1428   stm32f7xx_hal_pwr_ex.o
      1932         64          0          0          0       5960   stm32f7xx_hal_rcc.o
      2328         26          0          0          0       2412   stm32f7xx_hal_rcc_ex.o
      1270         96          0          0          0      11168   stm32f7xx_hal_tim.o
       436         36          0          0          0       5369   stm32f7xx_hal_tim_ex.o
      2280         54          0          0          0      13267   stm32f7xx_hal_uart.o
       104         24          0          0          0     434871   stm32f7xx_it.o
       100         18         24          4          0       1623   system_stm32f7xx.o

    ----------------------------------------------------------------------
     17294        942        520     103412      17828     870000   Object Totals
         0          0         32          0          0          0   (incl. Generated)
        24          0          0          0          0          0   (incl. Padding)

    ----------------------------------------------------------------------

      Code (inc. data)   RO Data    RW Data    ZI Data      Debug   Library Member Name

        58          0          0          0          0          0   __dczerorl.o
         0          0          0          0          0          0   entry.o
         0          0          0          0          0          0   entry10a.o
         0          0          0          0          0          0   entry11a.o
         8          4          0          0          0          0   entry2.o
         4          0          0          0          0          0   entry5.o
         0          0          0          0          0          0   entry7b.o
         0          0          0          0          0          0   entry8b.o
         8          4          0          0          0          0   entry9a.o
        30          0          0          0          0          0   handlers.o
        36          8          0          0          0         68   init.o
         0          0          0          0          0          0   iusefp.o
        30          0          0          0          0         68   llshl.o
        36          0          0          0          0         68   llsshr.o
        32          0          0          0          0         68   llushr.o
      2244         86          0          0          0        512   printfa.o
        14          0          0          0          0         68   strlen.o
        44          0          0          0          0         80   uidiv.o
        98          0          0          0          0         92   uldiv.o
        48          0          0          0          0         68   cdcmple.o
        48          0          0          0          0         68   cdrcmple.o
        56          0          0          0          0         88   d2f.o
       334          0          0          0          0        148   dadd.o
       222          0          0          0          0        100   ddiv.o
       186          0          0          0          0        176   depilogue.o
        48          0          0          0          0         68   dfixul.o
       228          0          0          0          0         96   dmul.o
        38          0          0          0          0         68   f2d.o
       110          0          0          0          0        168   fepilogue.o

    ----------------------------------------------------------------------
      3966        102          0          0          0       2072   Library Totals
         6          0          0          0          0          0   (incl. Padding)

    ----------------------------------------------------------------------

      Code (inc. data)   RO Data    RW Data    ZI Data      Debug   Library Name

      2642        102          0          0          0       1024   mc_w.l
      1318          0          0          0          0       1048   mf_w.l

    ----------------------------------------------------------------------
      3966        102          0          0          0       2072   Library Totals

    ----------------------------------------------------------------------

==============================================================================


      Code (inc. data)   RO Data    RW Data    ZI Data      Debug   

     21260       1044        520     103412      17828     859016   Grand Totals
     21260       1044        520      60716      17828     859016   ELF Image Totals (compressed)
     21260       1044        520      60716          0          0   ROM Totals

==============================================================================

    Total RO  Size (Code + RO Data)                21780 (  21.27kB)
    Total RW  Size (RW Data + ZI Data)            121240 ( 118.40kB)
    Total ROM Size (Code + RO Data + RW Data)      82496 (  80.56kB)

==============================================================================

