<html>
<body>
<pre>
<h1>µVision Build Log</h1>
<h2>Tool Versions:</h2>
IDE-Version: µVision V5.17.0.0
Copyright (C) 2015 ARM Ltd and ARM Germany GmbH. All rights reserved.
License Information: Patryk Chaber Warsaw University of Science Flex license: MDK-ARM Professional: 100 user(s) (mdk_pro) Operation stops: 1 Jun 2018
 
Tool Versions:
Toolchain:       MDK-ARM Professional: 100 user(s)  Version: 5.17
Toolchain Path:  C:\Keil_v5\ARM\ARMCC\Bin
C Compiler:      Armcc.exe V5.06 update 1 (build 61)
Assembler:       Armasm.exe V5.06 update 1 (build 61)
Linker/Locator:  ArmLink.exe V5.06 update 1 (build 61)
Library Manager: ArmAr.exe V5.06 update 1 (build 61)
Hex Converter:   FromElf.exe V5.06 update 1 (build 61)
CPU DLL:         SARMCM3.DLL V5.17
Dialog DLL:      DCM.DLL V1.13.4.0
Target DLL:      Segger\JL2CM3.dll V2.99.16.0
Dialog DLL:      TCM.DLL V1.14.6.0
 
<h2>Project:</h2>
C:\Users\Admin\Documents\GitHub\Cpp\Kompilator_skrosny\ExampleForDoktorat_Simulation_MATLAB_CODER\Autogenerated_Controller\MDK-ARM\Autogenerated_Controller.uvprojx
Project File Date:  05/16/2018

<h2>Output:</h2>
*** Using Compiler 'V5.06 update 1 (build 61)', folder: 'C:\Keil_v5\ARM\ARMCC\Bin'
Build target 'Autogenerated_Controller'
compiling dmc_a_coder_terminate.c...
compiling dmc_a_coder_initialize.c...
compiling rt_nonfinite.c...
compiling dmc_a_coder_emxutil.c...
compiling dmc_a_coder_emxAPI.c...
compiling dmc_a_coder.c...
compiling rtGetInf.c...
compiling rtGetNaN.c...
compiling main_mpc.c...
..\Src\main_mpc.c(202): warning:  #111-D: statement is unreachable
  		return 0;
..\Src\main_mpc.c: 1 warning, 0 errors
linking...
Program Size: Code=22268 RO-data=856 RW-data=164 ZI-data=148796  
"Open746I-Regulator\Autogenerated_Controller.axf" - 0 Error(s), 1 Warning(s).

<h2>Software Packages used:</h2>

Package Vendor: ARM
                http://www.keil.com/pack/ARM.CMSIS.5.3.0.pack
                ARM::CMSIS:CORE:5.1.1
                CMSIS (Cortex Microcontroller Software Interface Standard)
   * Component: CORE Version: 5.1.1

<h2>Collection of Component include folders:</h2>
  C:\Users\Admin\Documents\GitHub\Cpp\Kompilator_skrosny\ExampleForDoktorat_Simulation_MATLAB_CODER\Autogenerated_Controller\MDK-ARM\RTE
  C:\Keil_v5\ARM\PACK\ARM\CMSIS\5.3.0\CMSIS\Include
  C:\Keil_v5\ARM\PACK\Keil\STM32F7xx_DFP\2.9.0\Drivers\CMSIS\Device\ST\STM32F7xx\Include

<h2>Collection of Component Files used:</h2>

   * Component: ARM::CMSIS:CORE:5.1.1
Build Time Elapsed:  00:00:02
</pre>
</body>
</html>
